Archive member included because of file (symbol)

.\CortexM3\ARM_GCC_473\Debug\Design02.a(cyfitter_cfg.o)
                              .\CortexM3\ARM_GCC_473\Debug\Cm3Start.o (cyfitter_cfg)
.\CortexM3\ARM_GCC_473\Debug\Design02.a(PWM_1.o)
                              .\CortexM3\ARM_GCC_473\Debug\main.o (PWM_1_Start)
.\CortexM3\ARM_GCC_473\Debug\Design02.a(Enable_1.o)
                              .\CortexM3\ARM_GCC_473\Debug\main.o (Enable_1_Write)
.\CortexM3\ARM_GCC_473\Debug\Design02.a(Enable_2.o)
                              .\CortexM3\ARM_GCC_473\Debug\main.o (Enable_2_Write)
.\CortexM3\ARM_GCC_473\Debug\Design02.a(ePin.o)
                              .\CortexM3\ARM_GCC_473\Debug\main.o (ePin_Read)
.\CortexM3\ARM_GCC_473\Debug\Design02.a(CyBootAsmGnu.o)
                              .\CortexM3\ARM_GCC_473\Debug\Design02.a(cyfitter_cfg.o) (CyDelayCycles)
.\CortexM3\ARM_GCC_473\Debug\Design02.a(CyLib.o)
                              .\CortexM3\ARM_GCC_473\Debug\Cm3Start.o (CyResetStatus)
.\CortexM3\ARM_GCC_473\Debug\Design02.a(cyPm.o)
                              .\CortexM3\ARM_GCC_473\Debug\Design02.a(CyLib.o) (CyPmReadStatus)
.\CortexM3\ARM_GCC_473\Debug\Design02.a(PWM_2.o)
                              .\CortexM3\ARM_GCC_473\Debug\main.o (PWM_2_Start)
.\CortexM3\ARM_GCC_473\Debug\Design02.a(Timer_2.o)
                              .\CortexM3\ARM_GCC_473\Debug\main.o (Timer_2_Start)
.\CortexM3\ARM_GCC_473\Debug\Design02.a(isr_1.o)
                              .\CortexM3\ARM_GCC_473\Debug\main.o (isr_1_StartEx)
.\CortexM3\ARM_GCC_473\Debug\Design02.a(UART_1.o)
                              .\CortexM3\ARM_GCC_473\Debug\main.o (UART_1_Start)
.\CortexM3\ARM_GCC_473\Debug\Design02.a(UART_1_IntClock.o)
                              .\CortexM3\ARM_GCC_473\Debug\Design02.a(UART_1.o) (UART_1_IntClock_Start)
.\CortexM3\ARM_GCC_473\Debug\Design02.a(isr_3.o)
                              .\CortexM3\ARM_GCC_473\Debug\main.o (isr_3_StartEx)
.\CortexM3\ARM_GCC_473\Debug\Design02.a(Timer_3.o)
                              .\CortexM3\ARM_GCC_473\Debug\main.o (Timer_3_WritePeriod)
.\CortexM3\ARM_GCC_473\Debug\Design02.a(PWM_3.o)
                              .\CortexM3\ARM_GCC_473\Debug\main.o (PWM_3_Start)
.\CortexM3\ARM_GCC_473\Debug\Design02.a(PWM_4.o)
                              .\CortexM3\ARM_GCC_473\Debug\main.o (PWM_4_Start)
.\CortexM3\ARM_GCC_473\Debug\Design02.a(UART_2.o)
                              .\CortexM3\ARM_GCC_473\Debug\main.o (UART_2_Start)
.\CortexM3\ARM_GCC_473\Debug\Design02.a(UART_2_INT.o)
                              .\CortexM3\ARM_GCC_473\Debug\Design02.a(UART_2.o) (UART_2_RXISR)
.\CortexM3\ARM_GCC_473\Debug\Design02.a(UART_2_IntClock.o)
                              .\CortexM3\ARM_GCC_473\Debug\Design02.a(UART_2.o) (UART_2_IntClock_Start)
.\CortexM3\ARM_GCC_473\Debug\Design02.a(Enable_3.o)
                              .\CortexM3\ARM_GCC_473\Debug\main.o (Enable_3_Write)
.\CortexM3\ARM_GCC_473\Debug\Design02.a(Enable_4.o)
                              .\CortexM3\ARM_GCC_473\Debug\main.o (Enable_4_Write)
.\CortexM3\ARM_GCC_473\Debug\Design02.a(foot12.o)
                              .\CortexM3\ARM_GCC_473\Debug\main.o (foot12_Read)
.\CortexM3\ARM_GCC_473\Debug\Design02.a(foot34.o)
                              .\CortexM3\ARM_GCC_473\Debug\main.o (foot34_Read)
.\CortexM3\ARM_GCC_473\Debug\Design02.a(Counter_3.o)
                              .\CortexM3\ARM_GCC_473\Debug\main.o (Counter_3_Start)
.\CortexM3\ARM_GCC_473\Debug\Design02.a(Enable_5.o)
                              .\CortexM3\ARM_GCC_473\Debug\main.o (Enable_5_Write)
.\CortexM3\ARM_GCC_473\Debug\Design02.a(Enable_6.o)
                              .\CortexM3\ARM_GCC_473\Debug\main.o (Enable_6_Write)
.\CortexM3\ARM_GCC_473\Debug\Design02.a(foot78.o)
                              .\CortexM3\ARM_GCC_473\Debug\main.o (foot78_Read)
.\CortexM3\ARM_GCC_473\Debug\Design02.a(foot56.o)
                              .\CortexM3\ARM_GCC_473\Debug\main.o (foot56_Read)
.\CortexM3\ARM_GCC_473\Debug\Design02.a(Counter_1.o)
                              .\CortexM3\ARM_GCC_473\Debug\main.o (Counter_1_Start)
.\CortexM3\ARM_GCC_473\Debug\Design02.a(Counter_2.o)
                              .\CortexM3\ARM_GCC_473\Debug\main.o (Counter_2_Start)
.\CortexM3\ARM_GCC_473\Debug\Design02.a(Counter_4.o)
                              .\CortexM3\ARM_GCC_473\Debug\main.o (Counter_4_Start)
.\CortexM3\ARM_GCC_473\Debug\Design02.a(Counter_5.o)
                              .\CortexM3\ARM_GCC_473\Debug\main.o (Counter_5_Start)
.\CortexM3\ARM_GCC_473\Debug\Design02.a(Counter_6.o)
                              .\CortexM3\ARM_GCC_473\Debug\main.o (Counter_6_Start)
.\CortexM3\ARM_GCC_473\Debug\Design02.a(Counter_7.o)
                              .\CortexM3\ARM_GCC_473\Debug\main.o (Counter_7_Start)
.\CortexM3\ARM_GCC_473\Debug\Design02.a(Counter_8.o)
                              .\CortexM3\ARM_GCC_473\Debug\main.o (Counter_8_Start)
[...]
Memory Configuration

Name             Origin             Length             Attributes
rom              0x00000000         0x00040000         xr
ram              0x1fff8000         0x00010000         xrw
*default*        0x00000000         0xffffffff

Linker script and memory map

LOAD c:/program files (x86)/cypress/psoc creator/3.0/psoc creator/import/gnu_cs/arm/4.7.3/bin/../lib/gcc/arm-none-eabi/4.7.3/armv7-m/crti.o
LOAD c:/program files (x86)/cypress/psoc creator/3.0/psoc creator/import/gnu_cs/arm/4.7.3/bin/../lib/gcc/arm-none-eabi/4.7.3/armv7-m/crtbegin.o
LOAD c:/program files (x86)/cypress/psoc creator/3.0/psoc creator/import/gnu_cs/arm/4.7.3/bin/../lib/gcc/arm-none-eabi/4.7.3/../../../../arm-none-eabi/lib/armv7-m/crt0.o
START GROUP
LOAD .\CortexM3\ARM_GCC_473\Debug\main.o
LOAD .\CortexM3\ARM_GCC_473\Debug\cymetadata.o
LOAD .\CortexM3\ARM_GCC_473\Debug\Cm3Start.o
LOAD .\CortexM3\ARM_GCC_473\Debug\Design02.a
LOAD C:\Program Files (x86)\Cypress\PSoC Creator\3.0\PSoC Creator\psoc\content\cycomponentlibrary\CyComponentLibrary.cylib\CortexM3\ARM_GCC_473\Debug\CyComponentLibrary.a
END GROUP
START GROUP
LOAD c:/program files (x86)/cypress/psoc creator/3.0/psoc creator/import/gnu_cs/arm/4.7.3/bin/../lib/gcc/arm-none-eabi/4.7.3/armv7-m\libgcc.a
LOAD c:/program files (x86)/cypress/psoc creator/3.0/psoc creator/import/gnu_cs/arm/4.7.3/bin/../lib/gcc/arm-none-eabi/4.7.3/../../../../arm-none-eabi/lib/armv7-m\libc_s.a
END GROUP
LOAD c:/program files (x86)/cypress/psoc creator/3.0/psoc creator/import/gnu_cs/arm/4.7.3/bin/../lib/gcc/arm-none-eabi/4.7.3/armv7-m/crtend.o
LOAD c:/program files (x86)/cypress/psoc creator/3.0/psoc creator/import/gnu_cs/arm/4.7.3/bin/../lib/gcc/arm-none-eabi/4.7.3/armv7-m/crtn.o
START GROUP
LOAD c:/program files (x86)/cypress/psoc creator/3.0/psoc creator/import/gnu_cs/arm/4.7.3/bin/../lib/gcc/arm-none-eabi/4.7.3/armv7-m\libgcc.a
LOAD c:/program files (x86)/cypress/psoc creator/3.0/psoc creator/import/gnu_cs/arm/4.7.3/bin/../lib/gcc/arm-none-eabi/4.7.3/../../../../arm-none-eabi/lib/armv7-m\libc.a
LOAD c:/program files (x86)/cypress/psoc creator/3.0/psoc creator/import/gnu_cs/arm/4.7.3/bin/../lib/gcc/arm-none-eabi/4.7.3/../../../../arm-none-eabi/lib/armv7-m\libnosys.a
END GROUP
                0x00000000                CY_APPL_ORIGIN = 0x0
                0x00000100                CY_FLASH_ROW_SIZE = 0x100
                0x00000020                CY_ECC_ROW_SIZE = 0x20
                0x00000000                CY_EE_IN_BTLDR = 0x0
                0x00000000                CY_APPL_LOADABLE = 0x0
                0x00000800                CY_EE_SIZE = 0x800
                0x00000001                CY_APPL_NUM = 0x1
                0x00000001                CY_APPL_MAX = 0x1
                0x00000040                CY_METADATA_SIZE = 0x40
                0x1fff8450                PROVIDE (__cy_heap_start, _end)
                0x00000001                PROVIDE (__cy_region_num, ((__cy_regions_end - __cy_regions) / 0x10))
                0x20008000                PROVIDE (__cy_stack, (ORIGIN (ram) + 0x10000))
                0x20004000                PROVIDE (__cy_heap_end, (__cy_stack - 0x4000))

.cybootloader   0x00000000        0x0
 *(.cybootloader)
                0x00000000                appl1_start = CY_APPL_ORIGIN?CY_APPL_ORIGIN:ALIGN (CY_FLASH_ROW_SIZE)
                0x0001ff00                appl2_start = (appl1_start + ALIGN ((((0x40000 - appl1_start) - (0x2 * CY_FLASH_ROW_SIZE)) / 0x2), CY_FLASH_ROW_SIZE))
                0x00000000                appl_start = (CY_APPL_NUM == 0x1)?appl1_start:appl2_start
                0x00000000                ecc_offset = ((appl_start / CY_FLASH_ROW_SIZE) * CY_ECC_ROW_SIZE)
                0x00000000                ee_offset = (CY_APPL_LOADABLE && ! (CY_EE_IN_BTLDR))?((CY_EE_SIZE / CY_APPL_MAX) * (CY_APPL_NUM - 0x1)):0x0
                0x00000800                ee_size = (CY_APPL_LOADABLE && ! (CY_EE_IN_BTLDR))?(CY_EE_SIZE / CY_APPL_MAX):CY_EE_SIZE
                0x00000000                PROVIDE (CY_ECC_OFFSET, ecc_offset)

.text           0x00000000     0x8280
 CREATE_OBJECT_SYMBOLS
                0x00000000                PROVIDE (__cy_interrupt_vector, RomVectors)
 *(.romvectors)
 .romvectors    0x00000000       0x10 .\CortexM3\ARM_GCC_473\Debug\Cm3Start.o
                0x00000000                RomVectors
                0x00000001                ASSERT ((. != __cy_interrupt_vector), No interrupt vector)
                0x00000001                ASSERT (CY_APPL_ORIGIN?(SIZEOF (.cybootloader) <= CY_APPL_ORIGIN):0x1, Wrong image location)
                0x00000010                PROVIDE (__cy_reset, Reset)
 *(.text.Reset)
 .text.Reset    0x00000010       0x1c .\CortexM3\ARM_GCC_473\Debug\Cm3Start.o
                0x00000010                Reset
                0x00000001                ASSERT ((. != __cy_reset), No reset code)
 *(.dma_init)
                0x00000001                ASSERT ((((appl_start + .) <= 0x10000) || 0x1), DMA Init must be within the first 64k of flash)
 *(.text .text.* .gnu.linkonce.t.*)
 .text          0x0000002c       0x54 c:/program files (x86)/cypress/psoc creator/3.0/psoc creator/import/gnu_cs/arm/4.7.3/bin/../lib/gcc/arm-none-eabi/4.7.3/armv7-m/crtbegin.o
 .text.Print32  0x00000080       0x38 .\CortexM3\ARM_GCC_473\Debug\main.o
                0x00000080                Print32
 .text.round_integer
                0x000000b8       0x7c .\CortexM3\ARM_GCC_473\Debug\main.o
                0x000000b8                round_integer
 .text.Index_ISR_1
                0x00000134      0x258 .\CortexM3\ARM_GCC_473\Debug\main.o
                0x00000134                Index_ISR_1
 .text.Index_ISR_3
                0x0000038c       0xc4 .\CortexM3\ARM_GCC_473\Debug\main.o
                0x0000038c                Index_ISR_3
 .text.main     0x00000450     0x37b8 .\CortexM3\ARM_GCC_473\Debug\main.o
                0x00000450                main
 .text.IntDefaultHandler
                0x00003c08        0x8 .\CortexM3\ARM_GCC_473\Debug\Cm3Start.o
                0x00003c08                IntDefaultHandler
 .text.Start_c  0x00003c10       0xcc .\CortexM3\ARM_GCC_473\Debug\Cm3Start.o
                0x00003c10                Start_c
 .text.initialize_psoc
                0x00003cdc       0xb4 .\CortexM3\ARM_GCC_473\Debug\Cm3Start.o
                0x00003cdc                initialize_psoc
 .text.CYMEMZERO
                0x00003d90       0x20 .\CortexM3\ARM_GCC_473\Debug\Design02.a(cyfitter_cfg.o)
 .text.CYCONFIGCPY
                0x00003db0       0x20 .\CortexM3\ARM_GCC_473\Debug\Design02.a(cyfitter_cfg.o)
 .text.CyClockStartupError
                0x00003dd0        0xc .\CortexM3\ARM_GCC_473\Debug\Design02.a(cyfitter_cfg.o)
 .text.cfg_write_bytes32
                0x00003ddc       0x84 .\CortexM3\ARM_GCC_473\Debug\Design02.a(cyfitter_cfg.o)
 .text.ClockSetup
                0x00003e60      0x1dc .\CortexM3\ARM_GCC_473\Debug\Design02.a(cyfitter_cfg.o)
 .text.AnalogSetDefault
                0x0000403c       0x50 .\CortexM3\ARM_GCC_473\Debug\Design02.a(cyfitter_cfg.o)
 .text.cyfitter_cfg
                0x0000408c      0x274 .\CortexM3\ARM_GCC_473\Debug\Design02.a(cyfitter_cfg.o)
                0x0000408c                cyfitter_cfg
 .text.PWM_1_Start
                0x00004300       0x2c .\CortexM3\ARM_GCC_473\Debug\Design02.a(PWM_1.o)
                0x00004300                PWM_1_Start
 .text.PWM_1_Init
                0x0000432c       0xc4 .\CortexM3\ARM_GCC_473\Debug\Design02.a(PWM_1.o)
                0x0000432c                PWM_1_Init
 .text.PWM_1_Enable
                0x000043f0       0x28 .\CortexM3\ARM_GCC_473\Debug\Design02.a(PWM_1.o)
                0x000043f0                PWM_1_Enable
 .text.PWM_1_WriteCounter
                0x00004418       0x20 .\CortexM3\ARM_GCC_473\Debug\Design02.a(PWM_1.o)
                0x00004418                PWM_1_WriteCounter
 .text.PWM_1_ClearFIFO
                0x00004438       0x1c .\CortexM3\ARM_GCC_473\Debug\Design02.a(PWM_1.o)
                0x00004438                PWM_1_ClearFIFO
 .text.PWM_1_WritePeriod
                0x00004454       0x20 .\CortexM3\ARM_GCC_473\Debug\Design02.a(PWM_1.o)
                0x00004454                PWM_1_WritePeriod
 .text.PWM_1_WriteCompare1
                0x00004474       0x20 .\CortexM3\ARM_GCC_473\Debug\Design02.a(PWM_1.o)
                0x00004474                PWM_1_WriteCompare1
 .text.PWM_1_WriteCompare2
                0x00004494       0x20 .\CortexM3\ARM_GCC_473\Debug\Design02.a(PWM_1.o)
                0x00004494                PWM_1_WriteCompare2
 .text.PWM_1_SetInterruptMode
                0x000044b4       0x20 .\CortexM3\ARM_GCC_473\Debug\Design02.a(PWM_1.o)
                0x000044b4                PWM_1_SetInterruptMode
 .text.PWM_1_ReadStatusRegister
                0x000044d4       0x20 .\CortexM3\ARM_GCC_473\Debug\Design02.a(PWM_1.o)
                0x000044d4                PWM_1_ReadStatusRegister
 .text.PWM_1_ReadCapture
                0x000044f4       0x18 .\CortexM3\ARM_GCC_473\Debug\Design02.a(PWM_1.o)
                0x000044f4                PWM_1_ReadCapture
 .text.Enable_1_Write
                0x0000450c       0x44 .\CortexM3\ARM_GCC_473\Debug\Design02.a(Enable_1.o)
                0x0000450c                Enable_1_Write
 .text.Enable_2_Write
                0x00004550       0x44 .\CortexM3\ARM_GCC_473\Debug\Design02.a(Enable_2.o)
                0x00004550                Enable_2_Write
 .text.ePin_Read
                0x00004594       0x20 .\CortexM3\ARM_GCC_473\Debug\Design02.a(ePin.o)
                0x00004594                ePin_Read
 *fill*         0x000045b4        0x4 00
 .text          0x000045b8       0x28 .\CortexM3\ARM_GCC_473\Debug\Design02.a(CyBootAsmGnu.o)
                0x000045b8                CyDelayCycles
                0x000045cc                CyEnterCriticalSection
                0x000045d4                CyExitCriticalSection
 .text.CyHalt   0x000045e0       0x18 .\CortexM3\ARM_GCC_473\Debug\Design02.a(CyLib.o)
                0x000045e0                CyHalt
 .text.CyDelay  0x000045f8       0x48 .\CortexM3\ARM_GCC_473\Debug\Design02.a(CyLib.o)
                0x000045f8                CyDelay
 .text.CyIntSetVector
                0x00004640       0x60 .\CortexM3\ARM_GCC_473\Debug\Design02.a(CyLib.o)
                0x00004640                CyIntSetVector
 .text.CyIntSetPriority
                0x000046a0       0x4c .\CortexM3\ARM_GCC_473\Debug\Design02.a(CyLib.o)
                0x000046a0                CyIntSetPriority
 .text.PWM_2_Start
                0x000046ec       0x2c .\CortexM3\ARM_GCC_473\Debug\Design02.a(PWM_2.o)
                0x000046ec                PWM_2_Start
 .text.PWM_2_Init
                0x00004718       0xc4 .\CortexM3\ARM_GCC_473\Debug\Design02.a(PWM_2.o)
                0x00004718                PWM_2_Init
 .text.PWM_2_Enable
                0x000047dc       0x28 .\CortexM3\ARM_GCC_473\Debug\Design02.a(PWM_2.o)
                0x000047dc                PWM_2_Enable
 .text.PWM_2_WriteCounter
                0x00004804       0x20 .\CortexM3\ARM_GCC_473\Debug\Design02.a(PWM_2.o)
                0x00004804                PWM_2_WriteCounter
 .text.PWM_2_ClearFIFO
                0x00004824       0x1c .\CortexM3\ARM_GCC_473\Debug\Design02.a(PWM_2.o)
                0x00004824                PWM_2_ClearFIFO
 .text.PWM_2_WritePeriod
                0x00004840       0x20 .\CortexM3\ARM_GCC_473\Debug\Design02.a(PWM_2.o)
                0x00004840                PWM_2_WritePeriod
 .text.PWM_2_WriteCompare1
                0x00004860       0x20 .\CortexM3\ARM_GCC_473\Debug\Design02.a(PWM_2.o)
                0x00004860                PWM_2_WriteCompare1
 .text.PWM_2_WriteCompare2
                0x00004880       0x20 .\CortexM3\ARM_GCC_473\Debug\Design02.a(PWM_2.o)
                0x00004880                PWM_2_WriteCompare2
 .text.PWM_2_SetInterruptMode
                0x000048a0       0x20 .\CortexM3\ARM_GCC_473\Debug\Design02.a(PWM_2.o)
                0x000048a0                PWM_2_SetInterruptMode
 .text.PWM_2_ReadStatusRegister
                0x000048c0       0x20 .\CortexM3\ARM_GCC_473\Debug\Design02.a(PWM_2.o)
                0x000048c0                PWM_2_ReadStatusRegister
 .text.PWM_2_ReadCapture
                0x000048e0       0x18 .\CortexM3\ARM_GCC_473\Debug\Design02.a(PWM_2.o)
                0x000048e0                PWM_2_ReadCapture
 .text.Timer_2_Init
                0x000048f8       0xe4 .\CortexM3\ARM_GCC_473\Debug\Design02.a(Timer_2.o)
                0x000048f8                Timer_2_Init
 .text.Timer_2_Enable
                0x000049dc       0x60 .\CortexM3\ARM_GCC_473\Debug\Design02.a(Timer_2.o)
                0x000049dc                Timer_2_Enable
 .text.Timer_2_Start
                0x00004a3c       0x2c .\CortexM3\ARM_GCC_473\Debug\Design02.a(Timer_2.o)
                0x00004a3c                Timer_2_Start
 .text.Timer_2_SetInterruptMode
                0x00004a68       0x20 .\CortexM3\ARM_GCC_473\Debug\Design02.a(Timer_2.o)
                0x00004a68                Timer_2_SetInterruptMode
 .text.Timer_2_ReadPeriod
                0x00004a88       0x18 .\CortexM3\ARM_GCC_473\Debug\Design02.a(Timer_2.o)
                0x00004a88                Timer_2_ReadPeriod
 .text.Timer_2_WritePeriod
                0x00004aa0       0x24 .\CortexM3\ARM_GCC_473\Debug\Design02.a(Timer_2.o)
                0x00004aa0                Timer_2_WritePeriod
 .text.Timer_2_WriteCounter
                0x00004ac4       0x20 .\CortexM3\ARM_GCC_473\Debug\Design02.a(Timer_2.o)
                0x00004ac4                Timer_2_WriteCounter
 .text.isr_1_StartEx
                0x00004ae4       0x28 .\CortexM3\ARM_GCC_473\Debug\Design02.a(isr_1.o)
                0x00004ae4                isr_1_StartEx
 .text.isr_1_SetVector
                0x00004b0c       0x28 .\CortexM3\ARM_GCC_473\Debug\Design02.a(isr_1.o)
                0x00004b0c                isr_1_SetVector
 .text.isr_1_SetPriority
                0x00004b34       0x28 .\CortexM3\ARM_GCC_473\Debug\Design02.a(isr_1.o)
                0x00004b34                isr_1_SetPriority
 .text.isr_1_Enable
                0x00004b5c       0x18 .\CortexM3\ARM_GCC_473\Debug\Design02.a(isr_1.o)
                0x00004b5c                isr_1_Enable
 .text.isr_1_Disable
                0x00004b74       0x18 .\CortexM3\ARM_GCC_473\Debug\Design02.a(isr_1.o)
                0x00004b74                isr_1_Disable
 .text.UART_1_Start
                0x00004b8c       0x2c .\CortexM3\ARM_GCC_473\Debug\Design02.a(UART_1.o)
                0x00004b8c                UART_1_Start
 .text.UART_1_Init
                0x00004bb8       0x28 .\CortexM3\ARM_GCC_473\Debug\Design02.a(UART_1.o)
                0x00004bb8                UART_1_Init
 .text.UART_1_Enable
                0x00004be0       0x5c .\CortexM3\ARM_GCC_473\Debug\Design02.a(UART_1.o)
                0x00004be0                UART_1_Enable
 .text.UART_1_ReadControlRegister
                0x00004c3c       0x18 .\CortexM3\ARM_GCC_473\Debug\Design02.a(UART_1.o)
                0x00004c3c                UART_1_ReadControlRegister
 .text.UART_1_WriteControlRegister
                0x00004c54       0x20 .\CortexM3\ARM_GCC_473\Debug\Design02.a(UART_1.o)
                0x00004c54                UART_1_WriteControlRegister
 .text.UART_1_PutChar
                0x00004c74       0x38 .\CortexM3\ARM_GCC_473\Debug\Design02.a(UART_1.o)
                0x00004c74                UART_1_PutChar
 .text.UART_1_PutString
                0x00004cac       0x48 .\CortexM3\ARM_GCC_473\Debug\Design02.a(UART_1.o)
                0x00004cac                UART_1_PutString
 .text.UART_1_LoadTxConfig
                0x00004cf4       0x28 .\CortexM3\ARM_GCC_473\Debug\Design02.a(UART_1.o)
                0x00004cf4                UART_1_LoadTxConfig
 .text.UART_1_IntClock_Start
                0x00004d1c       0x44 .\CortexM3\ARM_GCC_473\Debug\Design02.a(UART_1_IntClock.o)
                0x00004d1c                UART_1_IntClock_Start
 .text.isr_3_StartEx
                0x00004d60       0x28 .\CortexM3\ARM_GCC_473\Debug\Design02.a(isr_3.o)
                0x00004d60                isr_3_StartEx
 .text.isr_3_SetVector
                0x00004d88       0x28 .\CortexM3\ARM_GCC_473\Debug\Design02.a(isr_3.o)
                0x00004d88                isr_3_SetVector
 .text.isr_3_SetPriority
                0x00004db0       0x28 .\CortexM3\ARM_GCC_473\Debug\Design02.a(isr_3.o)
                0x00004db0                isr_3_SetPriority
 .text.isr_3_Enable
                0x00004dd8       0x18 .\CortexM3\ARM_GCC_473\Debug\Design02.a(isr_3.o)
                0x00004dd8                isr_3_Enable
 .text.isr_3_Disable
                0x00004df0       0x18 .\CortexM3\ARM_GCC_473\Debug\Design02.a(isr_3.o)
                0x00004df0                isr_3_Disable
 .text.Timer_3_Init
                0x00004e08       0xe4 .\CortexM3\ARM_GCC_473\Debug\Design02.a(Timer_3.o)
                0x00004e08                Timer_3_Init
 .text.Timer_3_Enable
                0x00004eec       0x60 .\CortexM3\ARM_GCC_473\Debug\Design02.a(Timer_3.o)
                0x00004eec                Timer_3_Enable
 .text.Timer_3_Start
                0x00004f4c       0x2c .\CortexM3\ARM_GCC_473\Debug\Design02.a(Timer_3.o)
                0x00004f4c                Timer_3_Start
 .text.Timer_3_SetInterruptMode
                0x00004f78       0x20 .\CortexM3\ARM_GCC_473\Debug\Design02.a(Timer_3.o)
                0x00004f78                Timer_3_SetInterruptMode
 .text.Timer_3_ReadPeriod
                0x00004f98       0x18 .\CortexM3\ARM_GCC_473\Debug\Design02.a(Timer_3.o)
                0x00004f98                Timer_3_ReadPeriod
 .text.Timer_3_WritePeriod
                0x00004fb0       0x24 .\CortexM3\ARM_GCC_473\Debug\Design02.a(Timer_3.o)
                0x00004fb0                Timer_3_WritePeriod
 .text.Timer_3_WriteCounter
                0x00004fd4       0x20 .\CortexM3\ARM_GCC_473\Debug\Design02.a(Timer_3.o)
                0x00004fd4                Timer_3_WriteCounter
 .text.Timer_3_ReadCounter
                0x00004ff4       0x24 .\CortexM3\ARM_GCC_473\Debug\Design02.a(Timer_3.o)
                0x00004ff4                Timer_3_ReadCounter
 .text.PWM_3_Start
                0x00005018       0x2c .\CortexM3\ARM_GCC_473\Debug\Design02.a(PWM_3.o)
                0x00005018                PWM_3_Start
 .text.PWM_3_Init
                0x00005044       0xc4 .\CortexM3\ARM_GCC_473\Debug\Design02.a(PWM_3.o)
                0x00005044                PWM_3_Init
 .text.PWM_3_Enable
                0x00005108       0x28 .\CortexM3\ARM_GCC_473\Debug\Design02.a(PWM_3.o)
                0x00005108                PWM_3_Enable
 .text.PWM_3_WriteCounter
                0x00005130       0x20 .\CortexM3\ARM_GCC_473\Debug\Design02.a(PWM_3.o)
                0x00005130                PWM_3_WriteCounter
 .text.PWM_3_ClearFIFO
                0x00005150       0x1c .\CortexM3\ARM_GCC_473\Debug\Design02.a(PWM_3.o)
                0x00005150                PWM_3_ClearFIFO
 .text.PWM_3_WritePeriod
                0x0000516c       0x20 .\CortexM3\ARM_GCC_473\Debug\Design02.a(PWM_3.o)
                0x0000516c                PWM_3_WritePeriod
 .text.PWM_3_WriteCompare1
                0x0000518c       0x20 .\CortexM3\ARM_GCC_473\Debug\Design02.a(PWM_3.o)
                0x0000518c                PWM_3_WriteCompare1
 .text.PWM_3_WriteCompare2
                0x000051ac       0x20 .\CortexM3\ARM_GCC_473\Debug\Design02.a(PWM_3.o)
                0x000051ac                PWM_3_WriteCompare2
 .text.PWM_3_SetInterruptMode
                0x000051cc       0x20 .\CortexM3\ARM_GCC_473\Debug\Design02.a(PWM_3.o)
                0x000051cc                PWM_3_SetInterruptMode
 .text.PWM_3_ReadStatusRegister
                0x000051ec       0x20 .\CortexM3\ARM_GCC_473\Debug\Design02.a(PWM_3.o)
                0x000051ec                PWM_3_ReadStatusRegister
 .text.PWM_3_ReadCapture
                0x0000520c       0x18 .\CortexM3\ARM_GCC_473\Debug\Design02.a(PWM_3.o)
                0x0000520c                PWM_3_ReadCapture
 .text.PWM_4_Start
                0x00005224       0x2c .\CortexM3\ARM_GCC_473\Debug\Design02.a(PWM_4.o)
                0x00005224                PWM_4_Start
 .text.PWM_4_Init
                0x00005250      0x110 .\CortexM3\ARM_GCC_473\Debug\Design02.a(PWM_4.o)
                0x00005250                PWM_4_Init
 .text.PWM_4_Enable
                0x00005360       0x60 .\CortexM3\ARM_GCC_473\Debug\Design02.a(PWM_4.o)
                0x00005360                PWM_4_Enable
 .text.PWM_4_WritePeriod
                0x000053c0       0x20 .\CortexM3\ARM_GCC_473\Debug\Design02.a(PWM_4.o)
                0x000053c0                PWM_4_WritePeriod
 .text.PWM_4_WriteCompare
                0x000053e0       0x20 .\CortexM3\ARM_GCC_473\Debug\Design02.a(PWM_4.o)
                0x000053e0                PWM_4_WriteCompare
 .text.PWM_4_SetInterruptMode
                0x00005400       0x20 .\CortexM3\ARM_GCC_473\Debug\Design02.a(PWM_4.o)
                0x00005400                PWM_4_SetInterruptMode
 .text.UART_2_Start
                0x00005420       0x2c .\CortexM3\ARM_GCC_473\Debug\Design02.a(UART_2.o)
                0x00005420                UART_2_Start
 .text.UART_2_Init
                0x0000544c       0x40 .\CortexM3\ARM_GCC_473\Debug\Design02.a(UART_2.o)
                0x0000544c                UART_2_Init
 .text.UART_2_Enable
                0x0000548c       0x68 .\CortexM3\ARM_GCC_473\Debug\Design02.a(UART_2.o)
                0x0000548c                UART_2_Enable
 .text.UART_2_EnableRxInt
                0x000054f4       0x18 .\CortexM3\ARM_GCC_473\Debug\Design02.a(UART_2.o)
                0x000054f4                UART_2_EnableRxInt
 .text.UART_2_DisableRxInt
                0x0000550c       0x18 .\CortexM3\ARM_GCC_473\Debug\Design02.a(UART_2.o)
                0x0000550c                UART_2_DisableRxInt
 .text.UART_2_ClearRxBuffer
                0x00005524       0x98 .\CortexM3\ARM_GCC_473\Debug\Design02.a(UART_2.o)
                0x00005524                UART_2_ClearRxBuffer
 .text.UART_2_RXISR
                0x000055bc       0xec .\CortexM3\ARM_GCC_473\Debug\Design02.a(UART_2_INT.o)
                0x000055bc                UART_2_RXISR
 .text.UART_2_IntClock_Start
                0x000056a8       0x44 .\CortexM3\ARM_GCC_473\Debug\Design02.a(UART_2_IntClock.o)
                0x000056a8                UART_2_IntClock_Start
 .text.Enable_3_Write
                0x000056ec       0x44 .\CortexM3\ARM_GCC_473\Debug\Design02.a(Enable_3.o)
                0x000056ec                Enable_3_Write
 .text.Enable_4_Write
                0x00005730       0x44 .\CortexM3\ARM_GCC_473\Debug\Design02.a(Enable_4.o)
                0x00005730                Enable_4_Write
 .text.foot12_Read
                0x00005774       0x20 .\CortexM3\ARM_GCC_473\Debug\Design02.a(foot12.o)
                0x00005774                foot12_Read
 .text.foot34_Read
                0x00005794       0x24 .\CortexM3\ARM_GCC_473\Debug\Design02.a(foot34.o)
                0x00005794                foot34_Read
 .text.Counter_3_Init
                0x000057b8       0xa4 .\CortexM3\ARM_GCC_473\Debug\Design02.a(Counter_3.o)
                0x000057b8                Counter_3_Init
 .text.Counter_3_Enable
                0x0000585c       0x28 .\CortexM3\ARM_GCC_473\Debug\Design02.a(Counter_3.o)
                0x0000585c                Counter_3_Enable
 .text.Counter_3_Start
                0x00005884       0x2c .\CortexM3\ARM_GCC_473\Debug\Design02.a(Counter_3.o)
                0x00005884                Counter_3_Start
 .text.Counter_3_SetInterruptMode
                0x000058b0       0x20 .\CortexM3\ARM_GCC_473\Debug\Design02.a(Counter_3.o)
                0x000058b0                Counter_3_SetInterruptMode
 .text.Counter_3_ReadStatusRegister
                0x000058d0       0x18 .\CortexM3\ARM_GCC_473\Debug\Design02.a(Counter_3.o)
                0x000058d0                Counter_3_ReadStatusRegister
 .text.Counter_3_WriteCounter
                0x000058e8       0x20 .\CortexM3\ARM_GCC_473\Debug\Design02.a(Counter_3.o)
                0x000058e8                Counter_3_WriteCounter
 .text.Counter_3_ReadCounter
                0x00005908       0x24 .\CortexM3\ARM_GCC_473\Debug\Design02.a(Counter_3.o)
                0x00005908                Counter_3_ReadCounter
 .text.Counter_3_ReadCapture
                0x0000592c       0x18 .\CortexM3\ARM_GCC_473\Debug\Design02.a(Counter_3.o)
                0x0000592c                Counter_3_ReadCapture
 .text.Counter_3_WritePeriod
                0x00005944       0x20 .\CortexM3\ARM_GCC_473\Debug\Design02.a(Counter_3.o)
                0x00005944                Counter_3_WritePeriod
 .text.Counter_3_WriteCompare
                0x00005964       0x20 .\CortexM3\ARM_GCC_473\Debug\Design02.a(Counter_3.o)
                0x00005964                Counter_3_WriteCompare
 .text.Counter_3_ClearFIFO
                0x00005984       0x1c .\CortexM3\ARM_GCC_473\Debug\Design02.a(Counter_3.o)
                0x00005984                Counter_3_ClearFIFO
 .text.Enable_5_Write
                0x000059a0       0x40 .\CortexM3\ARM_GCC_473\Debug\Design02.a(Enable_5.o)
                0x000059a0                Enable_5_Write
 .text.Enable_6_Write
                0x000059e0       0x44 .\CortexM3\ARM_GCC_473\Debug\Design02.a(Enable_6.o)
                0x000059e0                Enable_6_Write
 .text.foot78_Read
                0x00005a24       0x24 .\CortexM3\ARM_GCC_473\Debug\Design02.a(foot78.o)
                0x00005a24                foot78_Read
 .text.foot56_Read
                0x00005a48       0x24 .\CortexM3\ARM_GCC_473\Debug\Design02.a(foot56.o)
                0x00005a48                foot56_Read
 .text.Counter_1_Init
                0x00005a6c       0xa4 .\CortexM3\ARM_GCC_473\Debug\Design02.a(Counter_1.o)
                0x00005a6c                Counter_1_Init
 .text.Counter_1_Enable
                0x00005b10       0x28 .\CortexM3\ARM_GCC_473\Debug\Design02.a(Counter_1.o)
                0x00005b10                Counter_1_Enable
 .text.Counter_1_Start
                0x00005b38       0x2c .\CortexM3\ARM_GCC_473\Debug\Design02.a(Counter_1.o)
                0x00005b38                Counter_1_Start
 .text.Counter_1_SetInterruptMode
                0x00005b64       0x20 .\CortexM3\ARM_GCC_473\Debug\Design02.a(Counter_1.o)
                0x00005b64                Counter_1_SetInterruptMode
 .text.Counter_1_ReadStatusRegister
                0x00005b84       0x18 .\CortexM3\ARM_GCC_473\Debug\Design02.a(Counter_1.o)
                0x00005b84                Counter_1_ReadStatusRegister
 .text.Counter_1_WriteCounter
                0x00005b9c       0x20 .\CortexM3\ARM_GCC_473\Debug\Design02.a(Counter_1.o)
                0x00005b9c                Counter_1_WriteCounter
 .text.Counter_1_ReadCounter
                0x00005bbc       0x24 .\CortexM3\ARM_GCC_473\Debug\Design02.a(Counter_1.o)
                0x00005bbc                Counter_1_ReadCounter
 .text.Counter_1_ReadCapture
                0x00005be0       0x18 .\CortexM3\ARM_GCC_473\Debug\Design02.a(Counter_1.o)
                0x00005be0                Counter_1_ReadCapture
 .text.Counter_1_WritePeriod
                0x00005bf8       0x20 .\CortexM3\ARM_GCC_473\Debug\Design02.a(Counter_1.o)
                0x00005bf8                Counter_1_WritePeriod
 .text.Counter_1_WriteCompare
                0x00005c18       0x20 .\CortexM3\ARM_GCC_473\Debug\Design02.a(Counter_1.o)
                0x00005c18                Counter_1_WriteCompare
 .text.Counter_1_ClearFIFO
                0x00005c38       0x1c .\CortexM3\ARM_GCC_473\Debug\Design02.a(Counter_1.o)
                0x00005c38                Counter_1_ClearFIFO
 .text.Counter_2_Init
                0x00005c54       0xa4 .\CortexM3\ARM_GCC_473\Debug\Design02.a(Counter_2.o)
                0x00005c54                Counter_2_Init
 .text.Counter_2_Enable
                0x00005cf8       0x28 .\CortexM3\ARM_GCC_473\Debug\Design02.a(Counter_2.o)
                0x00005cf8                Counter_2_Enable
 .text.Counter_2_Start
                0x00005d20       0x2c .\CortexM3\ARM_GCC_473\Debug\Design02.a(Counter_2.o)
                0x00005d20                Counter_2_Start
 .text.Counter_2_SetInterruptMode
                0x00005d4c       0x20 .\CortexM3\ARM_GCC_473\Debug\Design02.a(Counter_2.o)
                0x00005d4c                Counter_2_SetInterruptMode
 .text.Counter_2_ReadStatusRegister
                0x00005d6c       0x18 .\CortexM3\ARM_GCC_473\Debug\Design02.a(Counter_2.o)
                0x00005d6c                Counter_2_ReadStatusRegister
 .text.Counter_2_WriteCounter
                0x00005d84       0x20 .\CortexM3\ARM_GCC_473\Debug\Design02.a(Counter_2.o)
                0x00005d84                Counter_2_WriteCounter
 .text.Counter_2_ReadCounter
                0x00005da4       0x24 .\CortexM3\ARM_GCC_473\Debug\Design02.a(Counter_2.o)
                0x00005da4                Counter_2_ReadCounter
 .text.Counter_2_ReadCapture
                0x00005dc8       0x18 .\CortexM3\ARM_GCC_473\Debug\Design02.a(Counter_2.o)
                0x00005dc8                Counter_2_ReadCapture
 .text.Counter_2_WritePeriod
                0x00005de0       0x20 .\CortexM3\ARM_GCC_473\Debug\Design02.a(Counter_2.o)
                0x00005de0                Counter_2_WritePeriod
 .text.Counter_2_WriteCompare
                0x00005e00       0x20 .\CortexM3\ARM_GCC_473\Debug\Design02.a(Counter_2.o)
                0x00005e00                Counter_2_WriteCompare
 .text.Counter_2_ClearFIFO
                0x00005e20       0x1c .\CortexM3\ARM_GCC_473\Debug\Design02.a(Counter_2.o)
                0x00005e20                Counter_2_ClearFIFO
 .text.Counter_4_Init
                0x00005e3c       0xa4 .\CortexM3\ARM_GCC_473\Debug\Design02.a(Counter_4.o)
                0x00005e3c                Counter_4_Init
 .text.Counter_4_Enable
                0x00005ee0       0x28 .\CortexM3\ARM_GCC_473\Debug\Design02.a(Counter_4.o)
                0x00005ee0                Counter_4_Enable
 .text.Counter_4_Start
                0x00005f08       0x2c .\CortexM3\ARM_GCC_473\Debug\Design02.a(Counter_4.o)
                0x00005f08                Counter_4_Start
 .text.Counter_4_SetInterruptMode
                0x00005f34       0x20 .\CortexM3\ARM_GCC_473\Debug\Design02.a(Counter_4.o)
                0x00005f34                Counter_4_SetInterruptMode
 .text.Counter_4_ReadStatusRegister
                0x00005f54       0x18 .\CortexM3\ARM_GCC_473\Debug\Design02.a(Counter_4.o)
                0x00005f54                Counter_4_ReadStatusRegister
 .text.Counter_4_WriteCounter
                0x00005f6c       0x20 .\CortexM3\ARM_GCC_473\Debug\Design02.a(Counter_4.o)
                0x00005f6c                Counter_4_WriteCounter
 .text.Counter_4_ReadCounter
                0x00005f8c       0x24 .\CortexM3\ARM_GCC_473\Debug\Design02.a(Counter_4.o)
                0x00005f8c                Counter_4_ReadCounter
 .text.Counter_4_ReadCapture
                0x00005fb0       0x18 .\CortexM3\ARM_GCC_473\Debug\Design02.a(Counter_4.o)
                0x00005fb0                Counter_4_ReadCapture
 .text.Counter_4_WritePeriod
                0x00005fc8       0x20 .\CortexM3\ARM_GCC_473\Debug\Design02.a(Counter_4.o)
                0x00005fc8                Counter_4_WritePeriod
 .text.Counter_4_WriteCompare
                0x00005fe8       0x20 .\CortexM3\ARM_GCC_473\Debug\Design02.a(Counter_4.o)
                0x00005fe8                Counter_4_WriteCompare
 .text.Counter_4_ClearFIFO
                0x00006008       0x1c .\CortexM3\ARM_GCC_473\Debug\Design02.a(Counter_4.o)
                0x00006008                Counter_4_ClearFIFO
 .text.Counter_5_Init
                0x00006024       0xa4 .\CortexM3\ARM_GCC_473\Debug\Design02.a(Counter_5.o)
                0x00006024                Counter_5_Init
 .text.Counter_5_Enable
                0x000060c8       0x28 .\CortexM3\ARM_GCC_473\Debug\Design02.a(Counter_5.o)
                0x000060c8                Counter_5_Enable
 .text.Counter_5_Start
                0x000060f0       0x2c .\CortexM3\ARM_GCC_473\Debug\Design02.a(Counter_5.o)
                0x000060f0                Counter_5_Start
 .text.Counter_5_SetInterruptMode
                0x0000611c       0x20 .\CortexM3\ARM_GCC_473\Debug\Design02.a(Counter_5.o)
                0x0000611c                Counter_5_SetInterruptMode
 .text.Counter_5_ReadStatusRegister
                0x0000613c       0x18 .\CortexM3\ARM_GCC_473\Debug\Design02.a(Counter_5.o)
                0x0000613c                Counter_5_ReadStatusRegister
 .text.Counter_5_WriteCounter
                0x00006154       0x20 .\CortexM3\ARM_GCC_473\Debug\Design02.a(Counter_5.o)
                0x00006154                Counter_5_WriteCounter
 .text.Counter_5_ReadCounter
                0x00006174       0x24 .\CortexM3\ARM_GCC_473\Debug\Design02.a(Counter_5.o)
                0x00006174                Counter_5_ReadCounter
 .text.Counter_5_ReadCapture
                0x00006198       0x18 .\CortexM3\ARM_GCC_473\Debug\Design02.a(Counter_5.o)
                0x00006198                Counter_5_ReadCapture
 .text.Counter_5_WritePeriod
                0x000061b0       0x20 .\CortexM3\ARM_GCC_473\Debug\Design02.a(Counter_5.o)
                0x000061b0                Counter_5_WritePeriod
 .text.Counter_5_WriteCompare
                0x000061d0       0x20 .\CortexM3\ARM_GCC_473\Debug\Design02.a(Counter_5.o)
                0x000061d0                Counter_5_WriteCompare
 .text.Counter_5_ClearFIFO
                0x000061f0       0x1c .\CortexM3\ARM_GCC_473\Debug\Design02.a(Counter_5.o)
                0x000061f0                Counter_5_ClearFIFO
 .text.Counter_6_Init
                0x0000620c       0xa4 .\CortexM3\ARM_GCC_473\Debug\Design02.a(Counter_6.o)
                0x0000620c                Counter_6_Init
 .text.Counter_6_Enable
                0x000062b0       0x28 .\CortexM3\ARM_GCC_473\Debug\Design02.a(Counter_6.o)
                0x000062b0                Counter_6_Enable
 .text.Counter_6_Start
                0x000062d8       0x2c .\CortexM3\ARM_GCC_473\Debug\Design02.a(Counter_6.o)
                0x000062d8                Counter_6_Start
 .text.Counter_6_SetInterruptMode
                0x00006304       0x20 .\CortexM3\ARM_GCC_473\Debug\Design02.a(Counter_6.o)
                0x00006304                Counter_6_SetInterruptMode
 .text.Counter_6_ReadStatusRegister
                0x00006324       0x18 .\CortexM3\ARM_GCC_473\Debug\Design02.a(Counter_6.o)
                0x00006324                Counter_6_ReadStatusRegister
 .text.Counter_6_WriteCounter
                0x0000633c       0x20 .\CortexM3\ARM_GCC_473\Debug\Design02.a(Counter_6.o)
                0x0000633c                Counter_6_WriteCounter
 .text.Counter_6_ReadCounter
                0x0000635c       0x24 .\CortexM3\ARM_GCC_473\Debug\Design02.a(Counter_6.o)
                0x0000635c                Counter_6_ReadCounter
 .text.Counter_6_ReadCapture
                0x00006380       0x18 .\CortexM3\ARM_GCC_473\Debug\Design02.a(Counter_6.o)
                0x00006380                Counter_6_ReadCapture
 .text.Counter_6_WritePeriod
                0x00006398       0x20 .\CortexM3\ARM_GCC_473\Debug\Design02.a(Counter_6.o)
                0x00006398                Counter_6_WritePeriod
 .text.Counter_6_WriteCompare
                0x000063b8       0x20 .\CortexM3\ARM_GCC_473\Debug\Design02.a(Counter_6.o)
                0x000063b8                Counter_6_WriteCompare
 .text.Counter_6_ClearFIFO
                0x000063d8       0x1c .\CortexM3\ARM_GCC_473\Debug\Design02.a(Counter_6.o)
                0x000063d8                Counter_6_ClearFIFO
 .text.Counter_7_Init
                0x000063f4       0xa4 .\CortexM3\ARM_GCC_473\Debug\Design02.a(Counter_7.o)
                0x000063f4                Counter_7_Init
 .text.Counter_7_Enable
                0x00006498       0x28 .\CortexM3\ARM_GCC_473\Debug\Design02.a(Counter_7.o)
                0x00006498                Counter_7_Enable
 .text.Counter_7_Start
                0x000064c0       0x2c .\CortexM3\ARM_GCC_473\Debug\Design02.a(Counter_7.o)
                0x000064c0                Counter_7_Start
 .text.Counter_7_SetInterruptMode
                0x000064ec       0x20 .\CortexM3\ARM_GCC_473\Debug\Design02.a(Counter_7.o)
                0x000064ec                Counter_7_SetInterruptMode
 .text.Counter_7_ReadStatusRegister
                0x0000650c       0x18 .\CortexM3\ARM_GCC_473\Debug\Design02.a(Counter_7.o)
                0x0000650c                Counter_7_ReadStatusRegister
 .text.Counter_7_WriteCounter
                0x00006524       0x20 .\CortexM3\ARM_GCC_473\Debug\Design02.a(Counter_7.o)
                0x00006524                Counter_7_WriteCounter
 .text.Counter_7_ReadCounter
                0x00006544       0x24 .\CortexM3\ARM_GCC_473\Debug\Design02.a(Counter_7.o)
                0x00006544                Counter_7_ReadCounter
 .text.Counter_7_ReadCapture
                0x00006568       0x18 .\CortexM3\ARM_GCC_473\Debug\Design02.a(Counter_7.o)
                0x00006568                Counter_7_ReadCapture
 .text.Counter_7_WritePeriod
                0x00006580       0x20 .\CortexM3\ARM_GCC_473\Debug\Design02.a(Counter_7.o)
                0x00006580                Counter_7_WritePeriod
 .text.Counter_7_WriteCompare
                0x000065a0       0x20 .\CortexM3\ARM_GCC_473\Debug\Design02.a(Counter_7.o)
                0x000065a0                Counter_7_WriteCompare
 .text.Counter_7_ClearFIFO
                0x000065c0       0x1c .\CortexM3\ARM_GCC_473\Debug\Design02.a(Counter_7.o)
                0x000065c0                Counter_7_ClearFIFO
 .text.Counter_8_Init
                0x000065dc       0xa4 .\CortexM3\ARM_GCC_473\Debug\Design02.a(Counter_8.o)
                0x000065dc                Counter_8_Init
 .text.Counter_8_Enable
                0x00006680       0x28 .\CortexM3\ARM_GCC_473\Debug\Design02.a(Counter_8.o)
                0x00006680                Counter_8_Enable
 .text.Counter_8_Start
                0x000066a8       0x2c .\CortexM3\ARM_GCC_473\Debug\Design02.a(Counter_8.o)
                0x000066a8                Counter_8_Start
 .text.Counter_8_SetInterruptMode
                0x000066d4       0x20 .\CortexM3\ARM_GCC_473\Debug\Design02.a(Counter_8.o)
                0x000066d4                Counter_8_SetInterruptMode
 .text.Counter_8_ReadStatusRegister
                0x000066f4       0x18 .\CortexM3\ARM_GCC_473\Debug\Design02.a(Counter_8.o)
                0x000066f4                Counter_8_ReadStatusRegister
 .text.Counter_8_WriteCounter
                0x0000670c       0x20 .\CortexM3\ARM_GCC_473\Debug\Design02.a(Counter_8.o)
                0x0000670c                Counter_8_WriteCounter
 .text.Counter_8_ReadCounter
                0x0000672c       0x24 .\CortexM3\ARM_GCC_473\Debug\Design02.a(Counter_8.o)
                0x0000672c                Counter_8_ReadCounter
 .text.Counter_8_ReadCapture
                0x00006750       0x18 .\CortexM3\ARM_GCC_473\Debug\Design02.a(Counter_8.o)
                0x00006750                Counter_8_ReadCapture
 .text.Counter_8_WritePeriod
                0x00006768       0x20 .\CortexM3\ARM_GCC_473\Debug\Design02.a(Counter_8.o)
                0x00006768                Counter_8_WritePeriod
 .text.Counter_8_WriteCompare
                0x00006788       0x20 .\CortexM3\ARM_GCC_473\Debug\Design02.a(Counter_8.o)
                0x00006788                Counter_8_WriteCompare
 .text.Counter_8_ClearFIFO
                0x000067a8       0x1c .\CortexM3\ARM_GCC_473\Debug\Design02.a(Counter_8.o)
                0x000067a8                Counter_8_ClearFIFO
 .text.PWM_5_Start
                0x000067c4       0x2c .\CortexM3\ARM_GCC_473\Debug\Design02.a(PWM_5.o)
                0x000067c4                PWM_5_Start
 .text.PWM_5_Init
                0x000067f0      0x110 .\CortexM3\ARM_GCC_473\Debug\Design02.a(PWM_5.o)
                0x000067f0                PWM_5_Init
 .text.PWM_5_Enable
                0x00006900       0x60 .\CortexM3\ARM_GCC_473\Debug\Design02.a(PWM_5.o)
                0x00006900                PWM_5_Enable
 .text.PWM_5_WritePeriod
                0x00006960       0x20 .\CortexM3\ARM_GCC_473\Debug\Design02.a(PWM_5.o)
                0x00006960                PWM_5_WritePeriod
 .text.PWM_5_WriteCompare
                0x00006980       0x20 .\CortexM3\ARM_GCC_473\Debug\Design02.a(PWM_5.o)
                0x00006980                PWM_5_WriteCompare
 .text.PWM_5_SetInterruptMode
                0x000069a0       0x20 .\CortexM3\ARM_GCC_473\Debug\Design02.a(PWM_5.o)
                0x000069a0                PWM_5_SetInterruptMode
 .text.Enable_7_Write
                0x000069c0       0x44 .\CortexM3\ARM_GCC_473\Debug\Design02.a(Enable_7.o)
                0x000069c0                Enable_7_Write
 .text.Enable_8_Write
                0x00006a04       0x44 .\CortexM3\ARM_GCC_473\Debug\Design02.a(Enable_8.o)
                0x00006a04                Enable_8_Write
 .text.LED1_Write
                0x00006a48       0x44 .\CortexM3\ARM_GCC_473\Debug\Design02.a(LED1.o)
                0x00006a48                LED1_Write
 .text.LED2_Write
                0x00006a8c       0x44 .\CortexM3\ARM_GCC_473\Debug\Design02.a(LED2.o)
                0x00006a8c                LED2_Write
 .text.LED3_Write
                0x00006ad0       0x40 .\CortexM3\ARM_GCC_473\Debug\Design02.a(LED3.o)
                0x00006ad0                LED3_Write
 .text.LED4_Write
                0x00006b10       0x44 .\CortexM3\ARM_GCC_473\Debug\Design02.a(LED4.o)
                0x00006b10                LED4_Write
 .text.LED5_Write
                0x00006b54       0x44 .\CortexM3\ARM_GCC_473\Debug\Design02.a(LED5.o)
                0x00006b54                LED5_Write
 .text.pinA_Write
                0x00006b98       0x40 .\CortexM3\ARM_GCC_473\Debug\Design02.a(pinA.o)
                0x00006b98                pinA_Write
 .text          0x00006bd8      0x370 c:/program files (x86)/cypress/psoc creator/3.0/psoc creator/import/gnu_cs/arm/4.7.3/bin/../lib/gcc/arm-none-eabi/4.7.3/armv7-m\libgcc.a(_arm_addsubdf3.o)
                0x00006bd8                __aeabi_drsub
                0x00006be0                __aeabi_dsub
                0x00006be0                __subdf3
                0x00006be4                __aeabi_dadd
                0x00006be4                __adddf3
                0x00006e5c                __floatunsidf
                0x00006e5c                __aeabi_ui2d
                0x00006e7c                __floatsidf
                0x00006e7c                __aeabi_i2d
                0x00006ea0                __aeabi_f2d
                0x00006ea0                __extendsfdf2
                0x00006edc                __floatundidf
                0x00006edc                __aeabi_ul2d
                0x00006eec                __floatdidf
                0x00006eec                __aeabi_l2d
 .text          0x00006f48      0x424 c:/program files (x86)/cypress/psoc creator/3.0/psoc creator/import/gnu_cs/arm/4.7.3/bin/../lib/gcc/arm-none-eabi/4.7.3/armv7-m\libgcc.a(_arm_muldivdf3.o)
                0x00006f48                __aeabi_dmul
                0x00006f48                __muldf3
                0x0000719c                __divdf3
                0x0000719c                __aeabi_ddiv
 .text          0x0000736c       0x50 c:/program files (x86)/cypress/psoc creator/3.0/psoc creator/import/gnu_cs/arm/4.7.3/bin/../lib/gcc/arm-none-eabi/4.7.3/armv7-m\libgcc.a(_arm_fixdfsi.o)
                0x0000736c                __aeabi_d2iz
                0x0000736c                __fixdfsi
 .text          0x000073bc       0xa0 c:/program files (x86)/cypress/psoc creator/3.0/psoc creator/import/gnu_cs/arm/4.7.3/bin/../lib/gcc/arm-none-eabi/4.7.3/armv7-m\libgcc.a(_arm_truncdfsf2.o)
                0x000073bc                __truncdfsf2
                0x000073bc                __aeabi_d2f
 .text          0x0000745c      0x21c c:/program files (x86)/cypress/psoc creator/3.0/psoc creator/import/gnu_cs/arm/4.7.3/bin/../lib/gcc/arm-none-eabi/4.7.3/armv7-m\libgcc.a(_arm_addsubsf3.o)
                0x0000745c                __aeabi_frsub
                0x00007464                __subsf3
                0x00007464                __aeabi_fsub
                0x00007468                __aeabi_fadd
                0x00007468                __addsf3
                0x000075c8                __aeabi_ui2f
                0x000075c8                __floatunsisf
                0x000075d0                __aeabi_i2f
                0x000075d0                __floatsisf
                0x000075ec                __aeabi_ul2f
                0x000075ec                __floatundisf
                0x000075fc                __aeabi_l2f
                0x000075fc                __floatdisf
 .text          0x00007678      0x2a0 c:/program files (x86)/cypress/psoc creator/3.0/psoc creator/import/gnu_cs/arm/4.7.3/bin/../lib/gcc/arm-none-eabi/4.7.3/armv7-m\libgcc.a(_arm_muldivsf3.o)
                0x00007678                __mulsf3
                0x00007678                __aeabi_fmul
                0x000077e0                __aeabi_fdiv
                0x000077e0                __divsf3
 .text          0x00007918       0xec c:/program files (x86)/cypress/psoc creator/3.0/psoc creator/import/gnu_cs/arm/4.7.3/bin/../lib/gcc/arm-none-eabi/4.7.3/armv7-m\libgcc.a(_arm_cmpsf2.o)
                0x00007918                __gesf2
                0x00007918                __gtsf2
                0x00007920                __lesf2
                0x00007920                __ltsf2
                0x00007928                __nesf2
                0x00007928                __eqsf2
                0x00007928                __cmpsf2
                0x00007988                __aeabi_cfrcmple
                0x00007990                __aeabi_cfcmpeq
                0x00007990                __aeabi_cfcmple
                0x000079a0                __aeabi_fcmpeq
                0x000079b4                __aeabi_fcmplt
                0x000079c8                __aeabi_fcmple
                0x000079dc                __aeabi_fcmpge
                0x000079f0                __aeabi_fcmpgt
 .text.__libc_init_array
                0x00007a04       0x4c c:/program files (x86)/cypress/psoc creator/3.0/psoc creator/import/gnu_cs/arm/4.7.3/bin/../lib/gcc/arm-none-eabi/4.7.3/../../../../arm-none-eabi/lib/armv7-m\libc_s.a(lib_a-init.o)
                0x00007a04                __libc_init_array
 .text.memcpy   0x00007a50       0x12 c:/program files (x86)/cypress/psoc creator/3.0/psoc creator/import/gnu_cs/arm/4.7.3/bin/../lib/gcc/arm-none-eabi/4.7.3/../../../../arm-none-eabi/lib/armv7-m\libc_s.a(lib_a-memcpy.o)
                0x00007a50                memcpy
 .text.memset   0x00007a62       0x10 c:/program files (x86)/cypress/psoc creator/3.0/psoc creator/import/gnu_cs/arm/4.7.3/bin/../lib/gcc/arm-none-eabi/4.7.3/../../../../arm-none-eabi/lib/armv7-m\libc_s.a(lib_a-memset.o)
                0x00007a62                memset
 *fill*         0x00007a72        0x2 00
 .text.sprintf  0x00007a74       0x48 c:/program files (x86)/cypress/psoc creator/3.0/psoc creator/import/gnu_cs/arm/4.7.3/bin/../lib/gcc/arm-none-eabi/4.7.3/../../../../arm-none-eabi/lib/armv7-m\libc_s.a(lib_a-sprintf.o)
                0x00007a74                siprintf
                0x00007a74                sprintf
 .text.__ssputc_r
                0x00007abc       0xae c:/program files (x86)/cypress/psoc creator/3.0/psoc creator/import/gnu_cs/arm/4.7.3/bin/../lib/gcc/arm-none-eabi/4.7.3/../../../../arm-none-eabi/lib/armv7-m\libc_s.a(lib_a-svfprintf.o)
                0x00007abc                __ssputc_r
 *fill*         0x00007b6a        0x2 00
 .text._svfprintf_r
                0x00007b6c      0x1f4 c:/program files (x86)/cypress/psoc creator/3.0/psoc creator/import/gnu_cs/arm/4.7.3/bin/../lib/gcc/arm-none-eabi/4.7.3/../../../../arm-none-eabi/lib/armv7-m\libc_s.a(lib_a-svfprintf.o)
                0x00007b6c                _svfiprintf_r
                0x00007b6c                _svfprintf_r
 .text._printf_common
                0x00007d60       0xde c:/program files (x86)/cypress/psoc creator/3.0/psoc creator/import/gnu_cs/arm/4.7.3/bin/../lib/gcc/arm-none-eabi/4.7.3/../../../../arm-none-eabi/lib/armv7-m\libc_s.a(lib_a-vfprintf_i.o)
                0x00007d60                _printf_common
 *fill*         0x00007e3e        0x2 00
 .text._printf_i
                0x00007e40      0x248 c:/program files (x86)/cypress/psoc creator/3.0/psoc creator/import/gnu_cs/arm/4.7.3/bin/../lib/gcc/arm-none-eabi/4.7.3/../../../../arm-none-eabi/lib/armv7-m\libc_s.a(lib_a-vfprintf_i.o)
                0x00007e40                _printf_i
 .text._free_r  0x00008088       0x88 c:/program files (x86)/cypress/psoc creator/3.0/psoc creator/import/gnu_cs/arm/4.7.3/bin/../lib/gcc/arm-none-eabi/4.7.3/../../../../arm-none-eabi/lib/armv7-m\libc_s.a(lib_a-freer.o)
                0x00008088                _free_r
 .text._malloc_r
                0x00008110       0x94 c:/program files (x86)/cypress/psoc creator/3.0/psoc creator/import/gnu_cs/arm/4.7.3/bin/../lib/gcc/arm-none-eabi/4.7.3/../../../../arm-none-eabi/lib/armv7-m\libc_s.a(lib_a-mallocr.o)
                0x00008110                _malloc_r
 .text.memchr   0x000081a4       0x1c c:/program files (x86)/cypress/psoc creator/3.0/psoc creator/import/gnu_cs/arm/4.7.3/bin/../lib/gcc/arm-none-eabi/4.7.3/../../../../arm-none-eabi/lib/armv7-m\libc_s.a(lib_a-memchr.o)
                0x000081a4                memchr
 .text._realloc_r
                0x000081c0       0x48 c:/program files (x86)/cypress/psoc creator/3.0/psoc creator/import/gnu_cs/arm/4.7.3/bin/../lib/gcc/arm-none-eabi/4.7.3/../../../../arm-none-eabi/lib/armv7-m\libc_s.a(lib_a-reallocr.o)
                0x000081c0                _realloc_r
 .text._sbrk_r  0x00008208       0x20 c:/program files (x86)/cypress/psoc creator/3.0/psoc creator/import/gnu_cs/arm/4.7.3/bin/../lib/gcc/arm-none-eabi/4.7.3/../../../../arm-none-eabi/lib/armv7-m\libc_s.a(lib_a-sbrkr.o)
                0x00008208                _sbrk_r
 .text.strlen   0x00008228       0x10 c:/program files (x86)/cypress/psoc creator/3.0/psoc creator/import/gnu_cs/arm/4.7.3/bin/../lib/gcc/arm-none-eabi/4.7.3/../../../../arm-none-eabi/lib/armv7-m\libc_s.a(lib_a-strlen.o)
                0x00008228                strlen
 .text._malloc_usable_size_r
                0x00008238       0x12 c:/program files (x86)/cypress/psoc creator/3.0/psoc creator/import/gnu_cs/arm/4.7.3/bin/../lib/gcc/arm-none-eabi/4.7.3/../../../../arm-none-eabi/lib/armv7-m\libc_s.a(lib_a-msizer.o)
                0x00008238                _malloc_usable_size_r
 *fill*         0x0000824a        0x2 00
 .text._sbrk    0x0000824c       0x34 c:/program files (x86)/cypress/psoc creator/3.0/psoc creator/import/gnu_cs/arm/4.7.3/bin/../lib/gcc/arm-none-eabi/4.7.3/../../../../arm-none-eabi/lib/armv7-m\libnosys.a(sbrk.o)
                0x0000824c                _sbrk
 *(.plt)
 *(.gnu.warning)
 *(.glue_7t)
 .glue_7t       0x00000000        0x0 linker stubs
 *(.glue_7)
 .glue_7        0x00000000        0x0 linker stubs
 *(.vfp11_veneer)
 .vfp11_veneer  0x00000000        0x0 linker stubs
 *(.bootloader)
 *(.ARM.extab* .gnu.linkonce.armextab.*)
 *(.gcc_except_table)

.v4_bx          0x00008280        0x0
 .v4_bx         0x00000000        0x0 linker stubs

.iplt           0x00008280        0x0
 .iplt          0x00000000        0x0 c:/program files (x86)/cypress/psoc creator/3.0/psoc creator/import/gnu_cs/arm/4.7.3/bin/../lib/gcc/arm-none-eabi/4.7.3/armv7-m/crtbegin.o

.eh_frame_hdr
 *(.eh_frame_hdr)

.eh_frame       0x00008280        0x4
 *(.eh_frame)
 .eh_frame      0x00008280        0x0 c:/program files (x86)/cypress/psoc creator/3.0/psoc creator/import/gnu_cs/arm/4.7.3/bin/../lib/gcc/arm-none-eabi/4.7.3/armv7-m/crtbegin.o
 .eh_frame      0x00008280        0x4 c:/program files (x86)/cypress/psoc creator/3.0/psoc creator/import/gnu_cs/arm/4.7.3/bin/../lib/gcc/arm-none-eabi/4.7.3/armv7-m/crtend.o
                0x00008284                PROVIDE (__exidx_start, .)

.ARM.exidx
 *(.ARM.exidx* .gnu.linkonce.armexidx.*)
                0x00008284                __exidx_end = .

.rodata         0x00008284     0x734c
 *(.rodata .rodata.* .gnu.linkonce.r.*)
 .rodata        0x00008284     0x7270 .\CortexM3\ARM_GCC_473\Debug\main.o
 .rodata        0x0000f4f4       0x6c .\CortexM3\ARM_GCC_473\Debug\Design02.a(cyfitter_cfg.o)
 .rodata.str1.1
                0x0000f560        0x2 c:/program files (x86)/cypress/psoc creator/3.0/psoc creator/import/gnu_cs/arm/4.7.3/bin/../lib/gcc/arm-none-eabi/4.7.3/../../../../arm-none-eabi/lib/armv7-m\libc_s.a(lib_a-impure.o)
 .rodata.str1.1
                0x0000f562       0x11 c:/program files (x86)/cypress/psoc creator/3.0/psoc creator/import/gnu_cs/arm/4.7.3/bin/../lib/gcc/arm-none-eabi/4.7.3/../../../../arm-none-eabi/lib/armv7-m\libc_s.a(lib_a-svfprintf.o)
 .rodata.str1.1
                0x0000f573       0x22 c:/program files (x86)/cypress/psoc creator/3.0/psoc creator/import/gnu_cs/arm/4.7.3/bin/../lib/gcc/arm-none-eabi/4.7.3/../../../../arm-none-eabi/lib/armv7-m\libc_s.a(lib_a-vfprintf_i.o)
                0x0000f598                . = ALIGN (0x4)
 *fill*         0x0000f595        0x3 00
 *(.init)
 .init          0x0000f598        0x4 c:/program files (x86)/cypress/psoc creator/3.0/psoc creator/import/gnu_cs/arm/4.7.3/bin/../lib/gcc/arm-none-eabi/4.7.3/armv7-m/crti.o
                0x0000f598                _init
 .init          0x0000f59c        0x8 c:/program files (x86)/cypress/psoc creator/3.0/psoc creator/import/gnu_cs/arm/4.7.3/bin/../lib/gcc/arm-none-eabi/4.7.3/armv7-m/crtn.o
                0x0000f5a4                . = ALIGN (0x4)
                0x0000f5a4                __preinit_array_start = .
 *(.preinit_array)
                0x0000f5a4                __preinit_array_end = .
                0x0000f5a4                . = ALIGN (0x4)
                0x0000f5a4                __init_array_start = .
 *(SORT(.init_array.*))
 *(.init_array)
 .init_array    0x0000f5a4        0x4 c:/program files (x86)/cypress/psoc creator/3.0/psoc creator/import/gnu_cs/arm/4.7.3/bin/../lib/gcc/arm-none-eabi/4.7.3/armv7-m/crtbegin.o
 .init_array    0x0000f5a8        0x4 .\CortexM3\ARM_GCC_473\Debug\Cm3Start.o
                0x0000f5ac                __init_array_end = .
                0x0000f5ac                . = ALIGN (0x4)
 *(.fini)
 .fini          0x0000f5ac        0x4 c:/program files (x86)/cypress/psoc creator/3.0/psoc creator/import/gnu_cs/arm/4.7.3/bin/../lib/gcc/arm-none-eabi/4.7.3/armv7-m/crti.o
                0x0000f5ac                _fini
 .fini          0x0000f5b0        0x8 c:/program files (x86)/cypress/psoc creator/3.0/psoc creator/import/gnu_cs/arm/4.7.3/bin/../lib/gcc/arm-none-eabi/4.7.3/armv7-m/crtn.o
                0x0000f5b8                . = ALIGN (0x4)
                0x0000f5b8                __fini_array_start = .
 *(.fini_array)
 .fini_array    0x0000f5b8        0x4 c:/program files (x86)/cypress/psoc creator/3.0/psoc creator/import/gnu_cs/arm/4.7.3/bin/../lib/gcc/arm-none-eabi/4.7.3/armv7-m/crtbegin.o
 *(SORT(.fini_array.*))
                0x0000f5bc                __fini_array_end = .
                0x0000f5bc                . = ALIGN (0x4)
 *crtbegin.o(.ctors)
 *(EXCLUDE_FILE(*crtend.o) .ctors)
 *(SORT(.ctors.*))
 *crtend.o(.ctors)
                0x0000f5bc                . = ALIGN (0x4)
 *crtbegin.o(.dtors)
 *(EXCLUDE_FILE(*crtend.o) .dtors)
 *(SORT(.dtors.*))
 *crtend.o(.dtors)
                0x0000f5bc                . = ALIGN (0x4)
                0x0000f5bc                __cy_regions = .
                0x0000f5bc        0x4 LONG 0xf5d0 __cy_region_init_ram
                0x0000f5c0        0x4 LONG 0x1fff8108 __cy_region_start_data
                0x0000f5c4        0x4 LONG 0x88 __cy_region_init_size_ram
                0x0000f5c8        0x4 LONG 0x2c0 __cy_region_zero_size_ram
                0x0000f5cc                __cy_regions_end = .
                0x0000f5d0                . = ALIGN (0x8)
 *fill*         0x0000f5cc        0x4 00
                0x0000f5d0                _etext = .

.ramvectors     0x1fff8000      0x100
                0x1fff8000                __cy_region_start_ram = .
 *(.ramvectors)
 .ramvectors    0x1fff8000      0x100 .\CortexM3\ARM_GCC_473\Debug\Cm3Start.o
                0x1fff8000                CyRamVectors

.noinit         0x1fff8100        0x5
 *(.noinit)
 .noinit        0x1fff8100        0x4 .\CortexM3\ARM_GCC_473\Debug\Cm3Start.o
 .noinit        0x1fff8104        0x1 .\CortexM3\ARM_GCC_473\Debug\Design02.a(CyLib.o)
                0x1fff8104                CyResetStatus

.data           0x1fff8108       0x88 load address 0x0000f5d0
                0x1fff8108                __cy_region_start_data = .
 *(.jcr)
 .jcr           0x1fff8108        0x0 c:/program files (x86)/cypress/psoc creator/3.0/psoc creator/import/gnu_cs/arm/4.7.3/bin/../lib/gcc/arm-none-eabi/4.7.3/armv7-m/crtbegin.o
 .jcr           0x1fff8108        0x4 c:/program files (x86)/cypress/psoc creator/3.0/psoc creator/import/gnu_cs/arm/4.7.3/bin/../lib/gcc/arm-none-eabi/4.7.3/armv7-m/crtend.o
 *(.got.plt)
 *(.got)
 *(.shdata)
 *(.data .data.* .gnu.linkonce.d.*)
 .data          0x1fff810c        0x8 .\CortexM3\ARM_GCC_473\Debug\main.o
                0x1fff810c                i
                0x1fff8110                inter_iter
 .data          0x1fff8114       0x10 .\CortexM3\ARM_GCC_473\Debug\Design02.a(CyLib.o)
                0x1fff8114                cydelay_freq_hz
                0x1fff8118                cydelay_freq_khz
                0x1fff811c                cydelay_freq_mhz
                0x1fff8120                cydelay_32k_ms
 .data.impure_data
                0x1fff8124       0x64 c:/program files (x86)/cypress/psoc creator/3.0/psoc creator/import/gnu_cs/arm/4.7.3/bin/../lib/gcc/arm-none-eabi/4.7.3/../../../../arm-none-eabi/lib/armv7-m\libc_s.a(lib_a-impure.o)
 .data._impure_ptr
                0x1fff8188        0x4 c:/program files (x86)/cypress/psoc creator/3.0/psoc creator/import/gnu_cs/arm/4.7.3/bin/../lib/gcc/arm-none-eabi/4.7.3/../../../../arm-none-eabi/lib/armv7-m\libc_s.a(lib_a-impure.o)
                0x1fff8188                _impure_ptr
                0x1fff8190                . = ALIGN (0x8)
 *fill*         0x1fff818c        0x4 00
 *(.ram)
                0x1fff8190                _edata = .

.igot.plt       0x1fff8190        0x0 load address 0x0000f658
 .igot.plt      0x00000000        0x0 c:/program files (x86)/cypress/psoc creator/3.0/psoc creator/import/gnu_cs/arm/4.7.3/bin/../lib/gcc/arm-none-eabi/4.7.3/armv7-m/crtbegin.o

.bss            0x1fff8190      0x2c0 load address 0x0000f658
                0x1fff8190                PROVIDE (__bss_start__, .)
 *(.shbss)
 *(.bss .bss.* .gnu.linkonce.b.*)
 .bss           0x1fff8190       0x1c c:/program files (x86)/cypress/psoc creator/3.0/psoc creator/import/gnu_cs/arm/4.7.3/bin/../lib/gcc/arm-none-eabi/4.7.3/armv7-m/crtbegin.o
 .bss           0x1fff81ac       0x14 .\CortexM3\ARM_GCC_473\Debug\main.o
                0x1fff81ac                global_time_loops
                0x1fff81b0                global_time
                0x1fff81b4                loop_iter
                0x1fff81b8                inter_iter2
                0x1fff81bc                Estop
 .bss           0x1fff81c0        0x1 .\CortexM3\ARM_GCC_473\Debug\Design02.a(PWM_1.o)
                0x1fff81c0                PWM_1_initVar
 .bss           0x1fff81c1        0x1 .\CortexM3\ARM_GCC_473\Debug\Design02.a(PWM_2.o)
                0x1fff81c1                PWM_2_initVar
 .bss           0x1fff81c2        0x1 .\CortexM3\ARM_GCC_473\Debug\Design02.a(Timer_2.o)
                0x1fff81c2                Timer_2_initVar
 .bss           0x1fff81c3        0x1 .\CortexM3\ARM_GCC_473\Debug\Design02.a(UART_1.o)
                0x1fff81c3                UART_1_initVar
 .bss           0x1fff81c4        0x1 .\CortexM3\ARM_GCC_473\Debug\Design02.a(Timer_3.o)
                0x1fff81c4                Timer_3_initVar
 .bss           0x1fff81c5        0x1 .\CortexM3\ARM_GCC_473\Debug\Design02.a(PWM_3.o)
                0x1fff81c5                PWM_3_initVar
 .bss           0x1fff81c6        0x1 .\CortexM3\ARM_GCC_473\Debug\Design02.a(PWM_4.o)
                0x1fff81c6                PWM_4_initVar
 .bss           0x1fff81c7        0x5 .\CortexM3\ARM_GCC_473\Debug\Design02.a(UART_2.o)
                0x1fff81c7                UART_2_initVar
                0x1fff81c8                UART_2_rxBufferRead
                0x1fff81c9                UART_2_rxBufferWrite
                0x1fff81ca                UART_2_rxBufferLoopDetect
                0x1fff81cb                UART_2_rxBufferOverflow
 .bss           0x1fff81cc        0x1 .\CortexM3\ARM_GCC_473\Debug\Design02.a(Counter_3.o)
                0x1fff81cc                Counter_3_initVar
 .bss           0x1fff81cd        0x1 .\CortexM3\ARM_GCC_473\Debug\Design02.a(Counter_1.o)
                0x1fff81cd                Counter_1_initVar
 .bss           0x1fff81ce        0x1 .\CortexM3\ARM_GCC_473\Debug\Design02.a(Counter_2.o)
                0x1fff81ce                Counter_2_initVar
 .bss           0x1fff81cf        0x1 .\CortexM3\ARM_GCC_473\Debug\Design02.a(Counter_4.o)
                0x1fff81cf                Counter_4_initVar
 .bss           0x1fff81d0        0x1 .\CortexM3\ARM_GCC_473\Debug\Design02.a(Counter_5.o)
                0x1fff81d0                Counter_5_initVar
 .bss           0x1fff81d1        0x1 .\CortexM3\ARM_GCC_473\Debug\Design02.a(Counter_6.o)
                0x1fff81d1                Counter_6_initVar
 .bss           0x1fff81d2        0x1 .\CortexM3\ARM_GCC_473\Debug\Design02.a(Counter_7.o)
                0x1fff81d2                Counter_7_initVar
 .bss           0x1fff81d3        0x1 .\CortexM3\ARM_GCC_473\Debug\Design02.a(Counter_8.o)
                0x1fff81d3                Counter_8_initVar
 .bss           0x1fff81d4        0x1 .\CortexM3\ARM_GCC_473\Debug\Design02.a(PWM_5.o)
                0x1fff81d4                PWM_5_initVar
 *fill*         0x1fff81d5        0x3 00
 .bss.__malloc_free_list
                0x1fff81d8        0x4 c:/program files (x86)/cypress/psoc creator/3.0/psoc creator/import/gnu_cs/arm/4.7.3/bin/../lib/gcc/arm-none-eabi/4.7.3/../../../../arm-none-eabi/lib/armv7-m\libc_s.a(lib_a-mallocr.o)
                0x1fff81d8                __malloc_free_list
 .bss.heap_end.4231
                0x1fff81dc        0x4 c:/program files (x86)/cypress/psoc creator/3.0/psoc creator/import/gnu_cs/arm/4.7.3/bin/../lib/gcc/arm-none-eabi/4.7.3/../../../../arm-none-eabi/lib/armv7-m\libnosys.a(sbrk.o)
 *(COMMON)
 COMMON         0x1fff81e0      0x1f0 .\CortexM3\ARM_GCC_473\Debug\main.o
                0x1fff81e0                motor2pos_current
                0x1fff81e4                rolldot_c
                0x1fff81f0                accelY
                0x1fff81f8                angleIndex8
                0x1fff8200                accelX
                0x1fff8208                motor8pos_previous
                0x1fff820c                velMeasured7
                0x1fff8210                angleIndex4
                0x1fff8214                angle8
                0x1fff8218                motor1pos_previous
                0x1fff821c                cmdVal8
                0x1fff8220                motor6pos_current
                0x1fff8224                velMeasured4
                0x1fff8228                motor1pos_current
                0x1fff822c                angleIndex7
                0x1fff8230                cmdVal5
                0x1fff8234                motor7pos_current
                0x1fff8238                angle6
                0x1fff823c                motor3pos_previous
                0x1fff8240                accelX_c
                0x1fff8248                cmdVal6
                0x1fff8250                yawdot
                0x1fff8258                yawdot_c
                0x1fff8264                torque7
                0x1fff8268                motor5pos_current
                0x1fff826c                cmdVal2
                0x1fff8270                pitchdot_c
                0x1fff827c                angle1
                0x1fff8280                angle4
                0x1fff8284                torque4
                0x1fff8288                velMeasured1
                0x1fff828c                accelZ_c
                0x1fff8294                velMeasured2
                0x1fff8298                angle2
                0x1fff829c                motor2pos_previous
                0x1fff82a0                velMeasured5
                0x1fff82a4                motor8pos_current
                0x1fff82a8                pitch_c
                0x1fff82b4                angleIndex5
                0x1fff82b8                cmdVal7
                0x1fff82bc                motor7pos_previous
                0x1fff82c0                rolldot
                0x1fff82c8                torque1
                0x1fff82cc                motor4pos_current
                0x1fff82d0                angleIndex3
                0x1fff82d4                motor3pos_current
                0x1fff82d8                pitchdot
                0x1fff82e0                accelZ
                0x1fff82e8                velMeasured6
                0x1fff82ec                cmdVal4
                0x1fff82f0                motor4pos_previous
                0x1fff82f4                angle5
                0x1fff82f8                torque6
                0x1fff82fc                roll_c
                0x1fff8308                yaw
                0x1fff8310                pitch
                0x1fff8318                roll
                0x1fff8320                cmdVal1
                0x1fff8324                angleIndex2
                0x1fff8328                motor5pos_previous
                0x1fff832c                angleIndex6
                0x1fff8330                accelY_c
                0x1fff8338                angle3
                0x1fff833c                velMeasured3
                0x1fff8340                angle7
                0x1fff8344                angleIndex1
                0x1fff8348                motor6pos_previous
                0x1fff834c                yaw_c
                0x1fff8358                torque5
                0x1fff835c                torque3
                0x1fff8360                IMUstr
                0x1fff83c0                velMeasured8
                0x1fff83c4                cmdVal3
                0x1fff83c8                torque8
                0x1fff83cc                torque2
 COMMON         0x1fff83d0       0x76 .\CortexM3\ARM_GCC_473\Debug\Design02.a(UART_2.o)
                0x1fff83d0                UART_2_rxBuffer
 *fill*         0x1fff8446        0x2 00
 COMMON         0x1fff8448        0x4 c:/program files (x86)/cypress/psoc creator/3.0/psoc creator/import/gnu_cs/arm/4.7.3/bin/../lib/gcc/arm-none-eabi/4.7.3/../../../../arm-none-eabi/lib/armv7-m\libc_s.a(lib_a-reent.o)
                0x1fff8448                errno
                0x1fff8450                . = ALIGN (0x8)
 *fill*         0x1fff844c        0x4 00
 *(.ram.b)
                0x1fff8450                _end = .
                0x1fff8450                __end = .
                0x1fff8450                PROVIDE (end, .)
                0x1fff8450                PROVIDE (__bss_end__, .)
                0x0000f5d0                __cy_region_init_ram = LOADADDR (.data)
                0x00000088                __cy_region_init_size_ram = (_edata - ADDR (.data))
                0x000002c0                __cy_region_zero_size_ram = (_end - _edata)

.heap           0x1fff8450     0x1000 load address 0x0000f658
                0x1fff8450                . = _end
                0x1fff9450                . = (. + 0x1000)
 *fill*         0x1fff8450     0x1000 00
                0x1fff9450                __cy_heap_limit = .

.stack          0x20004000     0x4000
                0x20004000                __cy_stack_limit = .
                0x20008000                . = (. + 0x4000)
 *fill*         0x20004000     0x4000 00
                0x00000001                ASSERT ((__cy_stack_limit >= __cy_heap_limit), region RAM overflowed with stack)

.cyloadermeta
 *(.cyloadermeta)

.cyloadablemeta
 *(.cyloadablemeta)

.cyconfigecc    0x80000000     0x14bc
 *(.cyconfigecc)
 .cyconfigecc   0x80000000     0x14bc .\CortexM3\ARM_GCC_473\Debug\cymetadata.o
                0x80000000                cy_meta_configecc

.cycustnvl      0x90000000        0x4
 *(.cycustnvl)
 .cycustnvl     0x90000000        0x4 .\CortexM3\ARM_GCC_473\Debug\cymetadata.o
                0x90000000                cy_meta_custnvl

.cywolatch      0x90100000        0x4
 *(.cywolatch)
 .cywolatch     0x90100000        0x4 .\CortexM3\ARM_GCC_473\Debug\cymetadata.o
                0x90100000                cy_meta_wonvl

.cyeeprom       0x90200000        0x0
 *(.cyeeprom)
                0x00000001                ASSERT ((. <= ((0x90200000 + ee_offset) + ee_size)), .cyeeprom data will not fit in EEPROM)

.cyflashprotect
                0x90400000      0x100
 *(.cyflashprotect)
 .cyflashprotect
                0x90400000      0x100 .\CortexM3\ARM_GCC_473\Debug\cymetadata.o
                0x90400000                cy_meta_flashprotect

.cymeta         0x90500000        0xc
 *(.cymeta)
 .cymeta        0x90500000        0xc .\CortexM3\ARM_GCC_473\Debug\cymetadata.o
                0x90500000                cy_metadata

.rel.dyn        0x0000f658        0x0 load address 0x9050000c
 .rel.iplt      0x00000000        0x0 c:/program files (x86)/cypress/psoc creator/3.0/psoc creator/import/gnu_cs/arm/4.7.3/bin/../lib/gcc/arm-none-eabi/4.7.3/armv7-m/crtbegin.o

.stab
 *(.stab)

.stabstr
 *(.stabstr)

.debug
 *(.debug)

.line
 *(.line)

.debug_srcinfo
 *(.debug_srcinfo)

.debug_sfnames
 *(.debug_sfnames)

.debug_aranges  0x00000000     0x1538
 *(.debug_aranges)
 .debug_aranges
                0x00000000       0x50 .\CortexM3\ARM_GCC_473\Debug\main.o
 .debug_aranges
                0x00000050       0x18 .\CortexM3\ARM_GCC_473\Debug\cymetadata.o
 .debug_aranges
                0x00000068       0x40 .\CortexM3\ARM_GCC_473\Debug\Cm3Start.o
 .debug_aranges
                0x000000a8       0x60 .\CortexM3\ARM_GCC_473\Debug\Design02.a(cyfitter_cfg.o)
 .debug_aranges
                0x00000108       0xa8 .\CortexM3\ARM_GCC_473\Debug\Design02.a(PWM_1.o)
 .debug_aranges
                0x000001b0       0x38 .\CortexM3\ARM_GCC_473\Debug\Design02.a(Enable_1.o)
 .debug_aranges
                0x000001e8       0x38 .\CortexM3\ARM_GCC_473\Debug\Design02.a(Enable_2.o)
 .debug_aranges
                0x00000220       0x38 .\CortexM3\ARM_GCC_473\Debug\Design02.a(ePin.o)
 .debug_aranges
                0x00000258       0x20 .\CortexM3\ARM_GCC_473\Debug\Design02.a(CyBootAsmGnu.o)
 .debug_aranges
                0x00000278      0x218 .\CortexM3\ARM_GCC_473\Debug\Design02.a(CyLib.o)
 .debug_aranges
                0x00000490       0x90 .\CortexM3\ARM_GCC_473\Debug\Design02.a(cyPm.o)
 .debug_aranges
                0x00000520       0xa8 .\CortexM3\ARM_GCC_473\Debug\Design02.a(PWM_2.o)
 .debug_aranges
                0x000005c8       0x88 .\CortexM3\ARM_GCC_473\Debug\Design02.a(Timer_2.o)
 .debug_aranges
                0x00000650       0x80 .\CortexM3\ARM_GCC_473\Debug\Design02.a(isr_1.o)
 .debug_aranges
                0x000006d0      0x100 .\CortexM3\ARM_GCC_473\Debug\Design02.a(UART_1.o)
 .debug_aranges
                0x000007d0       0x70 .\CortexM3\ARM_GCC_473\Debug\Design02.a(UART_1_IntClock.o)
 .debug_aranges
                0x00000840       0x80 .\CortexM3\ARM_GCC_473\Debug\Design02.a(isr_3.o)
 .debug_aranges
                0x000008c0       0x88 .\CortexM3\ARM_GCC_473\Debug\Design02.a(Timer_3.o)
 .debug_aranges
                0x00000948       0xa8 .\CortexM3\ARM_GCC_473\Debug\Design02.a(PWM_3.o)
 .debug_aranges
                0x000009f0       0x78 .\CortexM3\ARM_GCC_473\Debug\Design02.a(PWM_4.o)
 .debug_aranges
                0x00000a68       0xa8 .\CortexM3\ARM_GCC_473\Debug\Design02.a(UART_2.o)
 .debug_aranges
                0x00000b10       0x20 .\CortexM3\ARM_GCC_473\Debug\Design02.a(UART_2_INT.o)
 .debug_aranges
                0x00000b30       0x70 .\CortexM3\ARM_GCC_473\Debug\Design02.a(UART_2_IntClock.o)
 .debug_aranges
                0x00000ba0       0x38 .\CortexM3\ARM_GCC_473\Debug\Design02.a(Enable_3.o)
 .debug_aranges
                0x00000bd8       0x38 .\CortexM3\ARM_GCC_473\Debug\Design02.a(Enable_4.o)
 .debug_aranges
                0x00000c10       0x38 .\CortexM3\ARM_GCC_473\Debug\Design02.a(foot12.o)
 .debug_aranges
                0x00000c48       0x38 .\CortexM3\ARM_GCC_473\Debug\Design02.a(foot34.o)
 .debug_aranges
                0x00000c80       0x98 .\CortexM3\ARM_GCC_473\Debug\Design02.a(Counter_3.o)
 .debug_aranges
                0x00000d18       0x38 .\CortexM3\ARM_GCC_473\Debug\Design02.a(Enable_5.o)
 .debug_aranges
                0x00000d50       0x38 .\CortexM3\ARM_GCC_473\Debug\Design02.a(Enable_6.o)
 .debug_aranges
                0x00000d88       0x38 .\CortexM3\ARM_GCC_473\Debug\Design02.a(foot78.o)
 .debug_aranges
                0x00000dc0       0x38 .\CortexM3\ARM_GCC_473\Debug\Design02.a(foot56.o)
 .debug_aranges
                0x00000df8       0x98 .\CortexM3\ARM_GCC_473\Debug\Design02.a(Counter_1.o)
 .debug_aranges
                0x00000e90       0x98 .\CortexM3\ARM_GCC_473\Debug\Design02.a(Counter_2.o)
 .debug_aranges
                0x00000f28       0x98 .\CortexM3\ARM_GCC_473\Debug\Design02.a(Counter_4.o)
 .debug_aranges
                0x00000fc0       0x98 .\CortexM3\ARM_GCC_473\Debug\Design02.a(Counter_5.o)
 .debug_aranges
                0x00001058       0x98 .\CortexM3\ARM_GCC_473\Debug\Design02.a(Counter_6.o)
 .debug_aranges
                0x000010f0       0x98 .\CortexM3\ARM_GCC_473\Debug\Design02.a(Counter_7.o)
 .debug_aranges
                0x00001188       0x98 .\CortexM3\ARM_GCC_473\Debug\Design02.a(Counter_8.o)
 .debug_aranges
                0x00001220       0x78 .\CortexM3\ARM_GCC_473\Debug\Design02.a(PWM_5.o)
 .debug_aranges
                0x00001298       0x38 .\CortexM3\ARM_GCC_473\Debug\Design02.a(Enable_7.o)
 .debug_aranges
                0x000012d0       0x38 .\CortexM3\ARM_GCC_473\Debug\Design02.a(Enable_8.o)
 .debug_aranges
                0x00001308       0x38 .\CortexM3\ARM_GCC_473\Debug\Design02.a(LED1.o)
 .debug_aranges
                0x00001340       0x38 .\CortexM3\ARM_GCC_473\Debug\Design02.a(LED2.o)
 .debug_aranges
                0x00001378       0x38 .\CortexM3\ARM_GCC_473\Debug\Design02.a(LED3.o)
 .debug_aranges
                0x000013b0       0x38 .\CortexM3\ARM_GCC_473\Debug\Design02.a(LED4.o)
 .debug_aranges
                0x000013e8       0x38 .\CortexM3\ARM_GCC_473\Debug\Design02.a(LED5.o)
 .debug_aranges
                0x00001420       0x38 .\CortexM3\ARM_GCC_473\Debug\Design02.a(pinA.o)
 .debug_aranges
                0x00001458       0x78 .\CortexM3\ARM_GCC_473\Debug\Design02.a(CyFlash.o)
 .debug_aranges
                0x000014d0       0x68 .\CortexM3\ARM_GCC_473\Debug\Design02.a(CySpc.o)

.debug_pubnames
 *(.debug_pubnames)

.debug_info     0x00000000     0x8490
 *(.debug_info .gnu.linkonce.wi.*)
 .debug_info    0x00000000      0xab2 .\CortexM3\ARM_GCC_473\Debug\main.o
 .debug_info    0x00000ab2      0x143 .\CortexM3\ARM_GCC_473\Debug\cymetadata.o
 .debug_info    0x00000bf5      0x2ea .\CortexM3\ARM_GCC_473\Debug\Cm3Start.o
 .debug_info    0x00000edf      0x47e .\CortexM3\ARM_GCC_473\Debug\Design02.a(cyfitter_cfg.o)
 .debug_info    0x0000135d      0x34b .\CortexM3\ARM_GCC_473\Debug\Design02.a(PWM_1.o)
 .debug_info    0x000016a8      0x134 .\CortexM3\ARM_GCC_473\Debug\Design02.a(Enable_1.o)
 .debug_info    0x000017dc      0x134 .\CortexM3\ARM_GCC_473\Debug\Design02.a(Enable_2.o)
 .debug_info    0x00001910      0x134 .\CortexM3\ARM_GCC_473\Debug\Design02.a(ePin.o)
 .debug_info    0x00001a44       0x9e .\CortexM3\ARM_GCC_473\Debug\Design02.a(CyBootAsmGnu.o)
 .debug_info    0x00001ae2      0xcd7 .\CortexM3\ARM_GCC_473\Debug\Design02.a(CyLib.o)
 .debug_info    0x000027b9      0x5c3 .\CortexM3\ARM_GCC_473\Debug\Design02.a(cyPm.o)
 .debug_info    0x00002d7c      0x34b .\CortexM3\ARM_GCC_473\Debug\Design02.a(PWM_2.o)
 .debug_info    0x000030c7      0x285 .\CortexM3\ARM_GCC_473\Debug\Design02.a(Timer_2.o)
 .debug_info    0x0000334c      0x278 .\CortexM3\ARM_GCC_473\Debug\Design02.a(isr_1.o)
 .debug_info    0x000035c4      0x5a7 .\CortexM3\ARM_GCC_473\Debug\Design02.a(UART_1.o)
 .debug_info    0x00003b6b      0x294 .\CortexM3\ARM_GCC_473\Debug\Design02.a(UART_1_IntClock.o)
 .debug_info    0x00003dff      0x278 .\CortexM3\ARM_GCC_473\Debug\Design02.a(isr_3.o)
 .debug_info    0x00004077      0x285 .\CortexM3\ARM_GCC_473\Debug\Design02.a(Timer_3.o)
 .debug_info    0x000042fc      0x34b .\CortexM3\ARM_GCC_473\Debug\Design02.a(PWM_3.o)
 .debug_info    0x00004647      0x27f .\CortexM3\ARM_GCC_473\Debug\Design02.a(PWM_4.o)
 .debug_info    0x000048c6      0x439 .\CortexM3\ARM_GCC_473\Debug\Design02.a(UART_2.o)
 .debug_info    0x00004cff      0x139 .\CortexM3\ARM_GCC_473\Debug\Design02.a(UART_2_INT.o)
 .debug_info    0x00004e38      0x294 .\CortexM3\ARM_GCC_473\Debug\Design02.a(UART_2_IntClock.o)
 .debug_info    0x000050cc      0x134 .\CortexM3\ARM_GCC_473\Debug\Design02.a(Enable_3.o)
 .debug_info    0x00005200      0x134 .\CortexM3\ARM_GCC_473\Debug\Design02.a(Enable_4.o)
 .debug_info    0x00005334      0x134 .\CortexM3\ARM_GCC_473\Debug\Design02.a(foot12.o)
 .debug_info    0x00005468      0x134 .\CortexM3\ARM_GCC_473\Debug\Design02.a(foot34.o)
 .debug_info    0x0000559c      0x2db .\CortexM3\ARM_GCC_473\Debug\Design02.a(Counter_3.o)
 .debug_info    0x00005877      0x134 .\CortexM3\ARM_GCC_473\Debug\Design02.a(Enable_5.o)
 .debug_info    0x000059ab      0x134 .\CortexM3\ARM_GCC_473\Debug\Design02.a(Enable_6.o)
 .debug_info    0x00005adf      0x134 .\CortexM3\ARM_GCC_473\Debug\Design02.a(foot78.o)
 .debug_info    0x00005c13      0x134 .\CortexM3\ARM_GCC_473\Debug\Design02.a(foot56.o)
 .debug_info    0x00005d47      0x2db .\CortexM3\ARM_GCC_473\Debug\Design02.a(Counter_1.o)
 .debug_info    0x00006022      0x2db .\CortexM3\ARM_GCC_473\Debug\Design02.a(Counter_2.o)
 .debug_info    0x000062fd      0x2db .\CortexM3\ARM_GCC_473\Debug\Design02.a(Counter_4.o)
 .debug_info    0x000065d8      0x2db .\CortexM3\ARM_GCC_473\Debug\Design02.a(Counter_5.o)
 .debug_info    0x000068b3      0x2db .\CortexM3\ARM_GCC_473\Debug\Design02.a(Counter_6.o)
 .debug_info    0x00006b8e      0x2db .\CortexM3\ARM_GCC_473\Debug\Design02.a(Counter_7.o)
 .debug_info    0x00006e69      0x2db .\CortexM3\ARM_GCC_473\Debug\Design02.a(Counter_8.o)
 .debug_info    0x00007144      0x27f .\CortexM3\ARM_GCC_473\Debug\Design02.a(PWM_5.o)
 .debug_info    0x000073c3      0x134 .\CortexM3\ARM_GCC_473\Debug\Design02.a(Enable_7.o)
 .debug_info    0x000074f7      0x134 .\CortexM3\ARM_GCC_473\Debug\Design02.a(Enable_8.o)
 .debug_info    0x0000762b      0x134 .\CortexM3\ARM_GCC_473\Debug\Design02.a(LED1.o)
 .debug_info    0x0000775f      0x134 .\CortexM3\ARM_GCC_473\Debug\Design02.a(LED2.o)
 .debug_info    0x00007893      0x134 .\CortexM3\ARM_GCC_473\Debug\Design02.a(LED3.o)
 .debug_info    0x000079c7      0x134 .\CortexM3\ARM_GCC_473\Debug\Design02.a(LED4.o)
 .debug_info    0x00007afb      0x134 .\CortexM3\ARM_GCC_473\Debug\Design02.a(LED5.o)
 .debug_info    0x00007c2f      0x134 .\CortexM3\ARM_GCC_473\Debug\Design02.a(pinA.o)
 .debug_info    0x00007d63      0x354 .\CortexM3\ARM_GCC_473\Debug\Design02.a(CyFlash.o)
 .debug_info    0x000080b7      0x3d9 .\CortexM3\ARM_GCC_473\Debug\Design02.a(CySpc.o)

.debug_abbrev   0x00000000     0x2f69
 *(.debug_abbrev)
 .debug_abbrev  0x00000000      0x171 .\CortexM3\ARM_GCC_473\Debug\main.o
 .debug_abbrev  0x00000171       0x77 .\CortexM3\ARM_GCC_473\Debug\cymetadata.o
 .debug_abbrev  0x000001e8      0x175 .\CortexM3\ARM_GCC_473\Debug\Cm3Start.o
 .debug_abbrev  0x0000035d      0x1b9 .\CortexM3\ARM_GCC_473\Debug\Design02.a(cyfitter_cfg.o)
 .debug_abbrev  0x00000516      0x130 .\CortexM3\ARM_GCC_473\Debug\Design02.a(PWM_1.o)
 .debug_abbrev  0x00000646       0x92 .\CortexM3\ARM_GCC_473\Debug\Design02.a(Enable_1.o)
 .debug_abbrev  0x000006d8       0x92 .\CortexM3\ARM_GCC_473\Debug\Design02.a(Enable_2.o)
 .debug_abbrev  0x0000076a       0x92 .\CortexM3\ARM_GCC_473\Debug\Design02.a(ePin.o)
 .debug_abbrev  0x000007fc       0x14 .\CortexM3\ARM_GCC_473\Debug\Design02.a(CyBootAsmGnu.o)
 .debug_abbrev  0x00000810      0x207 .\CortexM3\ARM_GCC_473\Debug\Design02.a(CyLib.o)
 .debug_abbrev  0x00000a17      0x170 .\CortexM3\ARM_GCC_473\Debug\Design02.a(cyPm.o)
 .debug_abbrev  0x00000b87      0x130 .\CortexM3\ARM_GCC_473\Debug\Design02.a(PWM_2.o)
 .debug_abbrev  0x00000cb7       0xeb .\CortexM3\ARM_GCC_473\Debug\Design02.a(Timer_2.o)
 .debug_abbrev  0x00000da2      0x12d .\CortexM3\ARM_GCC_473\Debug\Design02.a(isr_1.o)
 .debug_abbrev  0x00000ecf      0x17d .\CortexM3\ARM_GCC_473\Debug\Design02.a(UART_1.o)
 .debug_abbrev  0x0000104c      0x11f .\CortexM3\ARM_GCC_473\Debug\Design02.a(UART_1_IntClock.o)
 .debug_abbrev  0x0000116b      0x12d .\CortexM3\ARM_GCC_473\Debug\Design02.a(isr_3.o)
 .debug_abbrev  0x00001298       0xeb .\CortexM3\ARM_GCC_473\Debug\Design02.a(Timer_3.o)
 .debug_abbrev  0x00001383      0x130 .\CortexM3\ARM_GCC_473\Debug\Design02.a(PWM_3.o)
 .debug_abbrev  0x000014b3      0x118 .\CortexM3\ARM_GCC_473\Debug\Design02.a(PWM_4.o)
 .debug_abbrev  0x000015cb      0x17a .\CortexM3\ARM_GCC_473\Debug\Design02.a(UART_2.o)
 .debug_abbrev  0x00001745       0x8c .\CortexM3\ARM_GCC_473\Debug\Design02.a(UART_2_INT.o)
 .debug_abbrev  0x000017d1      0x11f .\CortexM3\ARM_GCC_473\Debug\Design02.a(UART_2_IntClock.o)
 .debug_abbrev  0x000018f0       0x92 .\CortexM3\ARM_GCC_473\Debug\Design02.a(Enable_3.o)
 .debug_abbrev  0x00001982       0x92 .\CortexM3\ARM_GCC_473\Debug\Design02.a(Enable_4.o)
 .debug_abbrev  0x00001a14       0x92 .\CortexM3\ARM_GCC_473\Debug\Design02.a(foot12.o)
 .debug_abbrev  0x00001aa6       0x92 .\CortexM3\ARM_GCC_473\Debug\Design02.a(foot34.o)
 .debug_abbrev  0x00001b38      0x12e .\CortexM3\ARM_GCC_473\Debug\Design02.a(Counter_3.o)
 .debug_abbrev  0x00001c66       0x92 .\CortexM3\ARM_GCC_473\Debug\Design02.a(Enable_5.o)
 .debug_abbrev  0x00001cf8       0x92 .\CortexM3\ARM_GCC_473\Debug\Design02.a(Enable_6.o)
 .debug_abbrev  0x00001d8a       0x92 .\CortexM3\ARM_GCC_473\Debug\Design02.a(foot78.o)
 .debug_abbrev  0x00001e1c       0x92 .\CortexM3\ARM_GCC_473\Debug\Design02.a(foot56.o)
 .debug_abbrev  0x00001eae      0x12e .\CortexM3\ARM_GCC_473\Debug\Design02.a(Counter_1.o)
 .debug_abbrev  0x00001fdc      0x12e .\CortexM3\ARM_GCC_473\Debug\Design02.a(Counter_2.o)
 .debug_abbrev  0x0000210a      0x12e .\CortexM3\ARM_GCC_473\Debug\Design02.a(Counter_4.o)
 .debug_abbrev  0x00002238      0x12e .\CortexM3\ARM_GCC_473\Debug\Design02.a(Counter_5.o)
 .debug_abbrev  0x00002366      0x12e .\CortexM3\ARM_GCC_473\Debug\Design02.a(Counter_6.o)
 .debug_abbrev  0x00002494      0x12e .\CortexM3\ARM_GCC_473\Debug\Design02.a(Counter_7.o)
 .debug_abbrev  0x000025c2      0x12e .\CortexM3\ARM_GCC_473\Debug\Design02.a(Counter_8.o)
 .debug_abbrev  0x000026f0      0x118 .\CortexM3\ARM_GCC_473\Debug\Design02.a(PWM_5.o)
 .debug_abbrev  0x00002808       0x92 .\CortexM3\ARM_GCC_473\Debug\Design02.a(Enable_7.o)
 .debug_abbrev  0x0000289a       0x92 .\CortexM3\ARM_GCC_473\Debug\Design02.a(Enable_8.o)
 .debug_abbrev  0x0000292c       0x92 .\CortexM3\ARM_GCC_473\Debug\Design02.a(LED1.o)
 .debug_abbrev  0x000029be       0x92 .\CortexM3\ARM_GCC_473\Debug\Design02.a(LED2.o)
 .debug_abbrev  0x00002a50       0x92 .\CortexM3\ARM_GCC_473\Debug\Design02.a(LED3.o)
 .debug_abbrev  0x00002ae2       0x92 .\CortexM3\ARM_GCC_473\Debug\Design02.a(LED4.o)
 .debug_abbrev  0x00002b74       0x92 .\CortexM3\ARM_GCC_473\Debug\Design02.a(LED5.o)
 .debug_abbrev  0x00002c06       0x92 .\CortexM3\ARM_GCC_473\Debug\Design02.a(pinA.o)
 .debug_abbrev  0x00002c98      0x172 .\CortexM3\ARM_GCC_473\Debug\Design02.a(CyFlash.o)
 .debug_abbrev  0x00002e0a      0x15f .\CortexM3\ARM_GCC_473\Debug\Design02.a(CySpc.o)

.debug_line     0x00000000     0x44cb
 *(.debug_line)
 .debug_line    0x00000000      0x494 .\CortexM3\ARM_GCC_473\Debug\main.o
 .debug_line    0x00000494       0x53 .\CortexM3\ARM_GCC_473\Debug\cymetadata.o
 .debug_line    0x000004e7      0x1b0 .\CortexM3\ARM_GCC_473\Debug\Cm3Start.o
 .debug_line    0x00000697      0x22f .\CortexM3\ARM_GCC_473\Debug\Design02.a(cyfitter_cfg.o)
 .debug_line    0x000008c6      0x1b3 .\CortexM3\ARM_GCC_473\Debug\Design02.a(PWM_1.o)
 .debug_line    0x00000a79       0x9a .\CortexM3\ARM_GCC_473\Debug\Design02.a(Enable_1.o)
 .debug_line    0x00000b13       0x9a .\CortexM3\ARM_GCC_473\Debug\Design02.a(Enable_2.o)
 .debug_line    0x00000bad       0x96 .\CortexM3\ARM_GCC_473\Debug\Design02.a(ePin.o)
 .debug_line    0x00000c43       0x68 .\CortexM3\ARM_GCC_473\Debug\Design02.a(CyBootAsmGnu.o)
 .debug_line    0x00000cab      0x73b .\CortexM3\ARM_GCC_473\Debug\Design02.a(CyLib.o)
 .debug_line    0x000013e6      0x370 .\CortexM3\ARM_GCC_473\Debug\Design02.a(cyPm.o)
 .debug_line    0x00001756      0x1b3 .\CortexM3\ARM_GCC_473\Debug\Design02.a(PWM_2.o)
 .debug_line    0x00001909      0x161 .\CortexM3\ARM_GCC_473\Debug\Design02.a(Timer_2.o)
 .debug_line    0x00001a6a      0x150 .\CortexM3\ARM_GCC_473\Debug\Design02.a(isr_1.o)
 .debug_line    0x00001bba      0x30f .\CortexM3\ARM_GCC_473\Debug\Design02.a(UART_1.o)
 .debug_line    0x00001ec9      0x1a6 .\CortexM3\ARM_GCC_473\Debug\Design02.a(UART_1_IntClock.o)
 .debug_line    0x0000206f      0x150 .\CortexM3\ARM_GCC_473\Debug\Design02.a(isr_3.o)
 .debug_line    0x000021bf      0x161 .\CortexM3\ARM_GCC_473\Debug\Design02.a(Timer_3.o)
 .debug_line    0x00002320      0x1b3 .\CortexM3\ARM_GCC_473\Debug\Design02.a(PWM_3.o)
 .debug_line    0x000024d3      0x143 .\CortexM3\ARM_GCC_473\Debug\Design02.a(PWM_4.o)
 .debug_line    0x00002616      0x202 .\CortexM3\ARM_GCC_473\Debug\Design02.a(UART_2.o)
 .debug_line    0x00002818       0x92 .\CortexM3\ARM_GCC_473\Debug\Design02.a(UART_2_INT.o)
 .debug_line    0x000028aa      0x1a6 .\CortexM3\ARM_GCC_473\Debug\Design02.a(UART_2_IntClock.o)
 .debug_line    0x00002a50       0x9a .\CortexM3\ARM_GCC_473\Debug\Design02.a(Enable_3.o)
 .debug_line    0x00002aea       0x9a .\CortexM3\ARM_GCC_473\Debug\Design02.a(Enable_4.o)
 .debug_line    0x00002b84       0x98 .\CortexM3\ARM_GCC_473\Debug\Design02.a(foot12.o)
 .debug_line    0x00002c1c       0x98 .\CortexM3\ARM_GCC_473\Debug\Design02.a(foot34.o)
 .debug_line    0x00002cb4      0x18d .\CortexM3\ARM_GCC_473\Debug\Design02.a(Counter_3.o)
 .debug_line    0x00002e41       0x9a .\CortexM3\ARM_GCC_473\Debug\Design02.a(Enable_5.o)
 .debug_line    0x00002edb       0x9a .\CortexM3\ARM_GCC_473\Debug\Design02.a(Enable_6.o)
 .debug_line    0x00002f75       0x98 .\CortexM3\ARM_GCC_473\Debug\Design02.a(foot78.o)
 .debug_line    0x0000300d       0x98 .\CortexM3\ARM_GCC_473\Debug\Design02.a(foot56.o)
 .debug_line    0x000030a5      0x18d .\CortexM3\ARM_GCC_473\Debug\Design02.a(Counter_1.o)
 .debug_line    0x00003232      0x18d .\CortexM3\ARM_GCC_473\Debug\Design02.a(Counter_2.o)
 .debug_line    0x000033bf      0x18d .\CortexM3\ARM_GCC_473\Debug\Design02.a(Counter_4.o)
 .debug_line    0x0000354c      0x18d .\CortexM3\ARM_GCC_473\Debug\Design02.a(Counter_5.o)
 .debug_line    0x000036d9      0x18d .\CortexM3\ARM_GCC_473\Debug\Design02.a(Counter_6.o)
 .debug_line    0x00003866      0x18d .\CortexM3\ARM_GCC_473\Debug\Design02.a(Counter_7.o)
 .debug_line    0x000039f3      0x18d .\CortexM3\ARM_GCC_473\Debug\Design02.a(Counter_8.o)
 .debug_line    0x00003b80      0x143 .\CortexM3\ARM_GCC_473\Debug\Design02.a(PWM_5.o)
 .debug_line    0x00003cc3       0x9a .\CortexM3\ARM_GCC_473\Debug\Design02.a(Enable_7.o)
 .debug_line    0x00003d5d       0x9a .\CortexM3\ARM_GCC_473\Debug\Design02.a(Enable_8.o)
 .debug_line    0x00003df7       0x96 .\CortexM3\ARM_GCC_473\Debug\Design02.a(LED1.o)
 .debug_line    0x00003e8d       0x96 .\CortexM3\ARM_GCC_473\Debug\Design02.a(LED2.o)
 .debug_line    0x00003f23       0x96 .\CortexM3\ARM_GCC_473\Debug\Design02.a(LED3.o)
 .debug_line    0x00003fb9       0x96 .\CortexM3\ARM_GCC_473\Debug\Design02.a(LED4.o)
 .debug_line    0x0000404f       0x96 .\CortexM3\ARM_GCC_473\Debug\Design02.a(LED5.o)
 .debug_line    0x000040e5       0x96 .\CortexM3\ARM_GCC_473\Debug\Design02.a(pinA.o)
 .debug_line    0x0000417b      0x1a9 .\CortexM3\ARM_GCC_473\Debug\Design02.a(CyFlash.o)
 .debug_line    0x00004324      0x1a7 .\CortexM3\ARM_GCC_473\Debug\Design02.a(CySpc.o)

.debug_frame    0x00000000     0x4764
 *(.debug_frame)
 .debug_frame   0x00000000       0xfc .\CortexM3\ARM_GCC_473\Debug\main.o
 .debug_frame   0x000000fc       0xa4 .\CortexM3\ARM_GCC_473\Debug\Cm3Start.o
 .debug_frame   0x000001a0      0x120 .\CortexM3\ARM_GCC_473\Debug\Design02.a(cyfitter_cfg.o)
 .debug_frame   0x000002c0      0x20c .\CortexM3\ARM_GCC_473\Debug\Design02.a(PWM_1.o)
 .debug_frame   0x000004cc       0x80 .\CortexM3\ARM_GCC_473\Debug\Design02.a(Enable_1.o)
 .debug_frame   0x0000054c       0x80 .\CortexM3\ARM_GCC_473\Debug\Design02.a(Enable_2.o)
 .debug_frame   0x000005cc       0x80 .\CortexM3\ARM_GCC_473\Debug\Design02.a(ePin.o)
 .debug_frame   0x0000064c      0x778 .\CortexM3\ARM_GCC_473\Debug\Design02.a(CyLib.o)
 .debug_frame   0x00000dc4      0x1d0 .\CortexM3\ARM_GCC_473\Debug\Design02.a(cyPm.o)
 .debug_frame   0x00000f94      0x20c .\CortexM3\ARM_GCC_473\Debug\Design02.a(PWM_2.o)
 .debug_frame   0x000011a0      0x198 .\CortexM3\ARM_GCC_473\Debug\Design02.a(Timer_2.o)
 .debug_frame   0x00001338      0x180 .\CortexM3\ARM_GCC_473\Debug\Design02.a(isr_1.o)
 .debug_frame   0x000014b8      0x368 .\CortexM3\ARM_GCC_473\Debug\Design02.a(UART_1.o)
 .debug_frame   0x00001820      0x14c .\CortexM3\ARM_GCC_473\Debug\Design02.a(UART_1_IntClock.o)
 .debug_frame   0x0000196c      0x180 .\CortexM3\ARM_GCC_473\Debug\Design02.a(isr_3.o)
 .debug_frame   0x00001aec      0x198 .\CortexM3\ARM_GCC_473\Debug\Design02.a(Timer_3.o)
 .debug_frame   0x00001c84      0x20c .\CortexM3\ARM_GCC_473\Debug\Design02.a(PWM_3.o)
 .debug_frame   0x00001e90      0x164 .\CortexM3\ARM_GCC_473\Debug\Design02.a(PWM_4.o)
 .debug_frame   0x00001ff4      0x228 .\CortexM3\ARM_GCC_473\Debug\Design02.a(UART_2.o)
 .debug_frame   0x0000221c       0x2c .\CortexM3\ARM_GCC_473\Debug\Design02.a(UART_2_INT.o)
 .debug_frame   0x00002248      0x14c .\CortexM3\ARM_GCC_473\Debug\Design02.a(UART_2_IntClock.o)
 .debug_frame   0x00002394       0x80 .\CortexM3\ARM_GCC_473\Debug\Design02.a(Enable_3.o)
 .debug_frame   0x00002414       0x80 .\CortexM3\ARM_GCC_473\Debug\Design02.a(Enable_4.o)
 .debug_frame   0x00002494       0x80 .\CortexM3\ARM_GCC_473\Debug\Design02.a(foot12.o)
 .debug_frame   0x00002514       0x80 .\CortexM3\ARM_GCC_473\Debug\Design02.a(foot34.o)
 .debug_frame   0x00002594      0x1d4 .\CortexM3\ARM_GCC_473\Debug\Design02.a(Counter_3.o)
 .debug_frame   0x00002768       0x80 .\CortexM3\ARM_GCC_473\Debug\Design02.a(Enable_5.o)
 .debug_frame   0x000027e8       0x80 .\CortexM3\ARM_GCC_473\Debug\Design02.a(Enable_6.o)
 .debug_frame   0x00002868       0x80 .\CortexM3\ARM_GCC_473\Debug\Design02.a(foot78.o)
 .debug_frame   0x000028e8       0x80 .\CortexM3\ARM_GCC_473\Debug\Design02.a(foot56.o)
 .debug_frame   0x00002968      0x1d4 .\CortexM3\ARM_GCC_473\Debug\Design02.a(Counter_1.o)
 .debug_frame   0x00002b3c      0x1d4 .\CortexM3\ARM_GCC_473\Debug\Design02.a(Counter_2.o)
 .debug_frame   0x00002d10      0x1d4 .\CortexM3\ARM_GCC_473\Debug\Design02.a(Counter_4.o)
 .debug_frame   0x00002ee4      0x1d4 .\CortexM3\ARM_GCC_473\Debug\Design02.a(Counter_5.o)
 .debug_frame   0x000030b8      0x1d4 .\CortexM3\ARM_GCC_473\Debug\Design02.a(Counter_6.o)
 .debug_frame   0x0000328c      0x1d4 .\CortexM3\ARM_GCC_473\Debug\Design02.a(Counter_7.o)
 .debug_frame   0x00003460      0x1d4 .\CortexM3\ARM_GCC_473\Debug\Design02.a(Counter_8.o)
 .debug_frame   0x00003634      0x164 .\CortexM3\ARM_GCC_473\Debug\Design02.a(PWM_5.o)
 .debug_frame   0x00003798       0x80 .\CortexM3\ARM_GCC_473\Debug\Design02.a(Enable_7.o)
 .debug_frame   0x00003818       0x80 .\CortexM3\ARM_GCC_473\Debug\Design02.a(Enable_8.o)
 .debug_frame   0x00003898       0x80 .\CortexM3\ARM_GCC_473\Debug\Design02.a(LED1.o)
 .debug_frame   0x00003918       0x80 .\CortexM3\ARM_GCC_473\Debug\Design02.a(LED2.o)
 .debug_frame   0x00003998       0x80 .\CortexM3\ARM_GCC_473\Debug\Design02.a(LED3.o)
 .debug_frame   0x00003a18       0x80 .\CortexM3\ARM_GCC_473\Debug\Design02.a(LED4.o)
 .debug_frame   0x00003a98       0x80 .\CortexM3\ARM_GCC_473\Debug\Design02.a(LED5.o)
 .debug_frame   0x00003b18       0x80 .\CortexM3\ARM_GCC_473\Debug\Design02.a(pinA.o)
 .debug_frame   0x00003b98      0x178 .\CortexM3\ARM_GCC_473\Debug\Design02.a(CyFlash.o)
 .debug_frame   0x00003d10      0x13c .\CortexM3\ARM_GCC_473\Debug\Design02.a(CySpc.o)
 .debug_frame   0x00003e4c       0x28 c:/program files (x86)/cypress/psoc creator/3.0/psoc creator/import/gnu_cs/arm/4.7.3/bin/../lib/gcc/arm-none-eabi/4.7.3/../../../../arm-none-eabi/lib/armv7-m\libc_s.a(lib_a-__atexit2.o)
 .debug_frame   0x00003e74       0x28 c:/program files (x86)/cypress/psoc creator/3.0/psoc creator/import/gnu_cs/arm/4.7.3/bin/../lib/gcc/arm-none-eabi/4.7.3/../../../../arm-none-eabi/lib/armv7-m\libc_s.a(lib_a-exit.o)
 .debug_frame   0x00003e9c       0x2c c:/program files (x86)/cypress/psoc creator/3.0/psoc creator/import/gnu_cs/arm/4.7.3/bin/../lib/gcc/arm-none-eabi/4.7.3/../../../../arm-none-eabi/lib/armv7-m\libc_s.a(lib_a-fini.o)
 .debug_frame   0x00003ec8       0x2c c:/program files (x86)/cypress/psoc creator/3.0/psoc creator/import/gnu_cs/arm/4.7.3/bin/../lib/gcc/arm-none-eabi/4.7.3/../../../../arm-none-eabi/lib/armv7-m\libc_s.a(lib_a-init.o)
 .debug_frame   0x00003ef4       0x28 c:/program files (x86)/cypress/psoc creator/3.0/psoc creator/import/gnu_cs/arm/4.7.3/bin/../lib/gcc/arm-none-eabi/4.7.3/../../../../arm-none-eabi/lib/armv7-m\libc_s.a(lib_a-memcpy.o)
 .debug_frame   0x00003f1c       0x20 c:/program files (x86)/cypress/psoc creator/3.0/psoc creator/import/gnu_cs/arm/4.7.3/bin/../lib/gcc/arm-none-eabi/4.7.3/../../../../arm-none-eabi/lib/armv7-m\libc_s.a(lib_a-memset.o)