Archive member included because of file (symbol)

.\CortexM3\ARM_GCC_473\Debug\Design02.a(cyfitter_cfg.o)
                              .\CortexM3\ARM_GCC_473\Debug\Cm3Start.o (cyfitter_cfg)
.\CortexM3\ARM_GCC_473\Debug\Design02.a(PWM_1.o)
                              .\CortexM3\ARM_GCC_473\Debug\main.o (PWM_1_Start)
.\CortexM3\ARM_GCC_473\Debug\Design02.a(Enable_1.o)
                              .\CortexM3\ARM_GCC_473\Debug\main.o (Enable_1_Write)
.\CortexM3\ARM_GCC_473\Debug\Design02.a(Enable_2.o)
                              .\CortexM3\ARM_GCC_473\Debug\main.o (Enable_2_Write)
.\CortexM3\ARM_GCC_473\Debug\Design02.a(ePin.o)
                              .\CortexM3\ARM_GCC_473\Debug\main.o (ePin_Read)
.\CortexM3\ARM_GCC_473\Debug\Design02.a(CyBootAsmGnu.o)
                              .\CortexM3\ARM_GCC_473\Debug\Design02.a(cyfitter_cfg.o) (CyDelayCycles)
.\CortexM3\ARM_GCC_473\Debug\Design02.a(CyLib.o)
                              .\CortexM3\ARM_GCC_473\Debug\Cm3Start.o (CyResetStatus)
.\CortexM3\ARM_GCC_473\Debug\Design02.a(cyPm.o)
                              .\CortexM3\ARM_GCC_473\Debug\Design02.a(CyLib.o) (CyPmReadStatus)
.\CortexM3\ARM_GCC_473\Debug\Design02.a(PWM_2.o)
                              .\CortexM3\ARM_GCC_473\Debug\main.o (PWM_2_Start)
.\CortexM3\ARM_GCC_473\Debug\Design02.a(Timer_2.o)
                              .\CortexM3\ARM_GCC_473\Debug\main.o (Timer_2_Start)
.\CortexM3\ARM_GCC_473\Debug\Design02.a(isr_1.o)
                              .\CortexM3\ARM_GCC_473\Debug\main.o (isr_1_StartEx)
.\CortexM3\ARM_GCC_473\Debug\Design02.a(UART_1.o)
                              .\CortexM3\ARM_GCC_473\Debug\main.o (UART_1_Start)
.\CortexM3\ARM_GCC_473\Debug\Design02.a(UART_1_IntClock.o)
                              .\CortexM3\ARM_GCC_473\Debug\Design02.a(UART_1.o) (UART_1_IntClock_Start)
.\CortexM3\ARM_GCC_473\Debug\Design02.a(isr_3.o)
                              .\CortexM3\ARM_GCC_473\Debug\main.o (isr_3_StartEx)
.\CortexM3\ARM_GCC_473\Debug\Design02.a(Timer_3.o)
                              .\CortexM3\ARM_GCC_473\Debug\main.o (Timer_3_Start)
.\CortexM3\ARM_GCC_473\Debug\Design02.a(PWM_3.o)
                              .\CortexM3\ARM_GCC_473\Debug\main.o (PWM_3_Start)
.\CortexM3\ARM_GCC_473\Debug\Design02.a(PWM_4.o)
                              .\CortexM3\ARM_GCC_473\Debug\main.o (PWM_4_Start)
.\CortexM3\ARM_GCC_473\Debug\Design02.a(UART_2.o)
                              .\CortexM3\ARM_GCC_473\Debug\main.o (UART_2_Start)
.\CortexM3\ARM_GCC_473\Debug\Design02.a(UART_2_INT.o)
                              .\CortexM3\ARM_GCC_473\Debug\Design02.a(UART_2.o) (UART_2_RXISR)
.\CortexM3\ARM_GCC_473\Debug\Design02.a(UART_2_IntClock.o)
                              .\CortexM3\ARM_GCC_473\Debug\Design02.a(UART_2.o) (UART_2_IntClock_Start)
.\CortexM3\ARM_GCC_473\Debug\Design02.a(Enable_3.o)
                              .\CortexM3\ARM_GCC_473\Debug\main.o (Enable_3_Write)
.\CortexM3\ARM_GCC_473\Debug\Design02.a(Enable_4.o)
                              .\CortexM3\ARM_GCC_473\Debug\main.o (Enable_4_Write)
.\CortexM3\ARM_GCC_473\Debug\Design02.a(foot12.o)
                              .\CortexM3\ARM_GCC_473\Debug\main.o (foot12_Read)
.\CortexM3\ARM_GCC_473\Debug\Design02.a(foot34.o)
                              .\CortexM3\ARM_GCC_473\Debug\main.o (foot34_Read)
.\CortexM3\ARM_GCC_473\Debug\Design02.a(Counter_3.o)
                              .\CortexM3\ARM_GCC_473\Debug\main.o (Counter_3_Start)
.\CortexM3\ARM_GCC_473\Debug\Design02.a(Enable_5.o)
                              .\CortexM3\ARM_GCC_473\Debug\main.o (Enable_5_Write)
.\CortexM3\ARM_GCC_473\Debug\Design02.a(Enable_6.o)
                              .\CortexM3\ARM_GCC_473\Debug\main.o (Enable_6_Write)
.\CortexM3\ARM_GCC_473\Debug\Design02.a(foot78.o)
                              .\CortexM3\ARM_GCC_473\Debug\main.o (foot78_Read)
.\CortexM3\ARM_GCC_473\Debug\Design02.a(foot56.o)
                              .\CortexM3\ARM_GCC_473\Debug\main.o (foot56_Read)
.\CortexM3\ARM_GCC_473\Debug\Design02.a(Counter_1.o)
                              .\CortexM3\ARM_GCC_473\Debug\main.o (Counter_1_Start)
.\CortexM3\ARM_GCC_473\Debug\Design02.a(Counter_2.o)
                              .\CortexM3\ARM_GCC_473\Debug\main.o (Counter_2_Start)
.\CortexM3\ARM_GCC_473\Debug\Design02.a(Counter_4.o)
                              .\CortexM3\ARM_GCC_473\Debug\main.o (Counter_4_Start)
.\CortexM3\ARM_GCC_473\Debug\Design02.a(Counter_5.o)
                              .\CortexM3\ARM_GCC_473\Debug\main.o (Counter_5_Start)
.\CortexM3\ARM_GCC_473\Debug\Design02.a(Counter_6.o)
                              .\CortexM3\ARM_GCC_473\Debug\main.o (Counter_6_Start)
.\CortexM3\ARM_GCC_473\Debug\Design02.a(Counter_7.o)
                              .\CortexM3\ARM_GCC_473\Debug\main.o (Counter_7_Start)
.\CortexM3\ARM_GCC_473\Debug\Design02.a(Counter_8.o)
                              .\CortexM3\ARM_GCC_473\Debug\main.o (Counter_8_Start)
[...]
Memory Configuration

Name             Origin             Length             Attributes
rom              0x00000000         0x00040000         xr
ram              0x1fff8000         0x00010000         xrw
*default*        0x00000000         0xffffffff

Linker script and memory map

LOAD c:/program files (x86)/cypress/psoc creator/3.0/psoc creator/import/gnu_cs/arm/4.7.3/bin/../lib/gcc/arm-none-eabi/4.7.3/armv7-m/crti.o
LOAD c:/program files (x86)/cypress/psoc creator/3.0/psoc creator/import/gnu_cs/arm/4.7.3/bin/../lib/gcc/arm-none-eabi/4.7.3/armv7-m/crtbegin.o
LOAD c:/program files (x86)/cypress/psoc creator/3.0/psoc creator/import/gnu_cs/arm/4.7.3/bin/../lib/gcc/arm-none-eabi/4.7.3/../../../../arm-none-eabi/lib/armv7-m/crt0.o
START GROUP
LOAD .\CortexM3\ARM_GCC_473\Debug\main.o
LOAD .\CortexM3\ARM_GCC_473\Debug\cymetadata.o
LOAD .\CortexM3\ARM_GCC_473\Debug\Cm3Start.o
LOAD .\CortexM3\ARM_GCC_473\Debug\Design02.a
LOAD C:\Program Files (x86)\Cypress\PSoC Creator\3.0\PSoC Creator\psoc\content\cycomponentlibrary\CyComponentLibrary.cylib\CortexM3\ARM_GCC_473\Debug\CyComponentLibrary.a
END GROUP
START GROUP
LOAD c:/program files (x86)/cypress/psoc creator/3.0/psoc creator/import/gnu_cs/arm/4.7.3/bin/../lib/gcc/arm-none-eabi/4.7.3/armv7-m\libgcc.a
LOAD c:/program files (x86)/cypress/psoc creator/3.0/psoc creator/import/gnu_cs/arm/4.7.3/bin/../lib/gcc/arm-none-eabi/4.7.3/../../../../arm-none-eabi/lib/armv7-m\libc_s.a
END GROUP
LOAD c:/program files (x86)/cypress/psoc creator/3.0/psoc creator/import/gnu_cs/arm/4.7.3/bin/../lib/gcc/arm-none-eabi/4.7.3/armv7-m/crtend.o
LOAD c:/program files (x86)/cypress/psoc creator/3.0/psoc creator/import/gnu_cs/arm/4.7.3/bin/../lib/gcc/arm-none-eabi/4.7.3/armv7-m/crtn.o
START GROUP
LOAD c:/program files (x86)/cypress/psoc creator/3.0/psoc creator/import/gnu_cs/arm/4.7.3/bin/../lib/gcc/arm-none-eabi/4.7.3/armv7-m\libgcc.a
LOAD c:/program files (x86)/cypress/psoc creator/3.0/psoc creator/import/gnu_cs/arm/4.7.3/bin/../lib/gcc/arm-none-eabi/4.7.3/../../../../arm-none-eabi/lib/armv7-m\libc.a
LOAD c:/program files (x86)/cypress/psoc creator/3.0/psoc creator/import/gnu_cs/arm/4.7.3/bin/../lib/gcc/arm-none-eabi/4.7.3/../../../../arm-none-eabi/lib/armv7-m\libnosys.a
END GROUP
                0x00000000                CY_APPL_ORIGIN = 0x0
                0x00000100                CY_FLASH_ROW_SIZE = 0x100
                0x00000020                CY_ECC_ROW_SIZE = 0x20
                0x00000000                CY_EE_IN_BTLDR = 0x0
                0x00000000                CY_APPL_LOADABLE = 0x0
                0x00000800                CY_EE_SIZE = 0x800
                0x00000001                CY_APPL_NUM = 0x1
                0x00000001                CY_APPL_MAX = 0x1
                0x00000040                CY_METADATA_SIZE = 0x40
                0x1fff8440                PROVIDE (__cy_heap_start, _end)
                0x00000001                PROVIDE (__cy_region_num, ((__cy_regions_end - __cy_regions) / 0x10))
                0x20008000                PROVIDE (__cy_stack, (ORIGIN (ram) + 0x10000))
                0x20004000                PROVIDE (__cy_heap_end, (__cy_stack - 0x4000))

.cybootloader   0x00000000        0x0
 *(.cybootloader)
                0x00000000                appl1_start = CY_APPL_ORIGIN?CY_APPL_ORIGIN:ALIGN (CY_FLASH_ROW_SIZE)
                0x0001ff00                appl2_start = (appl1_start + ALIGN ((((0x40000 - appl1_start) - (0x2 * CY_FLASH_ROW_SIZE)) / 0x2), CY_FLASH_ROW_SIZE))
                0x00000000                appl_start = (CY_APPL_NUM == 0x1)?appl1_start:appl2_start
                0x00000000                ecc_offset = ((appl_start / CY_FLASH_ROW_SIZE) * CY_ECC_ROW_SIZE)
                0x00000000                ee_offset = (CY_APPL_LOADABLE && ! (CY_EE_IN_BTLDR))?((CY_EE_SIZE / CY_APPL_MAX) * (CY_APPL_NUM - 0x1)):0x0
                0x00000800                ee_size = (CY_APPL_LOADABLE && ! (CY_EE_IN_BTLDR))?(CY_EE_SIZE / CY_APPL_MAX):CY_EE_SIZE
                0x00000000                PROVIDE (CY_ECC_OFFSET, ecc_offset)

.text           0x00000000     0x81c0
 CREATE_OBJECT_SYMBOLS
                0x00000000                PROVIDE (__cy_interrupt_vector, RomVectors)
 *(.romvectors)
 .romvectors    0x00000000       0x10 .\CortexM3\ARM_GCC_473\Debug\Cm3Start.o
                0x00000000                RomVectors
                0x00000001                ASSERT ((. != __cy_interrupt_vector), No interrupt vector)
                0x00000001                ASSERT (CY_APPL_ORIGIN?(SIZEOF (.cybootloader) <= CY_APPL_ORIGIN):0x1, Wrong image location)
                0x00000010                PROVIDE (__cy_reset, Reset)
 *(.text.Reset)
 .text.Reset    0x00000010       0x1c .\CortexM3\ARM_GCC_473\Debug\Cm3Start.o
                0x00000010                Reset
                0x00000001                ASSERT ((. != __cy_reset), No reset code)
 *(.dma_init)
                0x00000001                ASSERT ((((appl_start + .) <= 0x10000) || 0x1), DMA Init must be within the first 64k of flash)
 *(.text .text.* .gnu.linkonce.t.*)
 .text          0x0000002c       0x54 c:/program files (x86)/cypress/psoc creator/3.0/psoc creator/import/gnu_cs/arm/4.7.3/bin/../lib/gcc/arm-none-eabi/4.7.3/armv7-m/crtbegin.o
 .text.Print32  0x00000080       0x38 .\CortexM3\ARM_GCC_473\Debug\main.o
                0x00000080                Print32
 .text.round_integer
                0x000000b8       0x7c .\CortexM3\ARM_GCC_473\Debug\main.o
                0x000000b8                round_integer
 .text.Index_ISR_1
                0x00000134      0x258 .\CortexM3\ARM_GCC_473\Debug\main.o
                0x00000134                Index_ISR_1
 .text.Index_ISR_3
                0x0000038c       0x1c .\CortexM3\ARM_GCC_473\Debug\main.o
                0x0000038c                Index_ISR_3
 .text.main     0x000003a8     0x37a0 .\CortexM3\ARM_GCC_473\Debug\main.o
                0x000003a8                main
 .text.IntDefaultHandler
                0x00003b48        0x8 .\CortexM3\ARM_GCC_473\Debug\Cm3Start.o
                0x00003b48                IntDefaultHandler
 .text.Start_c  0x00003b50       0xcc .\CortexM3\ARM_GCC_473\Debug\Cm3Start.o
                0x00003b50                Start_c
 .text.initialize_psoc
                0x00003c1c       0xb4 .\CortexM3\ARM_GCC_473\Debug\Cm3Start.o
                0x00003c1c                initialize_psoc
 .text.CYMEMZERO
                0x00003cd0       0x20 .\CortexM3\ARM_GCC_473\Debug\Design02.a(cyfitter_cfg.o)
 .text.CYCONFIGCPY
                0x00003cf0       0x20 .\CortexM3\ARM_GCC_473\Debug\Design02.a(cyfitter_cfg.o)
 .text.CyClockStartupError
                0x00003d10        0xc .\CortexM3\ARM_GCC_473\Debug\Design02.a(cyfitter_cfg.o)
 .text.cfg_write_bytes32
                0x00003d1c       0x84 .\CortexM3\ARM_GCC_473\Debug\Design02.a(cyfitter_cfg.o)
 .text.ClockSetup
                0x00003da0      0x1dc .\CortexM3\ARM_GCC_473\Debug\Design02.a(cyfitter_cfg.o)
 .text.AnalogSetDefault
                0x00003f7c       0x50 .\CortexM3\ARM_GCC_473\Debug\Design02.a(cyfitter_cfg.o)
 .text.cyfitter_cfg
                0x00003fcc      0x274 .\CortexM3\ARM_GCC_473\Debug\Design02.a(cyfitter_cfg.o)
                0x00003fcc                cyfitter_cfg
 .text.PWM_1_Start
                0x00004240       0x2c .\CortexM3\ARM_GCC_473\Debug\Design02.a(PWM_1.o)
                0x00004240                PWM_1_Start
 .text.PWM_1_Init
                0x0000426c       0xc4 .\CortexM3\ARM_GCC_473\Debug\Design02.a(PWM_1.o)
                0x0000426c                PWM_1_Init
 .text.PWM_1_Enable
                0x00004330       0x28 .\CortexM3\ARM_GCC_473\Debug\Design02.a(PWM_1.o)
                0x00004330                PWM_1_Enable
 .text.PWM_1_WriteCounter
                0x00004358       0x20 .\CortexM3\ARM_GCC_473\Debug\Design02.a(PWM_1.o)
                0x00004358                PWM_1_WriteCounter
 .text.PWM_1_ClearFIFO
                0x00004378       0x1c .\CortexM3\ARM_GCC_473\Debug\Design02.a(PWM_1.o)
                0x00004378                PWM_1_ClearFIFO
 .text.PWM_1_WritePeriod
                0x00004394       0x20 .\CortexM3\ARM_GCC_473\Debug\Design02.a(PWM_1.o)
                0x00004394                PWM_1_WritePeriod
 .text.PWM_1_WriteCompare1
                0x000043b4       0x20 .\CortexM3\ARM_GCC_473\Debug\Design02.a(PWM_1.o)
                0x000043b4                PWM_1_WriteCompare1
 .text.PWM_1_WriteCompare2
                0x000043d4       0x20 .\CortexM3\ARM_GCC_473\Debug\Design02.a(PWM_1.o)
                0x000043d4                PWM_1_WriteCompare2
 .text.PWM_1_SetInterruptMode
                0x000043f4       0x20 .\CortexM3\ARM_GCC_473\Debug\Design02.a(PWM_1.o)
                0x000043f4                PWM_1_SetInterruptMode
 .text.PWM_1_ReadStatusRegister
                0x00004414       0x20 .\CortexM3\ARM_GCC_473\Debug\Design02.a(PWM_1.o)
                0x00004414                PWM_1_ReadStatusRegister
 .text.PWM_1_ReadCapture
                0x00004434       0x18 .\CortexM3\ARM_GCC_473\Debug\Design02.a(PWM_1.o)
                0x00004434                PWM_1_ReadCapture
 .text.Enable_1_Write
                0x0000444c       0x44 .\CortexM3\ARM_GCC_473\Debug\Design02.a(Enable_1.o)
                0x0000444c                Enable_1_Write
 .text.Enable_2_Write
                0x00004490       0x44 .\CortexM3\ARM_GCC_473\Debug\Design02.a(Enable_2.o)
                0x00004490                Enable_2_Write
 .text.ePin_Read
                0x000044d4       0x20 .\CortexM3\ARM_GCC_473\Debug\Design02.a(ePin.o)
                0x000044d4                ePin_Read
 *fill*         0x000044f4        0x4 00
 .text          0x000044f8       0x28 .\CortexM3\ARM_GCC_473\Debug\Design02.a(CyBootAsmGnu.o)
                0x000044f8                CyDelayCycles
                0x0000450c                CyEnterCriticalSection
                0x00004514                CyExitCriticalSection
 .text.CyHalt   0x00004520       0x18 .\CortexM3\ARM_GCC_473\Debug\Design02.a(CyLib.o)
                0x00004520                CyHalt
 .text.CyDelay  0x00004538       0x48 .\CortexM3\ARM_GCC_473\Debug\Design02.a(CyLib.o)
                0x00004538                CyDelay
 .text.CyIntSetVector
                0x00004580       0x60 .\CortexM3\ARM_GCC_473\Debug\Design02.a(CyLib.o)
                0x00004580                CyIntSetVector
 .text.CyIntSetPriority
                0x000045e0       0x4c .\CortexM3\ARM_GCC_473\Debug\Design02.a(CyLib.o)
                0x000045e0                CyIntSetPriority
 .text.PWM_2_Start
                0x0000462c       0x2c .\CortexM3\ARM_GCC_473\Debug\Design02.a(PWM_2.o)
                0x0000462c                PWM_2_Start
 .text.PWM_2_Init
                0x00004658       0xc4 .\CortexM3\ARM_GCC_473\Debug\Design02.a(PWM_2.o)
                0x00004658                PWM_2_Init
 .text.PWM_2_Enable
                0x0000471c       0x28 .\CortexM3\ARM_GCC_473\Debug\Design02.a(PWM_2.o)
                0x0000471c                PWM_2_Enable
 .text.PWM_2_WriteCounter
                0x00004744       0x20 .\CortexM3\ARM_GCC_473\Debug\Design02.a(PWM_2.o)
                0x00004744                PWM_2_WriteCounter
 .text.PWM_2_ClearFIFO
                0x00004764       0x1c .\CortexM3\ARM_GCC_473\Debug\Design02.a(PWM_2.o)
                0x00004764                PWM_2_ClearFIFO
 .text.PWM_2_WritePeriod
                0x00004780       0x20 .\CortexM3\ARM_GCC_473\Debug\Design02.a(PWM_2.o)
                0x00004780                PWM_2_WritePeriod
 .text.PWM_2_WriteCompare1
                0x000047a0       0x20 .\CortexM3\ARM_GCC_473\Debug\Design02.a(PWM_2.o)
                0x000047a0                PWM_2_WriteCompare1
 .text.PWM_2_WriteCompare2
                0x000047c0       0x20 .\CortexM3\ARM_GCC_473\Debug\Design02.a(PWM_2.o)
                0x000047c0                PWM_2_WriteCompare2
 .text.PWM_2_SetInterruptMode
                0x000047e0       0x20 .\CortexM3\ARM_GCC_473\Debug\Design02.a(PWM_2.o)
                0x000047e0                PWM_2_SetInterruptMode
 .text.PWM_2_ReadStatusRegister
                0x00004800       0x20 .\CortexM3\ARM_GCC_473\Debug\Design02.a(PWM_2.o)
                0x00004800                PWM_2_ReadStatusRegister
 .text.PWM_2_ReadCapture
                0x00004820       0x18 .\CortexM3\ARM_GCC_473\Debug\Design02.a(PWM_2.o)
                0x00004820                PWM_2_ReadCapture
 .text.Timer_2_Init
                0x00004838       0xe4 .\CortexM3\ARM_GCC_473\Debug\Design02.a(Timer_2.o)
                0x00004838                Timer_2_Init
 .text.Timer_2_Enable
                0x0000491c       0x60 .\CortexM3\ARM_GCC_473\Debug\Design02.a(Timer_2.o)
                0x0000491c                Timer_2_Enable
 .text.Timer_2_Start
                0x0000497c       0x2c .\CortexM3\ARM_GCC_473\Debug\Design02.a(Timer_2.o)
                0x0000497c                Timer_2_Start
 .text.Timer_2_SetInterruptMode
                0x000049a8       0x20 .\CortexM3\ARM_GCC_473\Debug\Design02.a(Timer_2.o)
                0x000049a8                Timer_2_SetInterruptMode
 .text.Timer_2_ReadPeriod
                0x000049c8       0x18 .\CortexM3\ARM_GCC_473\Debug\Design02.a(Timer_2.o)
                0x000049c8                Timer_2_ReadPeriod
 .text.Timer_2_WritePeriod
                0x000049e0       0x24 .\CortexM3\ARM_GCC_473\Debug\Design02.a(Timer_2.o)
                0x000049e0                Timer_2_WritePeriod
 .text.Timer_2_WriteCounter
                0x00004a04       0x20 .\CortexM3\ARM_GCC_473\Debug\Design02.a(Timer_2.o)
                0x00004a04                Timer_2_WriteCounter
 .text.isr_1_StartEx
                0x00004a24       0x28 .\CortexM3\ARM_GCC_473\Debug\Design02.a(isr_1.o)
                0x00004a24                isr_1_StartEx
 .text.isr_1_SetVector
                0x00004a4c       0x28 .\CortexM3\ARM_GCC_473\Debug\Design02.a(isr_1.o)
                0x00004a4c                isr_1_SetVector
 .text.isr_1_SetPriority
                0x00004a74       0x28 .\CortexM3\ARM_GCC_473\Debug\Design02.a(isr_1.o)
                0x00004a74                isr_1_SetPriority
 .text.isr_1_Enable
                0x00004a9c       0x18 .\CortexM3\ARM_GCC_473\Debug\Design02.a(isr_1.o)
                0x00004a9c                isr_1_Enable
 .text.isr_1_Disable
                0x00004ab4       0x18 .\CortexM3\ARM_GCC_473\Debug\Design02.a(isr_1.o)
                0x00004ab4                isr_1_Disable
 .text.UART_1_Start
                0x00004acc       0x2c .\CortexM3\ARM_GCC_473\Debug\Design02.a(UART_1.o)
                0x00004acc                UART_1_Start
 .text.UART_1_Init
                0x00004af8       0x28 .\CortexM3\ARM_GCC_473\Debug\Design02.a(UART_1.o)
                0x00004af8                UART_1_Init
 .text.UART_1_Enable
                0x00004b20       0x5c .\CortexM3\ARM_GCC_473\Debug\Design02.a(UART_1.o)
                0x00004b20                UART_1_Enable
 .text.UART_1_ReadControlRegister
                0x00004b7c       0x18 .\CortexM3\ARM_GCC_473\Debug\Design02.a(UART_1.o)
                0x00004b7c                UART_1_ReadControlRegister
 .text.UART_1_WriteControlRegister
                0x00004b94       0x20 .\CortexM3\ARM_GCC_473\Debug\Design02.a(UART_1.o)
                0x00004b94                UART_1_WriteControlRegister
 .text.UART_1_PutChar
                0x00004bb4       0x38 .\CortexM3\ARM_GCC_473\Debug\Design02.a(UART_1.o)
                0x00004bb4                UART_1_PutChar
 .text.UART_1_PutString
                0x00004bec       0x48 .\CortexM3\ARM_GCC_473\Debug\Design02.a(UART_1.o)
                0x00004bec                UART_1_PutString
 .text.UART_1_LoadTxConfig
                0x00004c34       0x28 .\CortexM3\ARM_GCC_473\Debug\Design02.a(UART_1.o)
                0x00004c34                UART_1_LoadTxConfig
 .text.UART_1_IntClock_Start
                0x00004c5c       0x44 .\CortexM3\ARM_GCC_473\Debug\Design02.a(UART_1_IntClock.o)
                0x00004c5c                UART_1_IntClock_Start
 .text.isr_3_StartEx
                0x00004ca0       0x28 .\CortexM3\ARM_GCC_473\Debug\Design02.a(isr_3.o)
                0x00004ca0                isr_3_StartEx
 .text.isr_3_SetVector
                0x00004cc8       0x28 .\CortexM3\ARM_GCC_473\Debug\Design02.a(isr_3.o)
                0x00004cc8                isr_3_SetVector
 .text.isr_3_SetPriority
                0x00004cf0       0x28 .\CortexM3\ARM_GCC_473\Debug\Design02.a(isr_3.o)
                0x00004cf0                isr_3_SetPriority
 .text.isr_3_Enable
                0x00004d18       0x18 .\CortexM3\ARM_GCC_473\Debug\Design02.a(isr_3.o)
                0x00004d18                isr_3_Enable
 .text.isr_3_Disable
                0x00004d30       0x18 .\CortexM3\ARM_GCC_473\Debug\Design02.a(isr_3.o)
                0x00004d30                isr_3_Disable
 .text.Timer_3_Init
                0x00004d48       0xe4 .\CortexM3\ARM_GCC_473\Debug\Design02.a(Timer_3.o)
                0x00004d48                Timer_3_Init
 .text.Timer_3_Enable
                0x00004e2c       0x60 .\CortexM3\ARM_GCC_473\Debug\Design02.a(Timer_3.o)
                0x00004e2c                Timer_3_Enable
 .text.Timer_3_Start
                0x00004e8c       0x2c .\CortexM3\ARM_GCC_473\Debug\Design02.a(Timer_3.o)
                0x00004e8c                Timer_3_Start
 .text.Timer_3_SetInterruptMode
                0x00004eb8       0x20 .\CortexM3\ARM_GCC_473\Debug\Design02.a(Timer_3.o)
                0x00004eb8                Timer_3_SetInterruptMode
 .text.Timer_3_ReadPeriod
                0x00004ed8       0x18 .\CortexM3\ARM_GCC_473\Debug\Design02.a(Timer_3.o)
                0x00004ed8                Timer_3_ReadPeriod
 .text.Timer_3_WritePeriod
                0x00004ef0       0x24 .\CortexM3\ARM_GCC_473\Debug\Design02.a(Timer_3.o)
                0x00004ef0                Timer_3_WritePeriod
 .text.Timer_3_WriteCounter
                0x00004f14       0x20 .\CortexM3\ARM_GCC_473\Debug\Design02.a(Timer_3.o)
                0x00004f14                Timer_3_WriteCounter
 .text.Timer_3_ReadCounter
                0x00004f34       0x24 .\CortexM3\ARM_GCC_473\Debug\Design02.a(Timer_3.o)
                0x00004f34                Timer_3_ReadCounter
 .text.PWM_3_Start
                0x00004f58       0x2c .\CortexM3\ARM_GCC_473\Debug\Design02.a(PWM_3.o)
                0x00004f58                PWM_3_Start
 .text.PWM_3_Init
                0x00004f84       0xc4 .\CortexM3\ARM_GCC_473\Debug\Design02.a(PWM_3.o)
                0x00004f84                PWM_3_Init
 .text.PWM_3_Enable
                0x00005048       0x28 .\CortexM3\ARM_GCC_473\Debug\Design02.a(PWM_3.o)
                0x00005048                PWM_3_Enable
 .text.PWM_3_WriteCounter
                0x00005070       0x20 .\CortexM3\ARM_GCC_473\Debug\Design02.a(PWM_3.o)
                0x00005070                PWM_3_WriteCounter
 .text.PWM_3_ClearFIFO
                0x00005090       0x1c .\CortexM3\ARM_GCC_473\Debug\Design02.a(PWM_3.o)
                0x00005090                PWM_3_ClearFIFO
 .text.PWM_3_WritePeriod
                0x000050ac       0x20 .\CortexM3\ARM_GCC_473\Debug\Design02.a(PWM_3.o)
                0x000050ac                PWM_3_WritePeriod
 .text.PWM_3_WriteCompare1
                0x000050cc       0x20 .\CortexM3\ARM_GCC_473\Debug\Design02.a(PWM_3.o)
                0x000050cc                PWM_3_WriteCompare1
 .text.PWM_3_WriteCompare2
                0x000050ec       0x20 .\CortexM3\ARM_GCC_473\Debug\Design02.a(PWM_3.o)
                0x000050ec                PWM_3_WriteCompare2
 .text.PWM_3_SetInterruptMode
                0x0000510c       0x20 .\CortexM3\ARM_GCC_473\Debug\Design02.a(PWM_3.o)
                0x0000510c                PWM_3_SetInterruptMode
 .text.PWM_3_ReadStatusRegister
                0x0000512c       0x20 .\CortexM3\ARM_GCC_473\Debug\Design02.a(PWM_3.o)
                0x0000512c                PWM_3_ReadStatusRegister
 .text.PWM_3_ReadCapture
                0x0000514c       0x18 .\CortexM3\ARM_GCC_473\Debug\Design02.a(PWM_3.o)
                0x0000514c                PWM_3_ReadCapture
 .text.PWM_4_Start
                0x00005164       0x2c .\CortexM3\ARM_GCC_473\Debug\Design02.a(PWM_4.o)
                0x00005164                PWM_4_Start
 .text.PWM_4_Init
                0x00005190      0x110 .\CortexM3\ARM_GCC_473\Debug\Design02.a(PWM_4.o)
                0x00005190                PWM_4_Init
 .text.PWM_4_Enable
                0x000052a0       0x60 .\CortexM3\ARM_GCC_473\Debug\Design02.a(PWM_4.o)
                0x000052a0                PWM_4_Enable
 .text.PWM_4_WritePeriod
                0x00005300       0x20 .\CortexM3\ARM_GCC_473\Debug\Design02.a(PWM_4.o)
                0x00005300                PWM_4_WritePeriod
 .text.PWM_4_WriteCompare
                0x00005320       0x20 .\CortexM3\ARM_GCC_473\Debug\Design02.a(PWM_4.o)
                0x00005320                PWM_4_WriteCompare
 .text.PWM_4_SetInterruptMode
                0x00005340       0x20 .\CortexM3\ARM_GCC_473\Debug\Design02.a(PWM_4.o)
                0x00005340                PWM_4_SetInterruptMode
 .text.UART_2_Start
                0x00005360       0x2c .\CortexM3\ARM_GCC_473\Debug\Design02.a(UART_2.o)
                0x00005360                UART_2_Start
 .text.UART_2_Init
                0x0000538c       0x40 .\CortexM3\ARM_GCC_473\Debug\Design02.a(UART_2.o)
                0x0000538c                UART_2_Init
 .text.UART_2_Enable
                0x000053cc       0x68 .\CortexM3\ARM_GCC_473\Debug\Design02.a(UART_2.o)
                0x000053cc                UART_2_Enable
 .text.UART_2_EnableRxInt
                0x00005434       0x18 .\CortexM3\ARM_GCC_473\Debug\Design02.a(UART_2.o)
                0x00005434                UART_2_EnableRxInt
 .text.UART_2_DisableRxInt
                0x0000544c       0x18 .\CortexM3\ARM_GCC_473\Debug\Design02.a(UART_2.o)
                0x0000544c                UART_2_DisableRxInt
 .text.UART_2_ClearRxBuffer
                0x00005464       0x98 .\CortexM3\ARM_GCC_473\Debug\Design02.a(UART_2.o)
                0x00005464                UART_2_ClearRxBuffer
 .text.UART_2_RXISR
                0x000054fc       0xec .\CortexM3\ARM_GCC_473\Debug\Design02.a(UART_2_INT.o)
                0x000054fc                UART_2_RXISR
 .text.UART_2_IntClock_Start
                0x000055e8       0x44 .\CortexM3\ARM_GCC_473\Debug\Design02.a(UART_2_IntClock.o)
                0x000055e8                UART_2_IntClock_Start
 .text.Enable_3_Write
                0x0000562c       0x44 .\CortexM3\ARM_GCC_473\Debug\Design02.a(Enable_3.o)
                0x0000562c                Enable_3_Write
 .text.Enable_4_Write
                0x00005670       0x44 .\CortexM3\ARM_GCC_473\Debug\Design02.a(Enable_4.o)
                0x00005670                Enable_4_Write
 .text.foot12_Read
                0x000056b4       0x20 .\CortexM3\ARM_GCC_473\Debug\Design02.a(foot12.o)
                0x000056b4                foot12_Read
 .text.foot34_Read
                0x000056d4       0x24 .\CortexM3\ARM_GCC_473\Debug\Design02.a(foot34.o)
                0x000056d4                foot34_Read
 .text.Counter_3_Init
                0x000056f8       0xa4 .\CortexM3\ARM_GCC_473\Debug\Design02.a(Counter_3.o)
                0x000056f8                Counter_3_Init
 .text.Counter_3_Enable
                0x0000579c       0x28 .\CortexM3\ARM_GCC_473\Debug\Design02.a(Counter_3.o)
                0x0000579c                Counter_3_Enable
 .text.Counter_3_Start
                0x000057c4       0x2c .\CortexM3\ARM_GCC_473\Debug\Design02.a(Counter_3.o)
                0x000057c4                Counter_3_Start
 .text.Counter_3_SetInterruptMode
                0x000057f0       0x20 .\CortexM3\ARM_GCC_473\Debug\Design02.a(Counter_3.o)
                0x000057f0                Counter_3_SetInterruptMode
 .text.Counter_3_ReadStatusRegister
                0x00005810       0x18 .\CortexM3\ARM_GCC_473\Debug\Design02.a(Counter_3.o)
                0x00005810                Counter_3_ReadStatusRegister
 .text.Counter_3_WriteCounter
                0x00005828       0x20 .\CortexM3\ARM_GCC_473\Debug\Design02.a(Counter_3.o)
                0x00005828                Counter_3_WriteCounter
 .text.Counter_3_ReadCounter
                0x00005848       0x24 .\CortexM3\ARM_GCC_473\Debug\Design02.a(Counter_3.o)
                0x00005848                Counter_3_ReadCounter
 .text.Counter_3_ReadCapture
                0x0000586c       0x18 .\CortexM3\ARM_GCC_473\Debug\Design02.a(Counter_3.o)
                0x0000586c                Counter_3_ReadCapture
 .text.Counter_3_WritePeriod
                0x00005884       0x20 .\CortexM3\ARM_GCC_473\Debug\Design02.a(Counter_3.o)
                0x00005884                Counter_3_WritePeriod
 .text.Counter_3_WriteCompare
                0x000058a4       0x20 .\CortexM3\ARM_GCC_473\Debug\Design02.a(Counter_3.o)
                0x000058a4                Counter_3_WriteCompare
 .text.Counter_3_ClearFIFO
                0x000058c4       0x1c .\CortexM3\ARM_GCC_473\Debug\Design02.a(Counter_3.o)
                0x000058c4                Counter_3_ClearFIFO
 .text.Enable_5_Write
                0x000058e0       0x40 .\CortexM3\ARM_GCC_473\Debug\Design02.a(Enable_5.o)
                0x000058e0                Enable_5_Write
 .text.Enable_6_Write
                0x00005920       0x44 .\CortexM3\ARM_GCC_473\Debug\Design02.a(Enable_6.o)
                0x00005920                Enable_6_Write
 .text.foot78_Read
                0x00005964       0x24 .\CortexM3\ARM_GCC_473\Debug\Design02.a(foot78.o)
                0x00005964                foot78_Read
 .text.foot56_Read
                0x00005988       0x24 .\CortexM3\ARM_GCC_473\Debug\Design02.a(foot56.o)
                0x00005988                foot56_Read
 .text.Counter_1_Init
                0x000059ac       0xa4 .\CortexM3\ARM_GCC_473\Debug\Design02.a(Counter_1.o)
                0x000059ac                Counter_1_Init
 .text.Counter_1_Enable
                0x00005a50       0x28 .\CortexM3\ARM_GCC_473\Debug\Design02.a(Counter_1.o)
                0x00005a50                Counter_1_Enable
 .text.Counter_1_Start
                0x00005a78       0x2c .\CortexM3\ARM_GCC_473\Debug\Design02.a(Counter_1.o)
                0x00005a78                Counter_1_Start
 .text.Counter_1_SetInterruptMode
                0x00005aa4       0x20 .\CortexM3\ARM_GCC_473\Debug\Design02.a(Counter_1.o)
                0x00005aa4                Counter_1_SetInterruptMode
 .text.Counter_1_ReadStatusRegister
                0x00005ac4       0x18 .\CortexM3\ARM_GCC_473\Debug\Design02.a(Counter_1.o)
                0x00005ac4                Counter_1_ReadStatusRegister
 .text.Counter_1_WriteCounter
                0x00005adc       0x20 .\CortexM3\ARM_GCC_473\Debug\Design02.a(Counter_1.o)
                0x00005adc                Counter_1_WriteCounter
 .text.Counter_1_ReadCounter
                0x00005afc       0x24 .\CortexM3\ARM_GCC_473\Debug\Design02.a(Counter_1.o)
                0x00005afc                Counter_1_ReadCounter
 .text.Counter_1_ReadCapture
                0x00005b20       0x18 .\CortexM3\ARM_GCC_473\Debug\Design02.a(Counter_1.o)
                0x00005b20                Counter_1_ReadCapture
 .text.Counter_1_WritePeriod
                0x00005b38       0x20 .\CortexM3\ARM_GCC_473\Debug\Design02.a(Counter_1.o)
                0x00005b38                Counter_1_WritePeriod
 .text.Counter_1_WriteCompare
                0x00005b58       0x20 .\CortexM3\ARM_GCC_473\Debug\Design02.a(Counter_1.o)
                0x00005b58                Counter_1_WriteCompare
 .text.Counter_1_ClearFIFO
                0x00005b78       0x1c .\CortexM3\ARM_GCC_473\Debug\Design02.a(Counter_1.o)
                0x00005b78                Counter_1_ClearFIFO
 .text.Counter_2_Init
                0x00005b94       0xa4 .\CortexM3\ARM_GCC_473\Debug\Design02.a(Counter_2.o)
                0x00005b94                Counter_2_Init
 .text.Counter_2_Enable
                0x00005c38       0x28 .\CortexM3\ARM_GCC_473\Debug\Design02.a(Counter_2.o)
                0x00005c38                Counter_2_Enable
 .text.Counter_2_Start
                0x00005c60       0x2c .\CortexM3\ARM_GCC_473\Debug\Design02.a(Counter_2.o)
                0x00005c60                Counter_2_Start
 .text.Counter_2_SetInterruptMode
                0x00005c8c       0x20 .\CortexM3\ARM_GCC_473\Debug\Design02.a(Counter_2.o)
                0x00005c8c                Counter_2_SetInterruptMode
 .text.Counter_2_ReadStatusRegister
                0x00005cac       0x18 .\CortexM3\ARM_GCC_473\Debug\Design02.a(Counter_2.o)
                0x00005cac                Counter_2_ReadStatusRegister
 .text.Counter_2_WriteCounter
                0x00005cc4       0x20 .\CortexM3\ARM_GCC_473\Debug\Design02.a(Counter_2.o)
                0x00005cc4                Counter_2_WriteCounter
 .text.Counter_2_ReadCounter
                0x00005ce4       0x24 .\CortexM3\ARM_GCC_473\Debug\Design02.a(Counter_2.o)
                0x00005ce4                Counter_2_ReadCounter
 .text.Counter_2_ReadCapture
                0x00005d08       0x18 .\CortexM3\ARM_GCC_473\Debug\Design02.a(Counter_2.o)
                0x00005d08                Counter_2_ReadCapture
 .text.Counter_2_WritePeriod
                0x00005d20       0x20 .\CortexM3\ARM_GCC_473\Debug\Design02.a(Counter_2.o)
                0x00005d20                Counter_2_WritePeriod
 .text.Counter_2_WriteCompare
                0x00005d40       0x20 .\CortexM3\ARM_GCC_473\Debug\Design02.a(Counter_2.o)
                0x00005d40                Counter_2_WriteCompare
 .text.Counter_2_ClearFIFO
                0x00005d60       0x1c .\CortexM3\ARM_GCC_473\Debug\Design02.a(Counter_2.o)
                0x00005d60                Counter_2_ClearFIFO
 .text.Counter_4_Init
                0x00005d7c       0xa4 .\CortexM3\ARM_GCC_473\Debug\Design02.a(Counter_4.o)
                0x00005d7c                Counter_4_Init
 .text.Counter_4_Enable
                0x00005e20       0x28 .\CortexM3\ARM_GCC_473\Debug\Design02.a(Counter_4.o)
                0x00005e20                Counter_4_Enable
 .text.Counter_4_Start
                0x00005e48       0x2c .\CortexM3\ARM_GCC_473\Debug\Design02.a(Counter_4.o)
                0x00005e48                Counter_4_Start
 .text.Counter_4_SetInterruptMode
                0x00005e74       0x20 .\CortexM3\ARM_GCC_473\Debug\Design02.a(Counter_4.o)
                0x00005e74                Counter_4_SetInterruptMode
 .text.Counter_4_ReadStatusRegister
                0x00005e94       0x18 .\CortexM3\ARM_GCC_473\Debug\Design02.a(Counter_4.o)
                0x00005e94                Counter_4_ReadStatusRegister
 .text.Counter_4_WriteCounter
                0x00005eac       0x20 .\CortexM3\ARM_GCC_473\Debug\Design02.a(Counter_4.o)
                0x00005eac                Counter_4_WriteCounter
 .text.Counter_4_ReadCounter
                0x00005ecc       0x24 .\CortexM3\ARM_GCC_473\Debug\Design02.a(Counter_4.o)
                0x00005ecc                Counter_4_ReadCounter
 .text.Counter_4_ReadCapture
                0x00005ef0       0x18 .\CortexM3\ARM_GCC_473\Debug\Design02.a(Counter_4.o)
                0x00005ef0                Counter_4_ReadCapture
 .text.Counter_4_WritePeriod
                0x00005f08       0x20 .\CortexM3\ARM_GCC_473\Debug\Design02.a(Counter_4.o)
                0x00005f08                Counter_4_WritePeriod
 .text.Counter_4_WriteCompare
                0x00005f28       0x20 .\CortexM3\ARM_GCC_473\Debug\Design02.a(Counter_4.o)
                0x00005f28                Counter_4_WriteCompare
 .text.Counter_4_ClearFIFO
                0x00005f48       0x1c .\CortexM3\ARM_GCC_473\Debug\Design02.a(Counter_4.o)
                0x00005f48                Counter_4_ClearFIFO
 .text.Counter_5_Init
                0x00005f64       0xa4 .\CortexM3\ARM_GCC_473\Debug\Design02.a(Counter_5.o)
                0x00005f64                Counter_5_Init
 .text.Counter_5_Enable
                0x00006008       0x28 .\CortexM3\ARM_GCC_473\Debug\Design02.a(Counter_5.o)
                0x00006008                Counter_5_Enable
 .text.Counter_5_Start
                0x00006030       0x2c .\CortexM3\ARM_GCC_473\Debug\Design02.a(Counter_5.o)
                0x00006030                Counter_5_Start
 .text.Counter_5_SetInterruptMode
                0x0000605c       0x20 .\CortexM3\ARM_GCC_473\Debug\Design02.a(Counter_5.o)
                0x0000605c                Counter_5_SetInterruptMode
 .text.Counter_5_ReadStatusRegister
                0x0000607c       0x18 .\CortexM3\ARM_GCC_473\Debug\Design02.a(Counter_5.o)
                0x0000607c                Counter_5_ReadStatusRegister
 .text.Counter_5_WriteCounter
                0x00006094       0x20 .\CortexM3\ARM_GCC_473\Debug\Design02.a(Counter_5.o)
                0x00006094                Counter_5_WriteCounter
 .text.Counter_5_ReadCounter
                0x000060b4       0x24 .\CortexM3\ARM_GCC_473\Debug\Design02.a(Counter_5.o)
                0x000060b4                Counter_5_ReadCounter
 .text.Counter_5_ReadCapture
                0x000060d8       0x18 .\CortexM3\ARM_GCC_473\Debug\Design02.a(Counter_5.o)
                0x000060d8                Counter_5_ReadCapture
 .text.Counter_5_WritePeriod
                0x000060f0       0x20 .\CortexM3\ARM_GCC_473\Debug\Design02.a(Counter_5.o)
                0x000060f0                Counter_5_WritePeriod
 .text.Counter_5_WriteCompare
                0x00006110       0x20 .\CortexM3\ARM_GCC_473\Debug\Design02.a(Counter_5.o)
                0x00006110                Counter_5_WriteCompare
 .text.Counter_5_ClearFIFO
                0x00006130       0x1c .\CortexM3\ARM_GCC_473\Debug\Design02.a(Counter_5.o)
                0x00006130                Counter_5_ClearFIFO
 .text.Counter_6_Init
                0x0000614c       0xa4 .\CortexM3\ARM_GCC_473\Debug\Design02.a(Counter_6.o)
                0x0000614c                Counter_6_Init
 .text.Counter_6_Enable
                0x000061f0       0x28 .\CortexM3\ARM_GCC_473\Debug\Design02.a(Counter_6.o)
                0x000061f0                Counter_6_Enable
 .text.Counter_6_Start
                0x00006218       0x2c .\CortexM3\ARM_GCC_473\Debug\Design02.a(Counter_6.o)
                0x00006218                Counter_6_Start
 .text.Counter_6_SetInterruptMode
                0x00006244       0x20 .\CortexM3\ARM_GCC_473\Debug\Design02.a(Counter_6.o)
                0x00006244                Counter_6_SetInterruptMode
 .text.Counter_6_ReadStatusRegister
                0x00006264       0x18 .\CortexM3\ARM_GCC_473\Debug\Design02.a(Counter_6.o)
                0x00006264                Counter_6_ReadStatusRegister
 .text.Counter_6_WriteCounter
                0x0000627c       0x20 .\CortexM3\ARM_GCC_473\Debug\Design02.a(Counter_6.o)
                0x0000627c                Counter_6_WriteCounter
 .text.Counter_6_ReadCounter
                0x0000629c       0x24 .\CortexM3\ARM_GCC_473\Debug\Design02.a(Counter_6.o)
                0x0000629c                Counter_6_ReadCounter
 .text.Counter_6_ReadCapture
                0x000062c0       0x18 .\CortexM3\ARM_GCC_473\Debug\Design02.a(Counter_6.o)
                0x000062c0                Counter_6_ReadCapture
 .text.Counter_6_WritePeriod
                0x000062d8       0x20 .\CortexM3\ARM_GCC_473\Debug\Design02.a(Counter_6.o)
                0x000062d8                Counter_6_WritePeriod
 .text.Counter_6_WriteCompare
                0x000062f8       0x20 .\CortexM3\ARM_GCC_473\Debug\Design02.a(Counter_6.o)
                0x000062f8                Counter_6_WriteCompare
 .text.Counter_6_ClearFIFO
                0x00006318       0x1c .\CortexM3\ARM_GCC_473\Debug\Design02.a(Counter_6.o)
                0x00006318                Counter_6_ClearFIFO
 .text.Counter_7_Init
                0x00006334       0xa4 .\CortexM3\ARM_GCC_473\Debug\Design02.a(Counter_7.o)
                0x00006334                Counter_7_Init
 .text.Counter_7_Enable
                0x000063d8       0x28 .\CortexM3\ARM_GCC_473\Debug\Design02.a(Counter_7.o)
                0x000063d8                Counter_7_Enable
 .text.Counter_7_Start
                0x00006400       0x2c .\CortexM3\ARM_GCC_473\Debug\Design02.a(Counter_7.o)
                0x00006400                Counter_7_Start
 .text.Counter_7_SetInterruptMode
                0x0000642c       0x20 .\CortexM3\ARM_GCC_473\Debug\Design02.a(Counter_7.o)
                0x0000642c                Counter_7_SetInterruptMode
 .text.Counter_7_ReadStatusRegister
                0x0000644c       0x18 .\CortexM3\ARM_GCC_473\Debug\Design02.a(Counter_7.o)
                0x0000644c                Counter_7_ReadStatusRegister
 .text.Counter_7_WriteCounter
                0x00006464       0x20 .\CortexM3\ARM_GCC_473\Debug\Design02.a(Counter_7.o)
                0x00006464                Counter_7_WriteCounter
 .text.Counter_7_ReadCounter
                0x00006484       0x24 .\CortexM3\ARM_GCC_473\Debug\Design02.a(Counter_7.o)
                0x00006484                Counter_7_ReadCounter
 .text.Counter_7_ReadCapture
                0x000064a8       0x18 .\CortexM3\ARM_GCC_473\Debug\Design02.a(Counter_7.o)
                0x000064a8                Counter_7_ReadCapture
 .text.Counter_7_WritePeriod
                0x000064c0       0x20 .\CortexM3\ARM_GCC_473\Debug\Design02.a(Counter_7.o)
                0x000064c0                Counter_7_WritePeriod
 .text.Counter_7_WriteCompare
                0x000064e0       0x20 .\CortexM3\ARM_GCC_473\Debug\Design02.a(Counter_7.o)
                0x000064e0                Counter_7_WriteCompare
 .text.Counter_7_ClearFIFO
                0x00006500       0x1c .\CortexM3\ARM_GCC_473\Debug\Design02.a(Counter_7.o)
                0x00006500                Counter_7_ClearFIFO
 .text.Counter_8_Init
                0x0000651c       0xa4 .\CortexM3\ARM_GCC_473\Debug\Design02.a(Counter_8.o)
                0x0000651c                Counter_8_Init
 .text.Counter_8_Enable
                0x000065c0       0x28 .\CortexM3\ARM_GCC_473\Debug\Design02.a(Counter_8.o)
                0x000065c0                Counter_8_Enable
 .text.Counter_8_Start
                0x000065e8       0x2c .\CortexM3\ARM_GCC_473\Debug\Design02.a(Counter_8.o)
                0x000065e8                Counter_8_Start
 .text.Counter_8_SetInterruptMode
                0x00006614       0x20 .\CortexM3\ARM_GCC_473\Debug\Design02.a(Counter_8.o)
                0x00006614                Counter_8_SetInterruptMode
 .text.Counter_8_ReadStatusRegister
                0x00006634       0x18 .\CortexM3\ARM_GCC_473\Debug\Design02.a(Counter_8.o)
                0x00006634                Counter_8_ReadStatusRegister
 .text.Counter_8_WriteCounter
                0x0000664c       0x20 .\CortexM3\ARM_GCC_473\Debug\Design02.a(Counter_8.o)
                0x0000664c                Counter_8_WriteCounter
 .text.Counter_8_ReadCounter
                0x0000666c       0x24 .\CortexM3\ARM_GCC_473\Debug\Design02.a(Counter_8.o)
                0x0000666c                Counter_8_ReadCounter
 .text.Counter_8_ReadCapture
                0x00006690       0x18 .\CortexM3\ARM_GCC_473\Debug\Design02.a(Counter_8.o)
                0x00006690                Counter_8_ReadCapture
 .text.Counter_8_WritePeriod
                0x000066a8       0x20 .\CortexM3\ARM_GCC_473\Debug\Design02.a(Counter_8.o)
                0x000066a8                Counter_8_WritePeriod
 .text.Counter_8_WriteCompare
                0x000066c8       0x20 .\CortexM3\ARM_GCC_473\Debug\Design02.a(Counter_8.o)
                0x000066c8                Counter_8_WriteCompare
 .text.Counter_8_ClearFIFO
                0x000066e8       0x1c .\CortexM3\ARM_GCC_473\Debug\Design02.a(Counter_8.o)
                0x000066e8                Counter_8_ClearFIFO
 .text.PWM_5_Start
                0x00006704       0x2c .\CortexM3\ARM_GCC_473\Debug\Design02.a(PWM_5.o)
                0x00006704                PWM_5_Start
 .text.PWM_5_Init
                0x00006730      0x110 .\CortexM3\ARM_GCC_473\Debug\Design02.a(PWM_5.o)
                0x00006730                PWM_5_Init
 .text.PWM_5_Enable
                0x00006840       0x60 .\CortexM3\ARM_GCC_473\Debug\Design02.a(PWM_5.o)
                0x00006840                PWM_5_Enable
 .text.PWM_5_WritePeriod
                0x000068a0       0x20 .\CortexM3\ARM_GCC_473\Debug\Design02.a(PWM_5.o)
                0x000068a0                PWM_5_WritePeriod
 .text.PWM_5_WriteCompare
                0x000068c0       0x20 .\CortexM3\ARM_GCC_473\Debug\Design02.a(PWM_5.o)
                0x000068c0                PWM_5_WriteCompare
 .text.PWM_5_SetInterruptMode
                0x000068e0       0x20 .\CortexM3\ARM_GCC_473\Debug\Design02.a(PWM_5.o)
                0x000068e0                PWM_5_SetInterruptMode
 .text.Enable_7_Write
                0x00006900       0x44 .\CortexM3\ARM_GCC_473\Debug\Design02.a(Enable_7.o)
                0x00006900                Enable_7_Write
 .text.Enable_8_Write
                0x00006944       0x44 .\CortexM3\ARM_GCC_473\Debug\Design02.a(Enable_8.o)
                0x00006944                Enable_8_Write
 .text.LED1_Write
                0x00006988       0x44 .\CortexM3\ARM_GCC_473\Debug\Design02.a(LED1.o)
                0x00006988                LED1_Write
 .text.LED2_Write
                0x000069cc       0x44 .\CortexM3\ARM_GCC_473\Debug\Design02.a(LED2.o)
                0x000069cc                LED2_Write
 .text.LED3_Write
                0x00006a10       0x40 .\CortexM3\ARM_GCC_473\Debug\Design02.a(LED3.o)
                0x00006a10                LED3_Write
 .text.LED4_Write
                0x00006a50       0x44 .\CortexM3\ARM_GCC_473\Debug\Design02.a(LED4.o)
                0x00006a50                LED4_Write
 .text.LED5_Write
                0x00006a94       0x44 .\CortexM3\ARM_GCC_473\Debug\Design02.a(LED5.o)
                0x00006a94                LED5_Write
 .text.pinA_Write
                0x00006ad8       0x40 .\CortexM3\ARM_GCC_473\Debug\Design02.a(pinA.o)
                0x00006ad8                pinA_Write
 .text          0x00006b18      0x370 c:/program files (x86)/cypress/psoc creator/3.0/psoc creator/import/gnu_cs/arm/4.7.3/bin/../lib/gcc/arm-none-eabi/4.7.3/armv7-m\libgcc.a(_arm_addsubdf3.o)
                0x00006b18                __aeabi_drsub
                0x00006b20                __aeabi_dsub
                0x00006b20                __subdf3
                0x00006b24                __aeabi_dadd
                0x00006b24                __adddf3
                0x00006d9c                __floatunsidf
                0x00006d9c                __aeabi_ui2d
                0x00006dbc                __floatsidf
                0x00006dbc                __aeabi_i2d
                0x00006de0                __aeabi_f2d
                0x00006de0                __extendsfdf2
                0x00006e1c                __floatundidf
                0x00006e1c                __aeabi_ul2d
                0x00006e2c                __floatdidf
                0x00006e2c                __aeabi_l2d
 .text          0x00006e88      0x424 c:/program files (x86)/cypress/psoc creator/3.0/psoc creator/import/gnu_cs/arm/4.7.3/bin/../lib/gcc/arm-none-eabi/4.7.3/armv7-m\libgcc.a(_arm_muldivdf3.o)
                0x00006e88                __aeabi_dmul
                0x00006e88                __muldf3
                0x000070dc                __divdf3
                0x000070dc                __aeabi_ddiv
 .text          0x000072ac       0x50 c:/program files (x86)/cypress/psoc creator/3.0/psoc creator/import/gnu_cs/arm/4.7.3/bin/../lib/gcc/arm-none-eabi/4.7.3/armv7-m\libgcc.a(_arm_fixdfsi.o)
                0x000072ac                __aeabi_d2iz
                0x000072ac                __fixdfsi
 .text          0x000072fc       0xa0 c:/program files (x86)/cypress/psoc creator/3.0/psoc creator/import/gnu_cs/arm/4.7.3/bin/../lib/gcc/arm-none-eabi/4.7.3/armv7-m\libgcc.a(_arm_truncdfsf2.o)
                0x000072fc                __truncdfsf2
                0x000072fc                __aeabi_d2f
 .text          0x0000739c      0x21c c:/program files (x86)/cypress/psoc creator/3.0/psoc creator/import/gnu_cs/arm/4.7.3/bin/../lib/gcc/arm-none-eabi/4.7.3/armv7-m\libgcc.a(_arm_addsubsf3.o)
                0x0000739c                __aeabi_frsub
                0x000073a4                __subsf3
                0x000073a4                __aeabi_fsub
                0x000073a8                __aeabi_fadd
                0x000073a8                __addsf3
                0x00007508                __aeabi_ui2f
                0x00007508                __floatunsisf
                0x00007510                __aeabi_i2f
                0x00007510                __floatsisf
                0x0000752c                __aeabi_ul2f
                0x0000752c                __floatundisf
                0x0000753c                __aeabi_l2f
                0x0000753c                __floatdisf
 .text          0x000075b8      0x2a0 c:/program files (x86)/cypress/psoc creator/3.0/psoc creator/import/gnu_cs/arm/4.7.3/bin/../lib/gcc/arm-none-eabi/4.7.3/armv7-m\libgcc.a(_arm_muldivsf3.o)
                0x000075b8                __mulsf3
                0x000075b8                __aeabi_fmul
                0x00007720                __aeabi_fdiv
                0x00007720                __divsf3
 .text          0x00007858       0xec c:/program files (x86)/cypress/psoc creator/3.0/psoc creator/import/gnu_cs/arm/4.7.3/bin/../lib/gcc/arm-none-eabi/4.7.3/armv7-m\libgcc.a(_arm_cmpsf2.o)
                0x00007858                __gesf2
                0x00007858                __gtsf2
                0x00007860                __lesf2
                0x00007860                __ltsf2
                0x00007868                __nesf2
                0x00007868                __eqsf2
                0x00007868                __cmpsf2
                0x000078c8                __aeabi_cfrcmple
                0x000078d0                __aeabi_cfcmpeq
                0x000078d0                __aeabi_cfcmple
                0x000078e0                __aeabi_fcmpeq
                0x000078f4                __aeabi_fcmplt
                0x00007908                __aeabi_fcmple
                0x0000791c                __aeabi_fcmpge
                0x00007930                __aeabi_fcmpgt
 .text.__libc_init_array
                0x00007944       0x4c c:/program files (x86)/cypress/psoc creator/3.0/psoc creator/import/gnu_cs/arm/4.7.3/bin/../lib/gcc/arm-none-eabi/4.7.3/../../../../arm-none-eabi/lib/armv7-m\libc_s.a(lib_a-init.o)
                0x00007944                __libc_init_array
 .text.memcpy   0x00007990       0x12 c:/program files (x86)/cypress/psoc creator/3.0/psoc creator/import/gnu_cs/arm/4.7.3/bin/../lib/gcc/arm-none-eabi/4.7.3/../../../../arm-none-eabi/lib/armv7-m\libc_s.a(lib_a-memcpy.o)
                0x00007990                memcpy
 .text.memset   0x000079a2       0x10 c:/program files (x86)/cypress/psoc creator/3.0/psoc creator/import/gnu_cs/arm/4.7.3/bin/../lib/gcc/arm-none-eabi/4.7.3/../../../../arm-none-eabi/lib/armv7-m\libc_s.a(lib_a-memset.o)
                0x000079a2                memset
 *fill*         0x000079b2        0x2 00
 .text.sprintf  0x000079b4       0x48 c:/program files (x86)/cypress/psoc creator/3.0/psoc creator/import/gnu_cs/arm/4.7.3/bin/../lib/gcc/arm-none-eabi/4.7.3/../../../../arm-none-eabi/lib/armv7-m\libc_s.a(lib_a-sprintf.o)
                0x000079b4                siprintf
                0x000079b4                sprintf
 .text.__ssputc_r
                0x000079fc       0xae c:/program files (x86)/cypress/psoc creator/3.0/psoc creator/import/gnu_cs/arm/4.7.3/bin/../lib/gcc/arm-none-eabi/4.7.3/../../../../arm-none-eabi/lib/armv7-m\libc_s.a(lib_a-svfprintf.o)
                0x000079fc                __ssputc_r
 *fill*         0x00007aaa        0x2 00
 .text._svfprintf_r
                0x00007aac      0x1f4 c:/program files (x86)/cypress/psoc creator/3.0/psoc creator/import/gnu_cs/arm/4.7.3/bin/../lib/gcc/arm-none-eabi/4.7.3/../../../../arm-none-eabi/lib/armv7-m\libc_s.a(lib_a-svfprintf.o)
                0x00007aac                _svfiprintf_r
                0x00007aac                _svfprintf_r
 .text._printf_common
                0x00007ca0       0xde c:/program files (x86)/cypress/psoc creator/3.0/psoc creator/import/gnu_cs/arm/4.7.3/bin/../lib/gcc/arm-none-eabi/4.7.3/../../../../arm-none-eabi/lib/armv7-m\libc_s.a(lib_a-vfprintf_i.o)
                0x00007ca0                _printf_common
 *fill*         0x00007d7e        0x2 00
 .text._printf_i
                0x00007d80      0x248 c:/program files (x86)/cypress/psoc creator/3.0/psoc creator/import/gnu_cs/arm/4.7.3/bin/../lib/gcc/arm-none-eabi/4.7.3/../../../../arm-none-eabi/lib/armv7-m\libc_s.a(lib_a-vfprintf_i.o)
                0x00007d80                _printf_i
 .text._free_r  0x00007fc8       0x88 c:/program files (x86)/cypress/psoc creator/3.0/psoc creator/import/gnu_cs/arm/4.7.3/bin/../lib/gcc/arm-none-eabi/4.7.3/../../../../arm-none-eabi/lib/armv7-m\libc_s.a(lib_a-freer.o)
                0x00007fc8                _free_r
 .text._malloc_r
                0x00008050       0x94 c:/program files (x86)/cypress/psoc creator/3.0/psoc creator/import/gnu_cs/arm/4.7.3/bin/../lib/gcc/arm-none-eabi/4.7.3/../../../../arm-none-eabi/lib/armv7-m\libc_s.a(lib_a-mallocr.o)
                0x00008050                _malloc_r
 .text.memchr   0x000080e4       0x1c c:/program files (x86)/cypress/psoc creator/3.0/psoc creator/import/gnu_cs/arm/4.7.3/bin/../lib/gcc/arm-none-eabi/4.7.3/../../../../arm-none-eabi/lib/armv7-m\libc_s.a(lib_a-memchr.o)
                0x000080e4                memchr
 .text._realloc_r
                0x00008100       0x48 c:/program files (x86)/cypress/psoc creator/3.0/psoc creator/import/gnu_cs/arm/4.7.3/bin/../lib/gcc/arm-none-eabi/4.7.3/../../../../arm-none-eabi/lib/armv7-m\libc_s.a(lib_a-reallocr.o)
                0x00008100                _realloc_r
 .text._sbrk_r  0x00008148       0x20 c:/program files (x86)/cypress/psoc creator/3.0/psoc creator/import/gnu_cs/arm/4.7.3/bin/../lib/gcc/arm-none-eabi/4.7.3/../../../../arm-none-eabi/lib/armv7-m\libc_s.a(lib_a-sbrkr.o)
                0x00008148                _sbrk_r
 .text.strlen   0x00008168       0x10 c:/program files (x86)/cypress/psoc creator/3.0/psoc creator/import/gnu_cs/arm/4.7.3/bin/../lib/gcc/arm-none-eabi/4.7.3/../../../../arm-none-eabi/lib/armv7-m\libc_s.a(lib_a-strlen.o)
                0x00008168                strlen
 .text._malloc_usable_size_r
                0x00008178       0x12 c:/program files (x86)/cypress/psoc creator/3.0/psoc creator/import/gnu_cs/arm/4.7.3/bin/../lib/gcc/arm-none-eabi/4.7.3/../../../../arm-none-eabi/lib/armv7-m\libc_s.a(lib_a-msizer.o)
                0x00008178                _malloc_usable_size_r
 *fill*         0x0000818a        0x2 00
 .text._sbrk    0x0000818c       0x34 c:/program files (x86)/cypress/psoc creator/3.0/psoc creator/import/gnu_cs/arm/4.7.3/bin/../lib/gcc/arm-none-eabi/4.7.3/../../../../arm-none-eabi/lib/armv7-m\libnosys.a(sbrk.o)
                0x0000818c                _sbrk
 *(.plt)
 *(.gnu.warning)
 *(.glue_7t)
 .glue_7t       0x00000000        0x0 linker stubs
 *(.glue_7)
 .glue_7        0x00000000        0x0 linker stubs
 *(.vfp11_veneer)
 .vfp11_veneer  0x00000000        0x0 linker stubs
 *(.bootloader)
 *(.ARM.extab* .gnu.linkonce.armextab.*)
 *(.gcc_except_table)

.v4_bx          0x000081c0        0x0
 .v4_bx         0x00000000        0x0 linker stubs

.iplt           0x000081c0        0x0
 .iplt          0x00000000        0x0 c:/program files (x86)/cypress/psoc creator/3.0/psoc creator/import/gnu_cs/arm/4.7.3/bin/../lib/gcc/arm-none-eabi/4.7.3/armv7-m/crtbegin.o

.eh_frame_hdr
 *(.eh_frame_hdr)

.eh_frame       0x000081c0        0x4
 *(.eh_frame)
 .eh_frame      0x000081c0        0x0 c:/program files (x86)/cypress/psoc creator/3.0/psoc creator/import/gnu_cs/arm/4.7.3/bin/../lib/gcc/arm-none-eabi/4.7.3/armv7-m/crtbegin.o
 .eh_frame      0x000081c0        0x4 c:/program files (x86)/cypress/psoc creator/3.0/psoc creator/import/gnu_cs/arm/4.7.3/bin/../lib/gcc/arm-none-eabi/4.7.3/armv7-m/crtend.o
                0x000081c4                PROVIDE (__exidx_start, .)

.ARM.exidx
 *(.ARM.exidx* .gnu.linkonce.armexidx.*)
                0x000081c4                __exidx_end = .

.rodata         0x000081c4     0x734c
 *(.rodata .rodata.* .gnu.linkonce.r.*)
 .rodata        0x000081c4     0x7270 .\CortexM3\ARM_GCC_473\Debug\main.o
 .rodata        0x0000f434       0x6c .\CortexM3\ARM_GCC_473\Debug\Design02.a(cyfitter_cfg.o)
 .rodata.str1.1
                0x0000f4a0        0x2 c:/program files (x86)/cypress/psoc creator/3.0/psoc creator/import/gnu_cs/arm/4.7.3/bin/../lib/gcc/arm-none-eabi/4.7.3/../../../../arm-none-eabi/lib/armv7-m\libc_s.a(lib_a-impure.o)
 .rodata.str1.1
                0x0000f4a2       0x11 c:/program files (x86)/cypress/psoc creator/3.0/psoc creator/import/gnu_cs/arm/4.7.3/bin/../lib/gcc/arm-none-eabi/4.7.3/../../../../arm-none-eabi/lib/armv7-m\libc_s.a(lib_a-svfprintf.o)
 .rodata.str1.1
                0x0000f4b3       0x22 c:/program files (x86)/cypress/psoc creator/3.0/psoc creator/import/gnu_cs/arm/4.7.3/bin/../lib/gcc/arm-none-eabi/4.7.3/../../../../arm-none-eabi/lib/armv7-m\libc_s.a(lib_a-vfprintf_i.o)
                0x0000f4d8                . = ALIGN (0x4)
 *fill*         0x0000f4d5        0x3 00
 *(.init)
 .init          0x0000f4d8        0x4 c:/program files (x86)/cypress/psoc creator/3.0/psoc creator/import/gnu_cs/arm/4.7.3/bin/../lib/gcc/arm-none-eabi/4.7.3/armv7-m/crti.o
                0x0000f4d8                _init
 .init          0x0000f4dc        0x8 c:/program files (x86)/cypress/psoc creator/3.0/psoc creator/import/gnu_cs/arm/4.7.3/bin/../lib/gcc/arm-none-eabi/4.7.3/armv7-m/crtn.o
                0x0000f4e4                . = ALIGN (0x4)
                0x0000f4e4                __preinit_array_start = .
 *(.preinit_array)
                0x0000f4e4                __preinit_array_end = .
                0x0000f4e4                . = ALIGN (0x4)
                0x0000f4e4                __init_array_start = .
 *(SORT(.init_array.*))
 *(.init_array)
 .init_array    0x0000f4e4        0x4 c:/program files (x86)/cypress/psoc creator/3.0/psoc creator/import/gnu_cs/arm/4.7.3/bin/../lib/gcc/arm-none-eabi/4.7.3/armv7-m/crtbegin.o
 .init_array    0x0000f4e8        0x4 .\CortexM3\ARM_GCC_473\Debug\Cm3Start.o
                0x0000f4ec                __init_array_end = .
                0x0000f4ec                . = ALIGN (0x4)
 *(.fini)
 .fini          0x0000f4ec        0x4 c:/program files (x86)/cypress/psoc creator/3.0/psoc creator/import/gnu_cs/arm/4.7.3/bin/../lib/gcc/arm-none-eabi/4.7.3/armv7-m/crti.o
                0x0000f4ec                _fini
 .fini          0x0000f4f0        0x8 c:/program files (x86)/cypress/psoc creator/3.0/psoc creator/import/gnu_cs/arm/4.7.3/bin/../lib/gcc/arm-none-eabi/4.7.3/armv7-m/crtn.o
                0x0000f4f8                . = ALIGN (0x4)
                0x0000f4f8                __fini_array_start = .
 *(.fini_array)
 .fini_array    0x0000f4f8        0x4 c:/program files (x86)/cypress/psoc creator/3.0/psoc creator/import/gnu_cs/arm/4.7.3/bin/../lib/gcc/arm-none-eabi/4.7.3/armv7-m/crtbegin.o
 *(SORT(.fini_array.*))
                0x0000f4fc                __fini_array_end = .
                0x0000f4fc                . = ALIGN (0x4)
 *crtbegin.o(.ctors)
 *(EXCLUDE_FILE(*crtend.o) .ctors)
 *(SORT(.ctors.*))
 *crtend.o(.ctors)
                0x0000f4fc                . = ALIGN (0x4)
 *crtbegin.o(.dtors)
 *(EXCLUDE_FILE(*crtend.o) .dtors)
 *(SORT(.dtors.*))
 *crtend.o(.dtors)
                0x0000f4fc                . = ALIGN (0x4)
                0x0000f4fc                __cy_regions = .
                0x0000f4fc        0x4 LONG 0xf510 __cy_region_init_ram
                0x0000f500        0x4 LONG 0x1fff8108 __cy_region_start_data
                0x0000f504        0x4 LONG 0x80 __cy_region_init_size_ram
                0x0000f508        0x4 LONG 0x2b8 __cy_region_zero_size_ram
                0x0000f50c                __cy_regions_end = .
                0x0000f510                . = ALIGN (0x8)
 *fill*         0x0000f50c        0x4 00
                0x0000f510                _etext = .

.ramvectors     0x1fff8000      0x100
                0x1fff8000                __cy_region_start_ram = .
 *(.ramvectors)
 .ramvectors    0x1fff8000      0x100 .\CortexM3\ARM_GCC_473\Debug\Cm3Start.o
                0x1fff8000                CyRamVectors

.noinit         0x1fff8100        0x5
 *(.noinit)
 .noinit        0x1fff8100        0x4 .\CortexM3\ARM_GCC_473\Debug\Cm3Start.o
 .noinit        0x1fff8104        0x1 .\CortexM3\ARM_GCC_473\Debug\Design02.a(CyLib.o)
                0x1fff8104                CyResetStatus

.data           0x1fff8108       0x80 load address 0x0000f510
                0x1fff8108                __cy_region_start_data = .
 *(.jcr)
 .jcr           0x1fff8108        0x0 c:/program files (x86)/cypress/psoc creator/3.0/psoc creator/import/gnu_cs/arm/4.7.3/bin/../lib/gcc/arm-none-eabi/4.7.3/armv7-m/crtbegin.o
 .jcr           0x1fff8108        0x4 c:/program files (x86)/cypress/psoc creator/3.0/psoc creator/import/gnu_cs/arm/4.7.3/bin/../lib/gcc/arm-none-eabi/4.7.3/armv7-m/crtend.o
 *(.got.plt)
 *(.got)
 *(.shdata)
 *(.data .data.* .gnu.linkonce.d.*)
 .data          0x1fff810c       0x10 .\CortexM3\ARM_GCC_473\Debug\Design02.a(CyLib.o)
                0x1fff810c                cydelay_freq_hz
                0x1fff8110                cydelay_freq_khz
                0x1fff8114                cydelay_freq_mhz
                0x1fff8118                cydelay_32k_ms
 .data.impure_data
                0x1fff811c       0x64 c:/program files (x86)/cypress/psoc creator/3.0/psoc creator/import/gnu_cs/arm/4.7.3/bin/../lib/gcc/arm-none-eabi/4.7.3/../../../../arm-none-eabi/lib/armv7-m\libc_s.a(lib_a-impure.o)
 .data._impure_ptr
                0x1fff8180        0x4 c:/program files (x86)/cypress/psoc creator/3.0/psoc creator/import/gnu_cs/arm/4.7.3/bin/../lib/gcc/arm-none-eabi/4.7.3/../../../../arm-none-eabi/lib/armv7-m\libc_s.a(lib_a-impure.o)
                0x1fff8180                _impure_ptr
                0x1fff8188                . = ALIGN (0x8)
 *fill*         0x1fff8184        0x4 00
 *(.ram)
                0x1fff8188                _edata = .

.igot.plt       0x1fff8188        0x0 load address 0x0000f590
 .igot.plt      0x00000000        0x0 c:/program files (x86)/cypress/psoc creator/3.0/psoc creator/import/gnu_cs/arm/4.7.3/bin/../lib/gcc/arm-none-eabi/4.7.3/armv7-m/crtbegin.o

.bss            0x1fff8188      0x2b8 load address 0x0000f590
                0x1fff8188                PROVIDE (__bss_start__, .)
 *(.shbss)
 *(.bss .bss.* .gnu.linkonce.b.*)
 .bss           0x1fff8188       0x1c c:/program files (x86)/cypress/psoc creator/3.0/psoc creator/import/gnu_cs/arm/4.7.3/bin/../lib/gcc/arm-none-eabi/4.7.3/armv7-m/crtbegin.o
 .bss           0x1fff81a4        0xc .\CortexM3\ARM_GCC_473\Debug\main.o
                0x1fff81a4                global_time_loops
                0x1fff81a8                global_time
                0x1fff81ac                Estop
 .bss           0x1fff81b0        0x1 .\CortexM3\ARM_GCC_473\Debug\Design02.a(PWM_1.o)
                0x1fff81b0                PWM_1_initVar
 .bss           0x1fff81b1        0x1 .\CortexM3\ARM_GCC_473\Debug\Design02.a(PWM_2.o)
                0x1fff81b1                PWM_2_initVar
 .bss           0x1fff81b2        0x1 .\CortexM3\ARM_GCC_473\Debug\Design02.a(Timer_2.o)
                0x1fff81b2                Timer_2_initVar
 .bss           0x1fff81b3        0x1 .\CortexM3\ARM_GCC_473\Debug\Design02.a(UART_1.o)
                0x1fff81b3                UART_1_initVar
 .bss           0x1fff81b4        0x1 .\CortexM3\ARM_GCC_473\Debug\Design02.a(Timer_3.o)
                0x1fff81b4                Timer_3_initVar
 .bss           0x1fff81b5        0x1 .\CortexM3\ARM_GCC_473\Debug\Design02.a(PWM_3.o)
                0x1fff81b5                PWM_3_initVar
 .bss           0x1fff81b6        0x1 .\CortexM3\ARM_GCC_473\Debug\Design02.a(PWM_4.o)
                0x1fff81b6                PWM_4_initVar
 .bss           0x1fff81b7        0x5 .\CortexM3\ARM_GCC_473\Debug\Design02.a(UART_2.o)
                0x1fff81b7                UART_2_initVar
                0x1fff81b8                UART_2_rxBufferRead
                0x1fff81b9                UART_2_rxBufferWrite
                0x1fff81ba                UART_2_rxBufferLoopDetect
                0x1fff81bb                UART_2_rxBufferOverflow
 .bss           0x1fff81bc        0x1 .\CortexM3\ARM_GCC_473\Debug\Design02.a(Counter_3.o)
                0x1fff81bc                Counter_3_initVar
 .bss           0x1fff81bd        0x1 .\CortexM3\ARM_GCC_473\Debug\Design02.a(Counter_1.o)
                0x1fff81bd                Counter_1_initVar
 .bss           0x1fff81be        0x1 .\CortexM3\ARM_GCC_473\Debug\Design02.a(Counter_2.o)
                0x1fff81be                Counter_2_initVar
 .bss           0x1fff81bf        0x1 .\CortexM3\ARM_GCC_473\Debug\Design02.a(Counter_4.o)
                0x1fff81bf                Counter_4_initVar
 .bss           0x1fff81c0        0x1 .\CortexM3\ARM_GCC_473\Debug\Design02.a(Counter_5.o)
                0x1fff81c0                Counter_5_initVar
 .bss           0x1fff81c1        0x1 .\CortexM3\ARM_GCC_473\Debug\Design02.a(Counter_6.o)
                0x1fff81c1                Counter_6_initVar
 .bss           0x1fff81c2        0x1 .\CortexM3\ARM_GCC_473\Debug\Design02.a(Counter_7.o)
                0x1fff81c2                Counter_7_initVar
 .bss           0x1fff81c3        0x1 .\CortexM3\ARM_GCC_473\Debug\Design02.a(Counter_8.o)
                0x1fff81c3                Counter_8_initVar
 .bss           0x1fff81c4        0x1 .\CortexM3\ARM_GCC_473\Debug\Design02.a(PWM_5.o)
                0x1fff81c4                PWM_5_initVar
 *fill*         0x1fff81c5        0x3 00
 .bss.__malloc_free_list
                0x1fff81c8        0x4 c:/program files (x86)/cypress/psoc creator/3.0/psoc creator/import/gnu_cs/arm/4.7.3/bin/../lib/gcc/arm-none-eabi/4.7.3/../../../../arm-none-eabi/lib/armv7-m\libc_s.a(lib_a-mallocr.o)
                0x1fff81c8                __malloc_free_list
 .bss.heap_end.4231
                0x1fff81cc        0x4 c:/program files (x86)/cypress/psoc creator/3.0/psoc creator/import/gnu_cs/arm/4.7.3/bin/../lib/gcc/arm-none-eabi/4.7.3/../../../../arm-none-eabi/lib/armv7-m\libnosys.a(sbrk.o)
 *(COMMON)
 COMMON         0x1fff81d0      0x1f0 .\CortexM3\ARM_GCC_473\Debug\main.o
                0x1fff81d0                motor2pos_current
                0x1fff81d4                rolldot_c
                0x1fff81e0                accelY
                0x1fff81e8                angleIndex8
                0x1fff81f0                accelX
                0x1fff81f8                motor8pos_previous
                0x1fff81fc                velMeasured7
                0x1fff8200                angleIndex4
                0x1fff8204                angle8
                0x1fff8208                motor1pos_previous
                0x1fff820c                cmdVal8
                0x1fff8210                motor6pos_current
                0x1fff8214                velMeasured4
                0x1fff8218                motor1pos_current
                0x1fff821c                angleIndex7
                0x1fff8220                cmdVal5
                0x1fff8224                motor7pos_current
                0x1fff8228                angle6
                0x1fff822c                motor3pos_previous
                0x1fff8230                accelX_c
                0x1fff8238                cmdVal6
                0x1fff8240                yawdot
                0x1fff8248                yawdot_c
                0x1fff8254                torque7
                0x1fff8258                motor5pos_current
                0x1fff825c                cmdVal2
                0x1fff8260                pitchdot_c
                0x1fff826c                angle1
                0x1fff8270                angle4
                0x1fff8274                torque4
                0x1fff8278                velMeasured1
                0x1fff827c                accelZ_c
                0x1fff8284                velMeasured2
                0x1fff8288                angle2
                0x1fff828c                motor2pos_previous
                0x1fff8290                velMeasured5
                0x1fff8294                motor8pos_current
                0x1fff8298                pitch_c
                0x1fff82a4                angleIndex5
                0x1fff82a8                cmdVal7
                0x1fff82ac                motor7pos_previous
                0x1fff82b0                rolldot
                0x1fff82b8                torque1
                0x1fff82bc                motor4pos_current
                0x1fff82c0                angleIndex3
                0x1fff82c4                motor3pos_current
                0x1fff82c8                pitchdot
                0x1fff82d0                accelZ
                0x1fff82d8                velMeasured6
                0x1fff82dc                cmdVal4
                0x1fff82e0                motor4pos_previous
                0x1fff82e4                angle5
                0x1fff82e8                torque6
                0x1fff82ec                roll_c
                0x1fff82f8                yaw
                0x1fff8300                pitch
                0x1fff8308                roll
                0x1fff8310                cmdVal1
                0x1fff8314                angleIndex2
                0x1fff8318                motor5pos_previous
                0x1fff831c                angleIndex6
                0x1fff8320                accelY_c
                0x1fff8328                angle3
                0x1fff832c                velMeasured3
                0x1fff8330                angle7
                0x1fff8334                angleIndex1
                0x1fff8338                motor6pos_previous
                0x1fff833c                yaw_c
                0x1fff8348                torque5
                0x1fff834c                torque3
                0x1fff8350                IMUstr
                0x1fff83b0                velMeasured8
                0x1fff83b4                cmdVal3
                0x1fff83b8                torque8
                0x1fff83bc                torque2
 COMMON         0x1fff83c0       0x76 .\CortexM3\ARM_GCC_473\Debug\Design02.a(UART_2.o)
                0x1fff83c0                UART_2_rxBuffer
 *fill*         0x1fff8436        0x2 00
 COMMON         0x1fff8438        0x4 c:/program files (x86)/cypress/psoc creator/3.0/psoc creator/import/gnu_cs/arm/4.7.3/bin/../lib/gcc/arm-none-eabi/4.7.3/../../../../arm-none-eabi/lib/armv7-m\libc_s.a(lib_a-reent.o)
                0x1fff8438                errno
                0x1fff8440                . = ALIGN (0x8)
 *fill*         0x1fff843c        0x4 00
 *(.ram.b)
                0x1fff8440                _end = .
                0x1fff8440                __end = .
                0x1fff8440                PROVIDE (end, .)
                0x1fff8440                PROVIDE (__bss_end__, .)
                0x0000f510                __cy_region_init_ram = LOADADDR (.data)
                0x00000080                __cy_region_init_size_ram = (_edata - ADDR (.data))
                0x000002b8                __cy_region_zero_size_ram = (_end - _edata)

.heap           0x1fff8440     0x1000 load address 0x0000f590
                0x1fff8440                . = _end
                0x1fff9440                . = (. + 0x1000)
 *fill*         0x1fff8440     0x1000 00
                0x1fff9440                __cy_heap_limit = .

.stack          0x20004000     0x4000
                0x20004000                __cy_stack_limit = .
                0x20008000                . = (. + 0x4000)
 *fill*         0x20004000     0x4000 00
                0x00000001                ASSERT ((__cy_stack_limit >= __cy_heap_limit), region RAM overflowed with stack)

.cyloadermeta
 *(.cyloadermeta)

.cyloadablemeta
 *(.cyloadablemeta)

.cyconfigecc    0x80000000     0x14bc
 *(.cyconfigecc)
 .cyconfigecc   0x80000000     0x14bc .\CortexM3\ARM_GCC_473\Debug\cymetadata.o
                0x80000000                cy_meta_configecc

.cycustnvl      0x90000000        0x4
 *(.cycustnvl)
 .cycustnvl     0x90000000        0x4 .\CortexM3\ARM_GCC_473\Debug\cymetadata.o
                0x90000000                cy_meta_custnvl

.cywolatch      0x90100000        0x4
 *(.cywolatch)
 .cywolatch     0x90100000        0x4 .\CortexM3\ARM_GCC_473\Debug\cymetadata.o
                0x90100000                cy_meta_wonvl

.cyeeprom       0x90200000        0x0
 *(.cyeeprom)
                0x00000001                ASSERT ((. <= ((0x90200000 + ee_offset) + ee_size)), .cyeeprom data will not fit in EEPROM)

.cyflashprotect
                0x90400000      0x100
 *(.cyflashprotect)
 .cyflashprotect
                0x90400000      0x100 .\CortexM3\ARM_GCC_473\Debug\cymetadata.o
                0x90400000                cy_meta_flashprotect

.cymeta         0x90500000        0xc
 *(.cymeta)
 .cymeta        0x90500000        0xc .\CortexM3\ARM_GCC_473\Debug\cymetadata.o
                0x90500000                cy_metadata

.rel.dyn        0x0000f590        0x0 load address 0x9050000c
 .rel.iplt      0x00000000        0x0 c:/program files (x86)/cypress/psoc creator/3.0/psoc creator/import/gnu_cs/arm/4.7.3/bin/../lib/gcc/arm-none-eabi/4.7.3/armv7-m/crtbegin.o

.stab
 *(.stab)

.stabstr
 *(.stabstr)

.debug
 *(.debug)

.line
 *(.line)

.debug_srcinfo
 *(.debug_srcinfo)

.debug_sfnames
 *(.debug_sfnames)

.debug_aranges  0x00000000     0x1538
 *(.debug_aranges)
 .debug_aranges
                0x00000000       0x50 .\CortexM3\ARM_GCC_473\Debug\main.o
 .debug_aranges
                0x00000050       0x18 .\CortexM3\ARM_GCC_473\Debug\cymetadata.o
 .debug_aranges
                0x00000068       0x40 .\CortexM3\ARM_GCC_473\Debug\Cm3Start.o
 .debug_aranges
                0x000000a8       0x60 .\CortexM3\ARM_GCC_473\Debug\Design02.a(cyfitter_cfg.o)
 .debug_aranges
                0x00000108       0xa8 .\CortexM3\ARM_GCC_473\Debug\Design02.a(PWM_1.o)
 .debug_aranges
                0x000001b0       0x38 .\CortexM3\ARM_GCC_473\Debug\Design02.a(Enable_1.o)
 .debug_aranges
                0x000001e8       0x38 .\CortexM3\ARM_GCC_473\Debug\Design02.a(Enable_2.o)
 .debug_aranges
                0x00000220       0x38 .\CortexM3\ARM_GCC_473\Debug\Design02.a(ePin.o)
 .debug_aranges
                0x00000258       0x20 .\CortexM3\ARM_GCC_473\Debug\Design02.a(CyBootAsmGnu.o)
 .debug_aranges
                0x00000278      0x218 .\CortexM3\ARM_GCC_473\Debug\Design02.a(CyLib.o)
 .debug_aranges
                0x00000490       0x90 .\CortexM3\ARM_GCC_473\Debug\Design02.a(cyPm.o)
 .debug_aranges
                0x00000520       0xa8 .\CortexM3\ARM_GCC_473\Debug\Design02.a(PWM_2.o)
 .debug_aranges
                0x000005c8       0x88 .\CortexM3\ARM_GCC_473\Debug\Design02.a(Timer_2.o)
 .debug_aranges
                0x00000650       0x80 .\CortexM3\ARM_GCC_473\Debug\Design02.a(isr_1.o)
 .debug_aranges
                0x000006d0      0x100 .\CortexM3\ARM_GCC_473\Debug\Design02.a(UART_1.o)
 .debug_aranges
                0x000007d0       0x70 .\CortexM3\ARM_GCC_473\Debug\Design02.a(UART_1_IntClock.o)
 .debug_aranges
                0x00000840       0x80 .\CortexM3\ARM_GCC_473\Debug\Design02.a(isr_3.o)
 .debug_aranges
                0x000008c0       0x88 .\CortexM3\ARM_GCC_473\Debug\Design02.a(Timer_3.o)
 .debug_aranges
                0x00000948       0xa8 .\CortexM3\ARM_GCC_473\Debug\Design02.a(PWM_3.o)
 .debug_aranges
                0x000009f0       0x78 .\CortexM3\ARM_GCC_473\Debug\Design02.a(PWM_4.o)
 .debug_aranges
                0x00000a68       0xa8 .\CortexM3\ARM_GCC_473\Debug\Design02.a(UART_2.o)
 .debug_aranges
                0x00000b10       0x20 .\CortexM3\ARM_GCC_473\Debug\Design02.a(UART_2_INT.o)
 .debug_aranges
                0x00000b30       0x70 .\CortexM3\ARM_GCC_473\Debug\Design02.a(UART_2_IntClock.o)
 .debug_aranges
                0x00000ba0       0x38 .\CortexM3\ARM_GCC_473\Debug\Design02.a(Enable_3.o)
 .debug_aranges
                0x00000bd8       0x38 .\CortexM3\ARM_GCC_473\Debug\Design02.a(Enable_4.o)
 .debug_aranges
                0x00000c10       0x38 .\CortexM3\ARM_GCC_473\Debug\Design02.a(foot12.o)
 .debug_aranges
                0x00000c48       0x38 .\CortexM3\ARM_GCC_473\Debug\Design02.a(foot34.o)
 .debug_aranges
                0x00000c80       0x98 .\CortexM3\ARM_GCC_473\Debug\Design02.a(Counter_3.o)
 .debug_aranges
                0x00000d18       0x38 .\CortexM3\ARM_GCC_473\Debug\Design02.a(Enable_5.o)
 .debug_aranges
                0x00000d50       0x38 .\CortexM3\ARM_GCC_473\Debug\Design02.a(Enable_6.o)
 .debug_aranges
                0x00000d88       0x38 .\CortexM3\ARM_GCC_473\Debug\Design02.a(foot78.o)
 .debug_aranges
                0x00000dc0       0x38 .\CortexM3\ARM_GCC_473\Debug\Design02.a(foot56.o)
 .debug_aranges
                0x00000df8       0x98 .\CortexM3\ARM_GCC_473\Debug\Design02.a(Counter_1.o)
 .debug_aranges
                0x00000e90       0x98 .\CortexM3\ARM_GCC_473\Debug\Design02.a(Counter_2.o)
 .debug_aranges
                0x00000f28       0x98 .\CortexM3\ARM_GCC_473\Debug\Design02.a(Counter_4.o)
 .debug_aranges
                0x00000fc0       0x98 .\CortexM3\ARM_GCC_473\Debug\Design02.a(Counter_5.o)
 .debug_aranges
                0x00001058       0x98 .\CortexM3\ARM_GCC_473\Debug\Design02.a(Counter_6.o)
 .debug_aranges
                0x000010f0       0x98 .\CortexM3\ARM_GCC_473\Debug\Design02.a(Counter_7.o)
 .debug_aranges
                0x00001188       0x98 .\CortexM3\ARM_GCC_473\Debug\Design02.a(Counter_8.o)
 .debug_aranges
                0x00001220       0x78 .\CortexM3\ARM_GCC_473\Debug\Design02.a(PWM_5.o)
 .debug_aranges
                0x00001298       0x38 .\CortexM3\ARM_GCC_473\Debug\Design02.a(Enable_7.o)
 .debug_aranges
                0x000012d0       0x38 .\CortexM3\ARM_GCC_473\Debug\Design02.a(Enable_8.o)
 .debug_aranges
                0x00001308       0x38 .\CortexM3\ARM_GCC_473\Debug\Design02.a(LED1.o)
 .debug_aranges
                0x00001340       0x38 .\CortexM3\ARM_GCC_473\Debug\Design02.a(LED2.o)
 .debug_aranges
                0x00001378       0x38 .\CortexM3\ARM_GCC_473\Debug\Design02.a(LED3.o)
 .debug_aranges
                0x000013b0       0x38 .\CortexM3\ARM_GCC_473\Debug\Design02.a(LED4.o)
 .debug_aranges
                0x000013e8       0x38 .\CortexM3\ARM_GCC_473\Debug\Design02.a(LED5.o)
 .debug_aranges
                0x00001420       0x38 .\CortexM3\ARM_GCC_473\Debug\Design02.a(pinA.o)
 .debug_aranges
                0x00001458       0x78 .\CortexM3\ARM_GCC_473\Debug\Design02.a(CyFlash.o)
 .debug_aranges
                0x000014d0       0x68 .\CortexM3\ARM_GCC_473\Debug\Design02.a(CySpc.o)

.debug_pubnames
 *(.debug_pubnames)

.debug_info     0x00000000     0x8463
 *(.debug_info .gnu.linkonce.wi.*)
 .debug_info    0x00000000      0xa7b .\CortexM3\ARM_GCC_473\Debug\main.o
 .debug_info    0x00000a7b      0x143 .\CortexM3\ARM_GCC_473\Debug\cymetadata.o
 .debug_info    0x00000bbe      0x2ea .\CortexM3\ARM_GCC_473\Debug\Cm3Start.o
 .debug_info    0x00000ea8      0x47e .\CortexM3\ARM_GCC_473\Debug\Design02.a(cyfitter_cfg.o)
 .debug_info    0x00001326      0x34b .\CortexM3\ARM_GCC_473\Debug\Design02.a(PWM_1.o)
 .debug_info    0x00001671      0x134 .\CortexM3\ARM_GCC_473\Debug\Design02.a(Enable_1.o)
 .debug_info    0x000017a5      0x134 .\CortexM3\ARM_GCC_473\Debug\Design02.a(Enable_2.o)
 .debug_info    0x000018d9      0x134 .\CortexM3\ARM_GCC_473\Debug\Design02.a(ePin.o)
 .debug_info    0x00001a0d       0xa8 .\CortexM3\ARM_GCC_473\Debug\Design02.a(CyBootAsmGnu.o)
 .debug_info    0x00001ab5      0xcd7 .\CortexM3\ARM_GCC_473\Debug\Design02.a(CyLib.o)
 .debug_info    0x0000278c      0x5c3 .\CortexM3\ARM_GCC_473\Debug\Design02.a(cyPm.o)
 .debug_info    0x00002d4f      0x34b .\CortexM3\ARM_GCC_473\Debug\Design02.a(PWM_2.o)
 .debug_info    0x0000309a      0x285 .\CortexM3\ARM_GCC_473\Debug\Design02.a(Timer_2.o)
 .debug_info    0x0000331f      0x278 .\CortexM3\ARM_GCC_473\Debug\Design02.a(isr_1.o)
 .debug_info    0x00003597      0x5a7 .\CortexM3\ARM_GCC_473\Debug\Design02.a(UART_1.o)
 .debug_info    0x00003b3e      0x294 .\CortexM3\ARM_GCC_473\Debug\Design02.a(UART_1_IntClock.o)
 .debug_info    0x00003dd2      0x278 .\CortexM3\ARM_GCC_473\Debug\Design02.a(isr_3.o)
 .debug_info    0x0000404a      0x285 .\CortexM3\ARM_GCC_473\Debug\Design02.a(Timer_3.o)
 .debug_info    0x000042cf      0x34b .\CortexM3\ARM_GCC_473\Debug\Design02.a(PWM_3.o)
 .debug_info    0x0000461a      0x27f .\CortexM3\ARM_GCC_473\Debug\Design02.a(PWM_4.o)
 .debug_info    0x00004899      0x439 .\CortexM3\ARM_GCC_473\Debug\Design02.a(UART_2.o)
 .debug_info    0x00004cd2      0x139 .\CortexM3\ARM_GCC_473\Debug\Design02.a(UART_2_INT.o)
 .debug_info    0x00004e0b      0x294 .\CortexM3\ARM_GCC_473\Debug\Design02.a(UART_2_IntClock.o)
 .debug_info    0x0000509f      0x134 .\CortexM3\ARM_GCC_473\Debug\Design02.a(Enable_3.o)
 .debug_info    0x000051d3      0x134 .\CortexM3\ARM_GCC_473\Debug\Design02.a(Enable_4.o)
 .debug_info    0x00005307      0x134 .\CortexM3\ARM_GCC_473\Debug\Design02.a(foot12.o)
 .debug_info    0x0000543b      0x134 .\CortexM3\ARM_GCC_473\Debug\Design02.a(foot34.o)
 .debug_info    0x0000556f      0x2db .\CortexM3\ARM_GCC_473\Debug\Design02.a(Counter_3.o)
 .debug_info    0x0000584a      0x134 .\CortexM3\ARM_GCC_473\Debug\Design02.a(Enable_5.o)
 .debug_info    0x0000597e      0x134 .\CortexM3\ARM_GCC_473\Debug\Design02.a(Enable_6.o)
 .debug_info    0x00005ab2      0x134 .\CortexM3\ARM_GCC_473\Debug\Design02.a(foot78.o)
 .debug_info    0x00005be6      0x134 .\CortexM3\ARM_GCC_473\Debug\Design02.a(foot56.o)
 .debug_info    0x00005d1a      0x2db .\CortexM3\ARM_GCC_473\Debug\Design02.a(Counter_1.o)
 .debug_info    0x00005ff5      0x2db .\CortexM3\ARM_GCC_473\Debug\Design02.a(Counter_2.o)
 .debug_info    0x000062d0      0x2db .\CortexM3\ARM_GCC_473\Debug\Design02.a(Counter_4.o)
 .debug_info    0x000065ab      0x2db .\CortexM3\ARM_GCC_473\Debug\Design02.a(Counter_5.o)
 .debug_info    0x00006886      0x2db .\CortexM3\ARM_GCC_473\Debug\Design02.a(Counter_6.o)
 .debug_info    0x00006b61      0x2db .\CortexM3\ARM_GCC_473\Debug\Design02.a(Counter_7.o)
 .debug_info    0x00006e3c      0x2db .\CortexM3\ARM_GCC_473\Debug\Design02.a(Counter_8.o)
 .debug_info    0x00007117      0x27f .\CortexM3\ARM_GCC_473\Debug\Design02.a(PWM_5.o)
 .debug_info    0x00007396      0x134 .\CortexM3\ARM_GCC_473\Debug\Design02.a(Enable_7.o)
 .debug_info    0x000074ca      0x134 .\CortexM3\ARM_GCC_473\Debug\Design02.a(Enable_8.o)
 .debug_info    0x000075fe      0x134 .\CortexM3\ARM_GCC_473\Debug\Design02.a(LED1.o)
 .debug_info    0x00007732      0x134 .\CortexM3\ARM_GCC_473\Debug\Design02.a(LED2.o)
 .debug_info    0x00007866      0x134 .\CortexM3\ARM_GCC_473\Debug\Design02.a(LED3.o)
 .debug_info    0x0000799a      0x134 .\CortexM3\ARM_GCC_473\Debug\Design02.a(LED4.o)
 .debug_info    0x00007ace      0x134 .\CortexM3\ARM_GCC_473\Debug\Design02.a(LED5.o)
 .debug_info    0x00007c02      0x134 .\CortexM3\ARM_GCC_473\Debug\Design02.a(pinA.o)
 .debug_info    0x00007d36      0x354 .\CortexM3\ARM_GCC_473\Debug\Design02.a(CyFlash.o)
 .debug_info    0x0000808a      0x3d9 .\CortexM3\ARM_GCC_473\Debug\Design02.a(CySpc.o)

.debug_abbrev   0x00000000     0x2f69
 *(.debug_abbrev)
 .debug_abbrev  0x00000000      0x171 .\CortexM3\ARM_GCC_473\Debug\main.o
 .debug_abbrev  0x00000171       0x77 .\CortexM3\ARM_GCC_473\Debug\cymetadata.o
 .debug_abbrev  0x000001e8      0x175 .\CortexM3\ARM_GCC_473\Debug\Cm3Start.o
 .debug_abbrev  0x0000035d      0x1b9 .\CortexM3\ARM_GCC_473\Debug\Design02.a(cyfitter_cfg.o)
 .debug_abbrev  0x00000516      0x130 .\CortexM3\ARM_GCC_473\Debug\Design02.a(PWM_1.o)
 .debug_abbrev  0x00000646       0x92 .\CortexM3\ARM_GCC_473\Debug\Design02.a(Enable_1.o)
 .debug_abbrev  0x000006d8       0x92 .\CortexM3\ARM_GCC_473\Debug\Design02.a(Enable_2.o)
 .debug_abbrev  0x0000076a       0x92 .\CortexM3\ARM_GCC_473\Debug\Design02.a(ePin.o)
 .debug_abbrev  0x000007fc       0x14 .\CortexM3\ARM_GCC_473\Debug\Design02.a(CyBootAsmGnu.o)
 .debug_abbrev  0x00000810      0x207 .\CortexM3\ARM_GCC_473\Debug\Design02.a(CyLib.o)
 .debug_abbrev  0x00000a17      0x170 .\CortexM3\ARM_GCC_473\Debug\Design02.a(cyPm.o)
 .debug_abbrev  0x00000b87      0x130 .\CortexM3\ARM_GCC_473\Debug\Design02.a(PWM_2.o)
 .debug_abbrev  0x00000cb7       0xeb .\CortexM3\ARM_GCC_473\Debug\Design02.a(Timer_2.o)
 .debug_abbrev  0x00000da2      0x12d .\CortexM3\ARM_GCC_473\Debug\Design02.a(isr_1.o)
 .debug_abbrev  0x00000ecf      0x17d .\CortexM3\ARM_GCC_473\Debug\Design02.a(UART_1.o)
 .debug_abbrev  0x0000104c      0x11f .\CortexM3\ARM_GCC_473\Debug\Design02.a(UART_1_IntClock.o)
 .debug_abbrev  0x0000116b      0x12d .\CortexM3\ARM_GCC_473\Debug\Design02.a(isr_3.o)
 .debug_abbrev  0x00001298       0xeb .\CortexM3\ARM_GCC_473\Debug\Design02.a(Timer_3.o)
 .debug_abbrev  0x00001383      0x130 .\CortexM3\ARM_GCC_473\Debug\Design02.a(PWM_3.o)
 .debug_abbrev  0x000014b3      0x118 .\CortexM3\ARM_GCC_473\Debug\Design02.a(PWM_4.o)
 .debug_abbrev  0x000015cb      0x17a .\CortexM3\ARM_GCC_473\Debug\Design02.a(UART_2.o)
 .debug_abbrev  0x00001745       0x8c .\CortexM3\ARM_GCC_473\Debug\Design02.a(UART_2_INT.o)
 .debug_abbrev  0x000017d1      0x11f .\CortexM3\ARM_GCC_473\Debug\Design02.a(UART_2_IntClock.o)
 .debug_abbrev  0x000018f0       0x92 .\CortexM3\ARM_GCC_473\Debug\Design02.a(Enable_3.o)
 .debug_abbrev  0x00001982       0x92 .\CortexM3\ARM_GCC_473\Debug\Design02.a(Enable_4.o)
 .debug_abbrev  0x00001a14       0x92 .\CortexM3\ARM_GCC_473\Debug\Design02.a(foot12.o)
 .debug_abbrev  0x00001aa6       0x92 .\CortexM3\ARM_GCC_473\Debug\Design02.a(foot34.o)
 .debug_abbrev  0x00001b38      0x12e .\CortexM3\ARM_GCC_473\Debug\Design02.a(Counter_3.o)
 .debug_abbrev  0x00001c66       0x92 .\CortexM3\ARM_GCC_473\Debug\Design02.a(Enable_5.o)
 .debug_abbrev  0x00001cf8       0x92 .\CortexM3\ARM_GCC_473\Debug\Design02.a(Enable_6.o)
 .debug_abbrev  0x00001d8a       0x92 .\CortexM3\ARM_GCC_473\Debug\Design02.a(foot78.o)
 .debug_abbrev  0x00001e1c       0x92 .\CortexM3\ARM_GCC_473\Debug\Design02.a(foot56.o)
 .debug_abbrev  0x00001eae      0x12e .\CortexM3\ARM_GCC_473\Debug\Design02.a(Counter_1.o)
 .debug_abbrev  0x00001fdc      0x12e .\CortexM3\ARM_GCC_473\Debug\Design02.a(Counter_2.o)
 .debug_abbrev  0x0000210a      0x12e .\CortexM3\ARM_GCC_473\Debug\Design02.a(Counter_4.o)
 .debug_abbrev  0x00002238      0x12e .\CortexM3\ARM_GCC_473\Debug\Design02.a(Counter_5.o)
 .debug_abbrev  0x00002366      0x12e .\CortexM3\ARM_GCC_473\Debug\Design02.a(Counter_6.o)
 .debug_abbrev  0x00002494      0x12e .\CortexM3\ARM_GCC_473\Debug\Design02.a(Counter_7.o)
 .debug_abbrev  0x000025c2      0x12e .\CortexM3\ARM_GCC_473\Debug\Design02.a(Counter_8.o)
 .debug_abbrev  0x000026f0      0x118 .\CortexM3\ARM_GCC_473\Debug\Design02.a(PWM_5.o)
 .debug_abbrev  0x00002808       0x92 .\CortexM3\ARM_GCC_473\Debug\Design02.a(Enable_7.o)
 .debug_abbrev  0x0000289a       0x92 .\CortexM3\ARM_GCC_473\Debug\Design02.a(Enable_8.o)
 .debug_abbrev  0x0000292c       0x92 .\CortexM3\ARM_GCC_473\Debug\Design02.a(LED1.o)
 .debug_abbrev  0x000029be       0x92 .\CortexM3\ARM_GCC_473\Debug\Design02.a(LED2.o)
 .debug_abbrev  0x00002a50       0x92 .\CortexM3\ARM_GCC_473\Debug\Design02.a(LED3.o)
 .debug_abbrev  0x00002ae2       0x92 .\CortexM3\ARM_GCC_473\Debug\Design02.a(LED4.o)
 .debug_abbrev  0x00002b74       0x92 .\CortexM3\ARM_GCC_473\Debug\Design02.a(LED5.o)
 .debug_abbrev  0x00002c06       0x92 .\CortexM3\ARM_GCC_473\Debug\Design02.a(pinA.o)
 .debug_abbrev  0x00002c98      0x172 .\CortexM3\ARM_GCC_473\Debug\Design02.a(CyFlash.o)
 .debug_abbrev  0x00002e0a      0x15f .\CortexM3\ARM_GCC_473\Debug\Design02.a(CySpc.o)

.debug_line     0x00000000     0x44c1
 *(.debug_line)
 .debug_line    0x00000000      0x48a .\CortexM3\ARM_GCC_473\Debug\main.o
 .debug_line    0x0000048a       0x53 .\CortexM3\ARM_GCC_473\Debug\cymetadata.o
 .debug_line    0x000004dd      0x1b0 .\CortexM3\ARM_GCC_473\Debug\Cm3Start.o
 .debug_line    0x0000068d      0x22f .\CortexM3\ARM_GCC_473\Debug\Design02.a(cyfitter_cfg.o)
 .debug_line    0x000008bc      0x1b3 .\CortexM3\ARM_GCC_473\Debug\Design02.a(PWM_1.o)
 .debug_line    0x00000a6f       0x9a .\CortexM3\ARM_GCC_473\Debug\Design02.a(Enable_1.o)
 .debug_line    0x00000b09       0x9a .\CortexM3\ARM_GCC_473\Debug\Design02.a(Enable_2.o)
 .debug_line    0x00000ba3       0x96 .\CortexM3\ARM_GCC_473\Debug\Design02.a(ePin.o)
 .debug_line    0x00000c39       0x68 .\CortexM3\ARM_GCC_473\Debug\Design02.a(CyBootAsmGnu.o)
 .debug_line    0x00000ca1      0x73b .\CortexM3\ARM_GCC_473\Debug\Design02.a(CyLib.o)
 .debug_line    0x000013dc      0x370 .\CortexM3\ARM_GCC_473\Debug\Design02.a(cyPm.o)
 .debug_line    0x0000174c      0x1b3 .\CortexM3\ARM_GCC_473\Debug\Design02.a(PWM_2.o)
 .debug_line    0x000018ff      0x161 .\CortexM3\ARM_GCC_473\Debug\Design02.a(Timer_2.o)
 .debug_line    0x00001a60      0x150 .\CortexM3\ARM_GCC_473\Debug\Design02.a(isr_1.o)
 .debug_line    0x00001bb0      0x30f .\CortexM3\ARM_GCC_473\Debug\Design02.a(UART_1.o)
 .debug_line    0x00001ebf      0x1a6 .\CortexM3\ARM_GCC_473\Debug\Design02.a(UART_1_IntClock.o)
 .debug_line    0x00002065      0x150 .\CortexM3\ARM_GCC_473\Debug\Design02.a(isr_3.o)
 .debug_line    0x000021b5      0x161 .\CortexM3\ARM_GCC_473\Debug\Design02.a(Timer_3.o)
 .debug_line    0x00002316      0x1b3 .\CortexM3\ARM_GCC_473\Debug\Design02.a(PWM_3.o)
 .debug_line    0x000024c9      0x143 .\CortexM3\ARM_GCC_473\Debug\Design02.a(PWM_4.o)
 .debug_line    0x0000260c      0x202 .\CortexM3\ARM_GCC_473\Debug\Design02.a(UART_2.o)
 .debug_line    0x0000280e       0x92 .\CortexM3\ARM_GCC_473\Debug\Design02.a(UART_2_INT.o)
 .debug_line    0x000028a0      0x1a6 .\CortexM3\ARM_GCC_473\Debug\Design02.a(UART_2_IntClock.o)
 .debug_line    0x00002a46       0x9a .\CortexM3\ARM_GCC_473\Debug\Design02.a(Enable_3.o)
 .debug_line    0x00002ae0       0x9a .\CortexM3\ARM_GCC_473\Debug\Design02.a(Enable_4.o)
 .debug_line    0x00002b7a       0x98 .\CortexM3\ARM_GCC_473\Debug\Design02.a(foot12.o)
 .debug_line    0x00002c12       0x98 .\CortexM3\ARM_GCC_473\Debug\Design02.a(foot34.o)
 .debug_line    0x00002caa      0x18d .\CortexM3\ARM_GCC_473\Debug\Design02.a(Counter_3.o)
 .debug_line    0x00002e37       0x9a .\CortexM3\ARM_GCC_473\Debug\Design02.a(Enable_5.o)
 .debug_line    0x00002ed1       0x9a .\CortexM3\ARM_GCC_473\Debug\Design02.a(Enable_6.o)
 .debug_line    0x00002f6b       0x98 .\CortexM3\ARM_GCC_473\Debug\Design02.a(foot78.o)
 .debug_line    0x00003003       0x98 .\CortexM3\ARM_GCC_473\Debug\Design02.a(foot56.o)
 .debug_line    0x0000309b      0x18d .\CortexM3\ARM_GCC_473\Debug\Design02.a(Counter_1.o)
 .debug_line    0x00003228      0x18d .\CortexM3\ARM_GCC_473\Debug\Design02.a(Counter_2.o)
 .debug_line    0x000033b5      0x18d .\CortexM3\ARM_GCC_473\Debug\Design02.a(Counter_4.o)
 .debug_line    0x00003542      0x18d .\CortexM3\ARM_GCC_473\Debug\Design02.a(Counter_5.o)
 .debug_line    0x000036cf      0x18d .\CortexM3\ARM_GCC_473\Debug\Design02.a(Counter_6.o)
 .debug_line    0x0000385c      0x18d .\CortexM3\ARM_GCC_473\Debug\Design02.a(Counter_7.o)
 .debug_line    0x000039e9      0x18d .\CortexM3\ARM_GCC_473\Debug\Design02.a(Counter_8.o)
 .debug_line    0x00003b76      0x143 .\CortexM3\ARM_GCC_473\Debug\Design02.a(PWM_5.o)
 .debug_line    0x00003cb9       0x9a .\CortexM3\ARM_GCC_473\Debug\Design02.a(Enable_7.o)
 .debug_line    0x00003d53       0x9a .\CortexM3\ARM_GCC_473\Debug\Design02.a(Enable_8.o)
 .debug_line    0x00003ded       0x96 .\CortexM3\ARM_GCC_473\Debug\Design02.a(LED1.o)
 .debug_line    0x00003e83       0x96 .\CortexM3\ARM_GCC_473\Debug\Design02.a(LED2.o)
 .debug_line    0x00003f19       0x96 .\CortexM3\ARM_GCC_473\Debug\Design02.a(LED3.o)
 .debug_line    0x00003faf       0x96 .\CortexM3\ARM_GCC_473\Debug\Design02.a(LED4.o)
 .debug_line    0x00004045       0x96 .\CortexM3\ARM_GCC_473\Debug\Design02.a(LED5.o)
 .debug_line    0x000040db       0x96 .\CortexM3\ARM_GCC_473\Debug\Design02.a(pinA.o)
 .debug_line    0x00004171      0x1a9 .\CortexM3\ARM_GCC_473\Debug\Design02.a(CyFlash.o)
 .debug_line    0x0000431a      0x1a7 .\CortexM3\ARM_GCC_473\Debug\Design02.a(CySpc.o)

.debug_frame    0x00000000     0x4764
 *(.debug_frame)
 .debug_frame   0x00000000       0xfc .\CortexM3\ARM_GCC_473\Debug\main.o
 .debug_frame   0x000000fc       0xa4 .\CortexM3\ARM_GCC_473\Debug\Cm3Start.o
 .debug_frame   0x000001a0      0x120 .\CortexM3\ARM_GCC_473\Debug\Design02.a(cyfitter_cfg.o)
 .debug_frame   0x000002c0      0x20c .\CortexM3\ARM_GCC_473\Debug\Design02.a(PWM_1.o)
 .debug_frame   0x000004cc       0x80 .\CortexM3\ARM_GCC_473\Debug\Design02.a(Enable_1.o)
 .debug_frame   0x0000054c       0x80 .\CortexM3\ARM_GCC_473\Debug\Design02.a(Enable_2.o)
 .debug_frame   0x000005cc       0x80 .\CortexM3\ARM_GCC_473\Debug\Design02.a(ePin.o)
 .debug_frame   0x0000064c      0x778 .\CortexM3\ARM_GCC_473\Debug\Design02.a(CyLib.o)
 .debug_frame   0x00000dc4      0x1d0 .\CortexM3\ARM_GCC_473\Debug\Design02.a(cyPm.o)
 .debug_frame   0x00000f94      0x20c .\CortexM3\ARM_GCC_473\Debug\Design02.a(PWM_2.o)
 .debug_frame   0x000011a0      0x198 .\CortexM3\ARM_GCC_473\Debug\Design02.a(Timer_2.o)
 .debug_frame   0x00001338      0x180 .\CortexM3\ARM_GCC_473\Debug\Design02.a(isr_1.o)
 .debug_frame   0x000014b8      0x368 .\CortexM3\ARM_GCC_473\Debug\Design02.a(UART_1.o)
 .debug_frame   0x00001820      0x14c .\CortexM3\ARM_GCC_473\Debug\Design02.a(UART_1_IntClock.o)
 .debug_frame   0x0000196c      0x180 .\CortexM3\ARM_GCC_473\Debug\Design02.a(isr_3.o)
 .debug_frame   0x00001aec      0x198 .\CortexM3\ARM_GCC_473\Debug\Design02.a(Timer_3.o)
 .debug_frame   0x00001c84      0x20c .\CortexM3\ARM_GCC_473\Debug\Design02.a(PWM_3.o)
 .debug_frame   0x00001e90      0x164 .\CortexM3\ARM_GCC_473\Debug\Design02.a(PWM_4.o)
 .debug_frame   0x00001ff4      0x228 .\CortexM3\ARM_GCC_473\Debug\Design02.a(UART_2.o)
 .debug_frame   0x0000221c       0x2c .\CortexM3\ARM_GCC_473\Debug\Design02.a(UART_2_INT.o)
 .debug_frame   0x00002248      0x14c .\CortexM3\ARM_GCC_473\Debug\Design02.a(UART_2_IntClock.o)
 .debug_frame   0x00002394       0x80 .\CortexM3\ARM_GCC_473\Debug\Design02.a(Enable_3.o)
 .debug_frame   0x00002414       0x80 .\CortexM3\ARM_GCC_473\Debug\Design02.a(Enable_4.o)
 .debug_frame   0x00002494       0x80 .\CortexM3\ARM_GCC_473\Debug\Design02.a(foot12.o)
 .debug_frame   0x00002514       0x80 .\CortexM3\ARM_GCC_473\Debug\Design02.a(foot34.o)
 .debug_frame   0x00002594      0x1d4 .\CortexM3\ARM_GCC_473\Debug\Design02.a(Counter_3.o)
 .debug_frame   0x00002768       0x80 .\CortexM3\ARM_GCC_473\Debug\Design02.a(Enable_5.o)
 .debug_frame   0x000027e8       0x80 .\CortexM3\ARM_GCC_473\Debug\Design02.a(Enable_6.o)
 .debug_frame   0x00002868       0x80 .\CortexM3\ARM_GCC_473\Debug\Design02.a(foot78.o)
 .debug_frame   0x000028e8       0x80 .\CortexM3\ARM_GCC_473\Debug\Design02.a(foot56.o)
 .debug_frame   0x00002968      0x1d4 .\CortexM3\ARM_GCC_473\Debug\Design02.a(Counter_1.o)
 .debug_frame   0x00002b3c      0x1d4 .\CortexM3\ARM_GCC_473\Debug\Design02.a(Counter_2.o)
 .debug_frame   0x00002d10      0x1d4 .\CortexM3\ARM_GCC_473\Debug\Design02.a(Counter_4.o)
 .debug_frame   0x00002ee4      0x1d4 .\CortexM3\ARM_GCC_473\Debug\Design02.a(Counter_5.o)
 .debug_frame   0x000030b8      0x1d4 .\CortexM3\ARM_GCC_473\Debug\Design02.a(Counter_6.o)
 .debug_frame   0x0000328c      0x1d4 .\CortexM3\ARM_GCC_473\Debug\Design02.a(Counter_7.o)
 .debug_frame   0x00003460      0x1d4 .\CortexM3\ARM_GCC_473\Debug\Design02.a(Counter_8.o)
 .debug_frame   0x00003634      0x164 .\CortexM3\ARM_GCC_473\Debug\Design02.a(PWM_5.o)
 .debug_frame   0x00003798       0x80 .\CortexM3\ARM_GCC_473\Debug\Design02.a(Enable_7.o)
 .debug_frame   0x00003818       0x80 .\CortexM3\ARM_GCC_473\Debug\Design02.a(Enable_8.o)
 .debug_frame   0x00003898       0x80 .\CortexM3\ARM_GCC_473\Debug\Design02.a(LED1.o)
 .debug_frame   0x00003918       0x80 .\CortexM3\ARM_GCC_473\Debug\Design02.a(LED2.o)
 .debug_frame   0x00003998       0x80 .\CortexM3\ARM_GCC_473\Debug\Design02.a(LED3.o)
 .debug_frame   0x00003a18       0x80 .\CortexM3\ARM_GCC_473\Debug\Design02.a(LED4.o)
 .debug_frame   0x00003a98       0x80 .\CortexM3\ARM_GCC_473\Debug\Design02.a(LED5.o)
 .debug_frame   0x00003b18       0x80 .\CortexM3\ARM_GCC_473\Debug\Design02.a(pinA.o)
 .debug_frame   0x00003b98      0x178 .\CortexM3\ARM_GCC_473\Debug\Design02.a(CyFlash.o)
 .debug_frame   0x00003d10      0x13c .\CortexM3\ARM_GCC_473\Debug\Design02.a(CySpc.o)
 .debug_frame   0x00003e4c       0x28 c:/program files (x86)/cypress/psoc creator/3.0/psoc creator/import/gnu_cs/arm/4.7.3/bin/../lib/gcc/arm-none-eabi/4.7.3/../../../../arm-none-eabi/lib/armv7-m\libc_s.a(lib_a-__atexit2.o)
 .debug_frame   0x00003e74       0x28 c:/program files (x86)/cypress/psoc creator/3.0/psoc creator/import/gnu_cs/arm/4.7.3/bin/../lib/gcc/arm-none-eabi/4.7.3/../../../../arm-none-eabi/lib/armv7-m\libc_s.a(lib_a-exit.o)
 .debug_frame   0x00003e9c       0x2c c:/program files (x86)/cypress/psoc creator/3.0/psoc creator/import/gnu_cs/arm/4.7.3/bin/../lib/gcc/arm-none-eabi/4.7.3/../../../../arm-none-eabi/lib/armv7-m\libc_s.a(lib_a-fini.o)
 .debug_frame   0x00003ec8       0x2c c:/program files (x86)/cypress/psoc creator/3.0/psoc creator/import/gnu_cs/arm/4.7.3/bin/../lib/gcc/arm-none-eabi/4.7.3/../../../../arm-none-eabi/lib/armv7-m\libc_s.a(lib_a-init.o)
 .debug_frame   0x00003ef4       0x28 c:/program files (x86)/cypress/psoc creator/3.0/psoc creator/import/gnu_cs/arm/4.7.3/bin/../lib/gcc/arm-none-eabi/4.7.3/../../../../arm-none-eabi/lib/armv7-m\libc_s.a(lib_a-memcpy.o)
 .debug_frame   0x00003f1c       0x20 c:/program files (x86)/cypress/psoc creator/3.0/psoc creator/import/gnu_cs/arm/4.7.3/bin/../lib/gcc/arm-none-eabi/4.7.3/../../../../arm-none-eabi/lib/armv7-m\libc_s.a(lib_a-memset.o)
 .debug_frame   0x00003f3c       0x58 c:/program files (x86)/cypress/psoc creator/3.0/psoc creator/import/gnu_cs/arm/4.7.3/bin/../lib/gcc/arm-none-eabi/4.7.3/../../../../arm-none-eabi/lib/armv7-m\libc_s.a(lib_a-sprintf.o)