ARM GAS  C:\Users\BIOMIM~1\AppData\Local\Temp\cc2zDI83.s 			page 1


   1              		.syntax unified
   2              		.cpu cortex-m3
   3              		.fpu softvfp
   4              		.eabi_attribute 20, 1
   5              		.eabi_attribute 21, 1
   6              		.eabi_attribute 23, 3
   7              		.eabi_attribute 24, 1
   8              		.eabi_attribute 25, 1
   9              		.eabi_attribute 26, 1
  10              		.eabi_attribute 30, 6
  11              		.eabi_attribute 34, 1
  12              		.eabi_attribute 18, 4
  13              		.thumb
  14              		.file	"QuadDec_4_PM.c"
  15              		.text
  16              	.Ltext0:
  17              		.cfi_sections	.debug_frame
  18              		.bss
  19              		.align	2
  20              	QuadDec_4_backup:
  21 0000 00       		.space	1
  22 0001 000000   		.section	.text.QuadDec_4_SaveConfig,"ax",%progbits
  23              		.align	2
  24              		.global	QuadDec_4_SaveConfig
  25              		.thumb
  26              		.thumb_func
  27              		.type	QuadDec_4_SaveConfig, %function
  28              	QuadDec_4_SaveConfig:
  29              	.LFB0:
  30              		.file 1 ".\\Generated_Source\\PSoC5\\QuadDec_4_PM.c"
   1:.\Generated_Source\PSoC5/QuadDec_4_PM.c **** /*******************************************************************************
   2:.\Generated_Source\PSoC5/QuadDec_4_PM.c **** * File Name: QuadDec_4_PM.c
   3:.\Generated_Source\PSoC5/QuadDec_4_PM.c **** * Version 2.30
   4:.\Generated_Source\PSoC5/QuadDec_4_PM.c **** *
   5:.\Generated_Source\PSoC5/QuadDec_4_PM.c **** * Description:
   6:.\Generated_Source\PSoC5/QuadDec_4_PM.c **** *  This file contains the setup, control and status commands to support 
   7:.\Generated_Source\PSoC5/QuadDec_4_PM.c **** *  component operations in low power mode.  
   8:.\Generated_Source\PSoC5/QuadDec_4_PM.c **** *
   9:.\Generated_Source\PSoC5/QuadDec_4_PM.c **** * Note:
  10:.\Generated_Source\PSoC5/QuadDec_4_PM.c **** *  None.
  11:.\Generated_Source\PSoC5/QuadDec_4_PM.c **** *
  12:.\Generated_Source\PSoC5/QuadDec_4_PM.c **** ********************************************************************************
  13:.\Generated_Source\PSoC5/QuadDec_4_PM.c **** * Copyright 2008-2012, Cypress Semiconductor Corporation.  All rights reserved.
  14:.\Generated_Source\PSoC5/QuadDec_4_PM.c **** * You may use this file only in accordance with the license, terms, conditions,
  15:.\Generated_Source\PSoC5/QuadDec_4_PM.c **** * disclaimers, and limitations in the end user license agreement accompanying
  16:.\Generated_Source\PSoC5/QuadDec_4_PM.c **** * the software package with which this file was provided.
  17:.\Generated_Source\PSoC5/QuadDec_4_PM.c **** *******************************************************************************/
  18:.\Generated_Source\PSoC5/QuadDec_4_PM.c **** 
  19:.\Generated_Source\PSoC5/QuadDec_4_PM.c **** #include "QuadDec_4.h"
  20:.\Generated_Source\PSoC5/QuadDec_4_PM.c **** 
  21:.\Generated_Source\PSoC5/QuadDec_4_PM.c **** static QuadDec_4_BACKUP_STRUCT QuadDec_4_backup = {0u};
  22:.\Generated_Source\PSoC5/QuadDec_4_PM.c **** 
  23:.\Generated_Source\PSoC5/QuadDec_4_PM.c **** 
  24:.\Generated_Source\PSoC5/QuadDec_4_PM.c **** /*******************************************************************************
  25:.\Generated_Source\PSoC5/QuadDec_4_PM.c **** * Function Name: QuadDec_4_SaveConfig
  26:.\Generated_Source\PSoC5/QuadDec_4_PM.c **** ********************************************************************************
  27:.\Generated_Source\PSoC5/QuadDec_4_PM.c **** * Summary:
ARM GAS  C:\Users\BIOMIM~1\AppData\Local\Temp\cc2zDI83.s 			page 2


  28:.\Generated_Source\PSoC5/QuadDec_4_PM.c **** *  Saves the current user configuration of the component.
  29:.\Generated_Source\PSoC5/QuadDec_4_PM.c **** *
  30:.\Generated_Source\PSoC5/QuadDec_4_PM.c **** * Parameters:
  31:.\Generated_Source\PSoC5/QuadDec_4_PM.c **** *  None.
  32:.\Generated_Source\PSoC5/QuadDec_4_PM.c **** *
  33:.\Generated_Source\PSoC5/QuadDec_4_PM.c **** * Return:
  34:.\Generated_Source\PSoC5/QuadDec_4_PM.c **** *  None.
  35:.\Generated_Source\PSoC5/QuadDec_4_PM.c **** *
  36:.\Generated_Source\PSoC5/QuadDec_4_PM.c **** *******************************************************************************/
  37:.\Generated_Source\PSoC5/QuadDec_4_PM.c **** void QuadDec_4_SaveConfig(void) 
  38:.\Generated_Source\PSoC5/QuadDec_4_PM.c **** {
  31              		.loc 1 38 0
  32              		.cfi_startproc
  33              		@ args = 0, pretend = 0, frame = 0
  34              		@ frame_needed = 1, uses_anonymous_args = 0
  35 0000 80B5     		push	{r7, lr}
  36              	.LCFI0:
  37              		.cfi_def_cfa_offset 8
  38              		.cfi_offset 7, -8
  39              		.cfi_offset 14, -4
  40 0002 00AF     		add	r7, sp, #0
  41              	.LCFI1:
  42              		.cfi_def_cfa_register 7
  39:.\Generated_Source\PSoC5/QuadDec_4_PM.c ****     #if (QuadDec_4_COUNTER_SIZE == QuadDec_4_COUNTER_SIZE_8_BIT)
  40:.\Generated_Source\PSoC5/QuadDec_4_PM.c ****         QuadDec_4_Cnt8_SaveConfig();
  41:.\Generated_Source\PSoC5/QuadDec_4_PM.c ****     #else 
  42:.\Generated_Source\PSoC5/QuadDec_4_PM.c ****         /* (QuadDec_4_COUNTER_SIZE == QuadDec_4_COUNTER_SIZE_16_BIT) || 
  43:.\Generated_Source\PSoC5/QuadDec_4_PM.c ****          * (QuadDec_4_COUNTER_SIZE == QuadDec_4_COUNTER_SIZE_32_BIT)
  44:.\Generated_Source\PSoC5/QuadDec_4_PM.c ****          */
  45:.\Generated_Source\PSoC5/QuadDec_4_PM.c ****         QuadDec_4_Cnt16_SaveConfig();
  43              		.loc 1 45 0
  44 0004 FFF7FEFF 		bl	QuadDec_4_Cnt16_SaveConfig
  46:.\Generated_Source\PSoC5/QuadDec_4_PM.c ****     #endif /* (QuadDec_4_COUNTER_SIZE == QuadDec_4_COUNTER_SIZE_8_BIT) */
  47:.\Generated_Source\PSoC5/QuadDec_4_PM.c **** }
  45              		.loc 1 47 0
  46 0008 80BD     		pop	{r7, pc}
  47              		.cfi_endproc
  48              	.LFE0:
  49              		.size	QuadDec_4_SaveConfig, .-QuadDec_4_SaveConfig
  50 000a 00BF     		.section	.text.QuadDec_4_RestoreConfig,"ax",%progbits
  51              		.align	2
  52              		.global	QuadDec_4_RestoreConfig
  53              		.thumb
  54              		.thumb_func
  55              		.type	QuadDec_4_RestoreConfig, %function
  56              	QuadDec_4_RestoreConfig:
  57              	.LFB1:
  48:.\Generated_Source\PSoC5/QuadDec_4_PM.c **** 
  49:.\Generated_Source\PSoC5/QuadDec_4_PM.c **** 
  50:.\Generated_Source\PSoC5/QuadDec_4_PM.c **** /*******************************************************************************
  51:.\Generated_Source\PSoC5/QuadDec_4_PM.c **** * Function Name: QuadDec_4_RestoreConfig
  52:.\Generated_Source\PSoC5/QuadDec_4_PM.c **** ********************************************************************************
  53:.\Generated_Source\PSoC5/QuadDec_4_PM.c **** * Summary:
  54:.\Generated_Source\PSoC5/QuadDec_4_PM.c **** *  Restores the current user configuration of the component.
  55:.\Generated_Source\PSoC5/QuadDec_4_PM.c **** *
  56:.\Generated_Source\PSoC5/QuadDec_4_PM.c **** * Parameters:
  57:.\Generated_Source\PSoC5/QuadDec_4_PM.c **** *  None.
ARM GAS  C:\Users\BIOMIM~1\AppData\Local\Temp\cc2zDI83.s 			page 3


  58:.\Generated_Source\PSoC5/QuadDec_4_PM.c **** *
  59:.\Generated_Source\PSoC5/QuadDec_4_PM.c **** * Return:
  60:.\Generated_Source\PSoC5/QuadDec_4_PM.c **** *  None.
  61:.\Generated_Source\PSoC5/QuadDec_4_PM.c **** *
  62:.\Generated_Source\PSoC5/QuadDec_4_PM.c **** *******************************************************************************/
  63:.\Generated_Source\PSoC5/QuadDec_4_PM.c **** void QuadDec_4_RestoreConfig(void) 
  64:.\Generated_Source\PSoC5/QuadDec_4_PM.c **** {
  58              		.loc 1 64 0
  59              		.cfi_startproc
  60              		@ args = 0, pretend = 0, frame = 0
  61              		@ frame_needed = 1, uses_anonymous_args = 0
  62 0000 80B5     		push	{r7, lr}
  63              	.LCFI2:
  64              		.cfi_def_cfa_offset 8
  65              		.cfi_offset 7, -8
  66              		.cfi_offset 14, -4
  67 0002 00AF     		add	r7, sp, #0
  68              	.LCFI3:
  69              		.cfi_def_cfa_register 7
  65:.\Generated_Source\PSoC5/QuadDec_4_PM.c ****     #if (QuadDec_4_COUNTER_SIZE == QuadDec_4_COUNTER_SIZE_8_BIT)
  66:.\Generated_Source\PSoC5/QuadDec_4_PM.c ****         QuadDec_4_Cnt8_RestoreConfig();
  67:.\Generated_Source\PSoC5/QuadDec_4_PM.c ****     #else 
  68:.\Generated_Source\PSoC5/QuadDec_4_PM.c ****         /* (QuadDec_4_COUNTER_SIZE == QuadDec_4_COUNTER_SIZE_16_BIT) || 
  69:.\Generated_Source\PSoC5/QuadDec_4_PM.c ****          * (QuadDec_4_COUNTER_SIZE == QuadDec_4_COUNTER_SIZE_32_BIT) 
  70:.\Generated_Source\PSoC5/QuadDec_4_PM.c ****          */
  71:.\Generated_Source\PSoC5/QuadDec_4_PM.c ****         QuadDec_4_Cnt16_RestoreConfig();
  70              		.loc 1 71 0
  71 0004 FFF7FEFF 		bl	QuadDec_4_Cnt16_RestoreConfig
  72:.\Generated_Source\PSoC5/QuadDec_4_PM.c ****     #endif /* (QuadDec_4_COUNTER_SIZE == QuadDec_4_COUNTER_SIZE_8_BIT) */
  73:.\Generated_Source\PSoC5/QuadDec_4_PM.c **** }
  72              		.loc 1 73 0
  73 0008 80BD     		pop	{r7, pc}
  74              		.cfi_endproc
  75              	.LFE1:
  76              		.size	QuadDec_4_RestoreConfig, .-QuadDec_4_RestoreConfig
  77 000a 00BF     		.section	.text.QuadDec_4_Sleep,"ax",%progbits
  78              		.align	2
  79              		.global	QuadDec_4_Sleep
  80              		.thumb
  81              		.thumb_func
  82              		.type	QuadDec_4_Sleep, %function
  83              	QuadDec_4_Sleep:
  84              	.LFB2:
  74:.\Generated_Source\PSoC5/QuadDec_4_PM.c **** 
  75:.\Generated_Source\PSoC5/QuadDec_4_PM.c **** 
  76:.\Generated_Source\PSoC5/QuadDec_4_PM.c **** /*******************************************************************************
  77:.\Generated_Source\PSoC5/QuadDec_4_PM.c **** * Function Name: QuadDec_4_Sleep
  78:.\Generated_Source\PSoC5/QuadDec_4_PM.c **** ********************************************************************************
  79:.\Generated_Source\PSoC5/QuadDec_4_PM.c **** * 
  80:.\Generated_Source\PSoC5/QuadDec_4_PM.c **** * Summary:
  81:.\Generated_Source\PSoC5/QuadDec_4_PM.c **** *  Prepare Quadrature Decoder Component goes to sleep.
  82:.\Generated_Source\PSoC5/QuadDec_4_PM.c **** *
  83:.\Generated_Source\PSoC5/QuadDec_4_PM.c **** * Parameters:
  84:.\Generated_Source\PSoC5/QuadDec_4_PM.c **** *  None.
  85:.\Generated_Source\PSoC5/QuadDec_4_PM.c **** *
  86:.\Generated_Source\PSoC5/QuadDec_4_PM.c **** * Return:
  87:.\Generated_Source\PSoC5/QuadDec_4_PM.c **** *  None.
ARM GAS  C:\Users\BIOMIM~1\AppData\Local\Temp\cc2zDI83.s 			page 4


  88:.\Generated_Source\PSoC5/QuadDec_4_PM.c **** *
  89:.\Generated_Source\PSoC5/QuadDec_4_PM.c **** * Global Variables:
  90:.\Generated_Source\PSoC5/QuadDec_4_PM.c **** *  QuadDec_4_backup - modified when non-retention registers are saved.
  91:.\Generated_Source\PSoC5/QuadDec_4_PM.c **** *
  92:.\Generated_Source\PSoC5/QuadDec_4_PM.c **** * Reentrant:
  93:.\Generated_Source\PSoC5/QuadDec_4_PM.c **** *  No.
  94:.\Generated_Source\PSoC5/QuadDec_4_PM.c **** *
  95:.\Generated_Source\PSoC5/QuadDec_4_PM.c **** *******************************************************************************/
  96:.\Generated_Source\PSoC5/QuadDec_4_PM.c **** void QuadDec_4_Sleep(void) 
  97:.\Generated_Source\PSoC5/QuadDec_4_PM.c **** {
  85              		.loc 1 97 0
  86              		.cfi_startproc
  87              		@ args = 0, pretend = 0, frame = 0
  88              		@ frame_needed = 1, uses_anonymous_args = 0
  89 0000 80B5     		push	{r7, lr}
  90              	.LCFI4:
  91              		.cfi_def_cfa_offset 8
  92              		.cfi_offset 7, -8
  93              		.cfi_offset 14, -4
  94 0002 00AF     		add	r7, sp, #0
  95              	.LCFI5:
  96              		.cfi_def_cfa_register 7
  98:.\Generated_Source\PSoC5/QuadDec_4_PM.c ****     if (0u != (QuadDec_4_SR_AUX_CONTROL & QuadDec_4_INTERRUPTS_ENABLE))
  97              		.loc 1 98 0
  98 0004 46F29643 		movw	r3, #25750
  99 0008 C4F20003 		movt	r3, 16384
 100 000c 1B78     		ldrb	r3, [r3, #0]
 101 000e DBB2     		uxtb	r3, r3
 102 0010 03F01003 		and	r3, r3, #16
 103 0014 002B     		cmp	r3, #0
 104 0016 07D0     		beq	.L4
  99:.\Generated_Source\PSoC5/QuadDec_4_PM.c ****     {
 100:.\Generated_Source\PSoC5/QuadDec_4_PM.c ****         QuadDec_4_backup.enableState = 1u;
 105              		.loc 1 100 0
 106 0018 40F20003 		movw	r3, #:lower16:QuadDec_4_backup
 107 001c C0F20003 		movt	r3, #:upper16:QuadDec_4_backup
 108 0020 4FF00102 		mov	r2, #1
 109 0024 1A70     		strb	r2, [r3, #0]
 110 0026 06E0     		b	.L5
 111              	.L4:
 101:.\Generated_Source\PSoC5/QuadDec_4_PM.c ****     }
 102:.\Generated_Source\PSoC5/QuadDec_4_PM.c ****     else /* The Quadrature Decoder Component is disabled */
 103:.\Generated_Source\PSoC5/QuadDec_4_PM.c ****     {
 104:.\Generated_Source\PSoC5/QuadDec_4_PM.c ****         QuadDec_4_backup.enableState = 0u;
 112              		.loc 1 104 0
 113 0028 40F20003 		movw	r3, #:lower16:QuadDec_4_backup
 114 002c C0F20003 		movt	r3, #:upper16:QuadDec_4_backup
 115 0030 4FF00002 		mov	r2, #0
 116 0034 1A70     		strb	r2, [r3, #0]
 117              	.L5:
 105:.\Generated_Source\PSoC5/QuadDec_4_PM.c ****     }
 106:.\Generated_Source\PSoC5/QuadDec_4_PM.c **** 
 107:.\Generated_Source\PSoC5/QuadDec_4_PM.c ****     QuadDec_4_Stop();
 118              		.loc 1 107 0
 119 0036 FFF7FEFF 		bl	QuadDec_4_Stop
 108:.\Generated_Source\PSoC5/QuadDec_4_PM.c ****     QuadDec_4_SaveConfig();
 120              		.loc 1 108 0
ARM GAS  C:\Users\BIOMIM~1\AppData\Local\Temp\cc2zDI83.s 			page 5


 121 003a FFF7FEFF 		bl	QuadDec_4_SaveConfig
 109:.\Generated_Source\PSoC5/QuadDec_4_PM.c **** }
 122              		.loc 1 109 0
 123 003e 80BD     		pop	{r7, pc}
 124              		.cfi_endproc
 125              	.LFE2:
 126              		.size	QuadDec_4_Sleep, .-QuadDec_4_Sleep
 127              		.section	.text.QuadDec_4_Wakeup,"ax",%progbits
 128              		.align	2
 129              		.global	QuadDec_4_Wakeup
 130              		.thumb
 131              		.thumb_func
 132              		.type	QuadDec_4_Wakeup, %function
 133              	QuadDec_4_Wakeup:
 134              	.LFB3:
 110:.\Generated_Source\PSoC5/QuadDec_4_PM.c **** 
 111:.\Generated_Source\PSoC5/QuadDec_4_PM.c **** 
 112:.\Generated_Source\PSoC5/QuadDec_4_PM.c **** /*******************************************************************************
 113:.\Generated_Source\PSoC5/QuadDec_4_PM.c **** * Function Name: QuadDec_4_Wakeup
 114:.\Generated_Source\PSoC5/QuadDec_4_PM.c **** ********************************************************************************
 115:.\Generated_Source\PSoC5/QuadDec_4_PM.c **** *
 116:.\Generated_Source\PSoC5/QuadDec_4_PM.c **** * Summary:
 117:.\Generated_Source\PSoC5/QuadDec_4_PM.c **** *  Prepare Quadrature Decoder Component to wake up.
 118:.\Generated_Source\PSoC5/QuadDec_4_PM.c **** *
 119:.\Generated_Source\PSoC5/QuadDec_4_PM.c **** * Parameters:
 120:.\Generated_Source\PSoC5/QuadDec_4_PM.c **** *  None.
 121:.\Generated_Source\PSoC5/QuadDec_4_PM.c **** *
 122:.\Generated_Source\PSoC5/QuadDec_4_PM.c **** * Return:
 123:.\Generated_Source\PSoC5/QuadDec_4_PM.c **** *  None.
 124:.\Generated_Source\PSoC5/QuadDec_4_PM.c **** *
 125:.\Generated_Source\PSoC5/QuadDec_4_PM.c **** * Global Variables:
 126:.\Generated_Source\PSoC5/QuadDec_4_PM.c **** *  QuadDec_4_backup - used when non-retention registers are restored.
 127:.\Generated_Source\PSoC5/QuadDec_4_PM.c **** *
 128:.\Generated_Source\PSoC5/QuadDec_4_PM.c **** *******************************************************************************/
 129:.\Generated_Source\PSoC5/QuadDec_4_PM.c **** void QuadDec_4_Wakeup(void) 
 130:.\Generated_Source\PSoC5/QuadDec_4_PM.c **** {
 135              		.loc 1 130 0
 136              		.cfi_startproc
 137              		@ args = 0, pretend = 0, frame = 0
 138              		@ frame_needed = 1, uses_anonymous_args = 0
 139 0000 80B5     		push	{r7, lr}
 140              	.LCFI6:
 141              		.cfi_def_cfa_offset 8
 142              		.cfi_offset 7, -8
 143              		.cfi_offset 14, -4
 144 0002 00AF     		add	r7, sp, #0
 145              	.LCFI7:
 146              		.cfi_def_cfa_register 7
 131:.\Generated_Source\PSoC5/QuadDec_4_PM.c ****     QuadDec_4_RestoreConfig();
 147              		.loc 1 131 0
 148 0004 FFF7FEFF 		bl	QuadDec_4_RestoreConfig
 132:.\Generated_Source\PSoC5/QuadDec_4_PM.c **** 
 133:.\Generated_Source\PSoC5/QuadDec_4_PM.c ****     if (QuadDec_4_backup.enableState != 0u)
 149              		.loc 1 133 0
 150 0008 40F20003 		movw	r3, #:lower16:QuadDec_4_backup
 151 000c C0F20003 		movt	r3, #:upper16:QuadDec_4_backup
 152 0010 1B78     		ldrb	r3, [r3, #0]	@ zero_extendqisi2
ARM GAS  C:\Users\BIOMIM~1\AppData\Local\Temp\cc2zDI83.s 			page 6


 153 0012 002B     		cmp	r3, #0
 154 0014 03D0     		beq	.L6
 134:.\Generated_Source\PSoC5/QuadDec_4_PM.c ****     {
 135:.\Generated_Source\PSoC5/QuadDec_4_PM.c ****         #if (QuadDec_4_COUNTER_SIZE == QuadDec_4_COUNTER_SIZE_8_BIT)
 136:.\Generated_Source\PSoC5/QuadDec_4_PM.c ****             QuadDec_4_Cnt8_Enable();
 137:.\Generated_Source\PSoC5/QuadDec_4_PM.c ****         #else 
 138:.\Generated_Source\PSoC5/QuadDec_4_PM.c ****             /* (QuadDec_4_COUNTER_SIZE == QuadDec_4_COUNTER_SIZE_16_BIT) || 
 139:.\Generated_Source\PSoC5/QuadDec_4_PM.c ****             *  (QuadDec_4_COUNTER_SIZE == QuadDec_4_COUNTER_SIZE_32_BIT) 
 140:.\Generated_Source\PSoC5/QuadDec_4_PM.c ****             */
 141:.\Generated_Source\PSoC5/QuadDec_4_PM.c ****             QuadDec_4_Cnt16_Enable();
 155              		.loc 1 141 0
 156 0016 FFF7FEFF 		bl	QuadDec_4_Cnt16_Enable
 142:.\Generated_Source\PSoC5/QuadDec_4_PM.c ****         #endif /* (QuadDec_4_COUNTER_SIZE == QuadDec_4_COUNTER_SIZE_8_BIT) */
 143:.\Generated_Source\PSoC5/QuadDec_4_PM.c **** 
 144:.\Generated_Source\PSoC5/QuadDec_4_PM.c ****         /* Enable component's operation */
 145:.\Generated_Source\PSoC5/QuadDec_4_PM.c ****         QuadDec_4_Enable();
 157              		.loc 1 145 0
 158 001a FFF7FEFF 		bl	QuadDec_4_Enable
 159              	.L6:
 146:.\Generated_Source\PSoC5/QuadDec_4_PM.c ****     } /* Do nothing if component's block was disabled before */
 147:.\Generated_Source\PSoC5/QuadDec_4_PM.c **** }
 160              		.loc 1 147 0
 161 001e 80BD     		pop	{r7, pc}
 162              		.cfi_endproc
 163              	.LFE3:
 164              		.size	QuadDec_4_Wakeup, .-QuadDec_4_Wakeup
 165              		.text
 166              	.Letext0:
 167              		.file 2 ".\\Generated_Source\\PSoC5\\cytypes.h"
 168              		.file 3 ".\\Generated_Source\\PSoC5\\QuadDec_4.h"
 169              		.section	.debug_info,"",%progbits
 170              	.Ldebug_info0:
 171 0000 2E010000 		.4byte	0x12e
 172 0004 0200     		.2byte	0x2
 173 0006 00000000 		.4byte	.Ldebug_abbrev0
 174 000a 04       		.byte	0x4
 175 000b 01       		.uleb128 0x1
 176 000c 7C000000 		.4byte	.LASF20
 177 0010 01       		.byte	0x1
 178 0011 F4000000 		.4byte	.LASF21
 179 0015 0E000000 		.4byte	.LASF22
 180 0019 00000000 		.4byte	.Ldebug_ranges0+0
 181 001d 00000000 		.4byte	0
 182 0021 00000000 		.4byte	0
 183 0025 00000000 		.4byte	.Ldebug_line0
 184 0029 02       		.uleb128 0x2
 185 002a 01       		.byte	0x1
 186 002b 06       		.byte	0x6
 187 002c A6010000 		.4byte	.LASF0
 188 0030 02       		.uleb128 0x2
 189 0031 01       		.byte	0x1
 190 0032 08       		.byte	0x8
 191 0033 3F010000 		.4byte	.LASF1
 192 0037 02       		.uleb128 0x2
 193 0038 02       		.byte	0x2
 194 0039 05       		.byte	0x5
 195 003a DB010000 		.4byte	.LASF2
ARM GAS  C:\Users\BIOMIM~1\AppData\Local\Temp\cc2zDI83.s 			page 7


 196 003e 02       		.uleb128 0x2
 197 003f 02       		.byte	0x2
 198 0040 07       		.byte	0x7
 199 0041 93010000 		.4byte	.LASF3
 200 0045 03       		.uleb128 0x3
 201 0046 04       		.byte	0x4
 202 0047 05       		.byte	0x5
 203 0048 696E7400 		.ascii	"int\000"
 204 004c 02       		.uleb128 0x2
 205 004d 04       		.byte	0x4
 206 004e 07       		.byte	0x7
 207 004f 6F000000 		.4byte	.LASF4
 208 0053 02       		.uleb128 0x2
 209 0054 08       		.byte	0x8
 210 0055 05       		.byte	0x5
 211 0056 00000000 		.4byte	.LASF5
 212 005a 02       		.uleb128 0x2
 213 005b 08       		.byte	0x8
 214 005c 07       		.byte	0x7
 215 005d DD000000 		.4byte	.LASF6
 216 0061 02       		.uleb128 0x2
 217 0062 04       		.byte	0x4
 218 0063 05       		.byte	0x5
 219 0064 5E010000 		.4byte	.LASF7
 220 0068 02       		.uleb128 0x2
 221 0069 04       		.byte	0x4
 222 006a 07       		.byte	0x7
 223 006b EA010000 		.4byte	.LASF8
 224 006f 02       		.uleb128 0x2
 225 0070 04       		.byte	0x4
 226 0071 07       		.byte	0x7
 227 0072 CB000000 		.4byte	.LASF9
 228 0076 02       		.uleb128 0x2
 229 0077 01       		.byte	0x1
 230 0078 08       		.byte	0x8
 231 0079 22010000 		.4byte	.LASF10
 232 007d 04       		.uleb128 0x4
 233 007e C5000000 		.4byte	.LASF13
 234 0082 02       		.byte	0x2
 235 0083 5B       		.byte	0x5b
 236 0084 30000000 		.4byte	0x30
 237 0088 02       		.uleb128 0x2
 238 0089 04       		.byte	0x4
 239 008a 04       		.byte	0x4
 240 008b 1C010000 		.4byte	.LASF11
 241 008f 02       		.uleb128 0x2
 242 0090 08       		.byte	0x8
 243 0091 04       		.byte	0x4
 244 0092 67010000 		.4byte	.LASF12
 245 0096 04       		.uleb128 0x4
 246 0097 E5010000 		.4byte	.LASF14
 247 009b 02       		.byte	0x2
 248 009c F0       		.byte	0xf0
 249 009d A1000000 		.4byte	0xa1
 250 00a1 05       		.uleb128 0x5
 251 00a2 7D000000 		.4byte	0x7d
 252 00a6 06       		.uleb128 0x6
ARM GAS  C:\Users\BIOMIM~1\AppData\Local\Temp\cc2zDI83.s 			page 8


 253 00a7 01       		.byte	0x1
 254 00a8 03       		.byte	0x3
 255 00a9 3D       		.byte	0x3d
 256 00aa BD000000 		.4byte	0xbd
 257 00ae 07       		.uleb128 0x7
 258 00af 63000000 		.4byte	.LASF23
 259 00b3 03       		.byte	0x3
 260 00b4 3F       		.byte	0x3f
 261 00b5 7D000000 		.4byte	0x7d
 262 00b9 02       		.byte	0x2
 263 00ba 23       		.byte	0x23
 264 00bb 00       		.uleb128 0
 265 00bc 00       		.byte	0
 266 00bd 04       		.uleb128 0x4
 267 00be C3010000 		.4byte	.LASF15
 268 00c2 03       		.byte	0x3
 269 00c3 40       		.byte	0x40
 270 00c4 A6000000 		.4byte	0xa6
 271 00c8 08       		.uleb128 0x8
 272 00c9 01       		.byte	0x1
 273 00ca 6E010000 		.4byte	.LASF16
 274 00ce 01       		.byte	0x1
 275 00cf 25       		.byte	0x25
 276 00d0 01       		.byte	0x1
 277 00d1 00000000 		.4byte	.LFB0
 278 00d5 0A000000 		.4byte	.LFE0
 279 00d9 00000000 		.4byte	.LLST0
 280 00dd 01       		.byte	0x1
 281 00de 08       		.uleb128 0x8
 282 00df 01       		.byte	0x1
 283 00e0 27010000 		.4byte	.LASF17
 284 00e4 01       		.byte	0x1
 285 00e5 3F       		.byte	0x3f
 286 00e6 01       		.byte	0x1
 287 00e7 00000000 		.4byte	.LFB1
 288 00eb 0A000000 		.4byte	.LFE1
 289 00ef 2C000000 		.4byte	.LLST1
 290 00f3 01       		.byte	0x1
 291 00f4 08       		.uleb128 0x8
 292 00f5 01       		.byte	0x1
 293 00f6 83010000 		.4byte	.LASF18
 294 00fa 01       		.byte	0x1
 295 00fb 60       		.byte	0x60
 296 00fc 01       		.byte	0x1
 297 00fd 00000000 		.4byte	.LFB2
 298 0101 40000000 		.4byte	.LFE2
 299 0105 58000000 		.4byte	.LLST2
 300 0109 01       		.byte	0x1
 301 010a 08       		.uleb128 0x8
 302 010b 01       		.byte	0x1
 303 010c B2010000 		.4byte	.LASF19
 304 0110 01       		.byte	0x1
 305 0111 81       		.byte	0x81
 306 0112 01       		.byte	0x1
 307 0113 00000000 		.4byte	.LFB3
 308 0117 20000000 		.4byte	.LFE3
 309 011b 84000000 		.4byte	.LLST3
ARM GAS  C:\Users\BIOMIM~1\AppData\Local\Temp\cc2zDI83.s 			page 9


 310 011f 01       		.byte	0x1
 311 0120 09       		.uleb128 0x9
 312 0121 4D010000 		.4byte	.LASF24
 313 0125 01       		.byte	0x1
 314 0126 15       		.byte	0x15
 315 0127 BD000000 		.4byte	0xbd
 316 012b 05       		.byte	0x5
 317 012c 03       		.byte	0x3
 318 012d 00000000 		.4byte	QuadDec_4_backup
 319 0131 00       		.byte	0
 320              		.section	.debug_abbrev,"",%progbits
 321              	.Ldebug_abbrev0:
 322 0000 01       		.uleb128 0x1
 323 0001 11       		.uleb128 0x11
 324 0002 01       		.byte	0x1
 325 0003 25       		.uleb128 0x25
 326 0004 0E       		.uleb128 0xe
 327 0005 13       		.uleb128 0x13
 328 0006 0B       		.uleb128 0xb
 329 0007 03       		.uleb128 0x3
 330 0008 0E       		.uleb128 0xe
 331 0009 1B       		.uleb128 0x1b
 332 000a 0E       		.uleb128 0xe
 333 000b 55       		.uleb128 0x55
 334 000c 06       		.uleb128 0x6
 335 000d 11       		.uleb128 0x11
 336 000e 01       		.uleb128 0x1
 337 000f 52       		.uleb128 0x52
 338 0010 01       		.uleb128 0x1
 339 0011 10       		.uleb128 0x10
 340 0012 06       		.uleb128 0x6
 341 0013 00       		.byte	0
 342 0014 00       		.byte	0
 343 0015 02       		.uleb128 0x2
 344 0016 24       		.uleb128 0x24
 345 0017 00       		.byte	0
 346 0018 0B       		.uleb128 0xb
 347 0019 0B       		.uleb128 0xb
 348 001a 3E       		.uleb128 0x3e
 349 001b 0B       		.uleb128 0xb
 350 001c 03       		.uleb128 0x3
 351 001d 0E       		.uleb128 0xe
 352 001e 00       		.byte	0
 353 001f 00       		.byte	0
 354 0020 03       		.uleb128 0x3
 355 0021 24       		.uleb128 0x24
 356 0022 00       		.byte	0
 357 0023 0B       		.uleb128 0xb
 358 0024 0B       		.uleb128 0xb
 359 0025 3E       		.uleb128 0x3e
 360 0026 0B       		.uleb128 0xb
 361 0027 03       		.uleb128 0x3
 362 0028 08       		.uleb128 0x8
 363 0029 00       		.byte	0
 364 002a 00       		.byte	0
 365 002b 04       		.uleb128 0x4
 366 002c 16       		.uleb128 0x16
ARM GAS  C:\Users\BIOMIM~1\AppData\Local\Temp\cc2zDI83.s 			page 10


 367 002d 00       		.byte	0
 368 002e 03       		.uleb128 0x3
 369 002f 0E       		.uleb128 0xe
 370 0030 3A       		.uleb128 0x3a
 371 0031 0B       		.uleb128 0xb
 372 0032 3B       		.uleb128 0x3b
 373 0033 0B       		.uleb128 0xb
 374 0034 49       		.uleb128 0x49
 375 0035 13       		.uleb128 0x13
 376 0036 00       		.byte	0
 377 0037 00       		.byte	0
 378 0038 05       		.uleb128 0x5
 379 0039 35       		.uleb128 0x35
 380 003a 00       		.byte	0
 381 003b 49       		.uleb128 0x49
 382 003c 13       		.uleb128 0x13
 383 003d 00       		.byte	0
 384 003e 00       		.byte	0
 385 003f 06       		.uleb128 0x6
 386 0040 13       		.uleb128 0x13
 387 0041 01       		.byte	0x1
 388 0042 0B       		.uleb128 0xb
 389 0043 0B       		.uleb128 0xb
 390 0044 3A       		.uleb128 0x3a
 391 0045 0B       		.uleb128 0xb
 392 0046 3B       		.uleb128 0x3b
 393 0047 0B       		.uleb128 0xb
 394 0048 01       		.uleb128 0x1
 395 0049 13       		.uleb128 0x13
 396 004a 00       		.byte	0
 397 004b 00       		.byte	0
 398 004c 07       		.uleb128 0x7
 399 004d 0D       		.uleb128 0xd
 400 004e 00       		.byte	0
 401 004f 03       		.uleb128 0x3
 402 0050 0E       		.uleb128 0xe
 403 0051 3A       		.uleb128 0x3a
 404 0052 0B       		.uleb128 0xb
 405 0053 3B       		.uleb128 0x3b
 406 0054 0B       		.uleb128 0xb
 407 0055 49       		.uleb128 0x49
 408 0056 13       		.uleb128 0x13
 409 0057 38       		.uleb128 0x38
 410 0058 0A       		.uleb128 0xa
 411 0059 00       		.byte	0
 412 005a 00       		.byte	0
 413 005b 08       		.uleb128 0x8
 414 005c 2E       		.uleb128 0x2e
 415 005d 00       		.byte	0
 416 005e 3F       		.uleb128 0x3f
 417 005f 0C       		.uleb128 0xc
 418 0060 03       		.uleb128 0x3
 419 0061 0E       		.uleb128 0xe
 420 0062 3A       		.uleb128 0x3a
 421 0063 0B       		.uleb128 0xb
 422 0064 3B       		.uleb128 0x3b
 423 0065 0B       		.uleb128 0xb
ARM GAS  C:\Users\BIOMIM~1\AppData\Local\Temp\cc2zDI83.s 			page 11


 424 0066 27       		.uleb128 0x27
 425 0067 0C       		.uleb128 0xc
 426 0068 11       		.uleb128 0x11
 427 0069 01       		.uleb128 0x1
 428 006a 12       		.uleb128 0x12
 429 006b 01       		.uleb128 0x1
 430 006c 40       		.uleb128 0x40
 431 006d 06       		.uleb128 0x6
 432 006e 9642     		.uleb128 0x2116
 433 0070 0C       		.uleb128 0xc
 434 0071 00       		.byte	0
 435 0072 00       		.byte	0
 436 0073 09       		.uleb128 0x9
 437 0074 34       		.uleb128 0x34
 438 0075 00       		.byte	0
 439 0076 03       		.uleb128 0x3
 440 0077 0E       		.uleb128 0xe
 441 0078 3A       		.uleb128 0x3a
 442 0079 0B       		.uleb128 0xb
 443 007a 3B       		.uleb128 0x3b
 444 007b 0B       		.uleb128 0xb
 445 007c 49       		.uleb128 0x49
 446 007d 13       		.uleb128 0x13
 447 007e 02       		.uleb128 0x2
 448 007f 0A       		.uleb128 0xa
 449 0080 00       		.byte	0
 450 0081 00       		.byte	0
 451 0082 00       		.byte	0
 452              		.section	.debug_loc,"",%progbits
 453              	.Ldebug_loc0:
 454              	.LLST0:
 455 0000 00000000 		.4byte	.LFB0
 456 0004 02000000 		.4byte	.LCFI0
 457 0008 0200     		.2byte	0x2
 458 000a 7D       		.byte	0x7d
 459 000b 00       		.sleb128 0
 460 000c 02000000 		.4byte	.LCFI0
 461 0010 04000000 		.4byte	.LCFI1
 462 0014 0200     		.2byte	0x2
 463 0016 7D       		.byte	0x7d
 464 0017 08       		.sleb128 8
 465 0018 04000000 		.4byte	.LCFI1
 466 001c 0A000000 		.4byte	.LFE0
 467 0020 0200     		.2byte	0x2
 468 0022 77       		.byte	0x77
 469 0023 08       		.sleb128 8
 470 0024 00000000 		.4byte	0
 471 0028 00000000 		.4byte	0
 472              	.LLST1:
 473 002c 00000000 		.4byte	.LFB1
 474 0030 02000000 		.4byte	.LCFI2
 475 0034 0200     		.2byte	0x2
 476 0036 7D       		.byte	0x7d
 477 0037 00       		.sleb128 0
 478 0038 02000000 		.4byte	.LCFI2
 479 003c 04000000 		.4byte	.LCFI3
 480 0040 0200     		.2byte	0x2
ARM GAS  C:\Users\BIOMIM~1\AppData\Local\Temp\cc2zDI83.s 			page 12


 481 0042 7D       		.byte	0x7d
 482 0043 08       		.sleb128 8
 483 0044 04000000 		.4byte	.LCFI3
 484 0048 0A000000 		.4byte	.LFE1
 485 004c 0200     		.2byte	0x2
 486 004e 77       		.byte	0x77
 487 004f 08       		.sleb128 8
 488 0050 00000000 		.4byte	0
 489 0054 00000000 		.4byte	0
 490              	.LLST2:
 491 0058 00000000 		.4byte	.LFB2
 492 005c 02000000 		.4byte	.LCFI4
 493 0060 0200     		.2byte	0x2
 494 0062 7D       		.byte	0x7d
 495 0063 00       		.sleb128 0
 496 0064 02000000 		.4byte	.LCFI4
 497 0068 04000000 		.4byte	.LCFI5
 498 006c 0200     		.2byte	0x2
 499 006e 7D       		.byte	0x7d
 500 006f 08       		.sleb128 8
 501 0070 04000000 		.4byte	.LCFI5
 502 0074 40000000 		.4byte	.LFE2
 503 0078 0200     		.2byte	0x2
 504 007a 77       		.byte	0x77
 505 007b 08       		.sleb128 8
 506 007c 00000000 		.4byte	0
 507 0080 00000000 		.4byte	0
 508              	.LLST3:
 509 0084 00000000 		.4byte	.LFB3
 510 0088 02000000 		.4byte	.LCFI6
 511 008c 0200     		.2byte	0x2
 512 008e 7D       		.byte	0x7d
 513 008f 00       		.sleb128 0
 514 0090 02000000 		.4byte	.LCFI6
 515 0094 04000000 		.4byte	.LCFI7
 516 0098 0200     		.2byte	0x2
 517 009a 7D       		.byte	0x7d
 518 009b 08       		.sleb128 8
 519 009c 04000000 		.4byte	.LCFI7
 520 00a0 20000000 		.4byte	.LFE3
 521 00a4 0200     		.2byte	0x2
 522 00a6 77       		.byte	0x77
 523 00a7 08       		.sleb128 8
 524 00a8 00000000 		.4byte	0
 525 00ac 00000000 		.4byte	0
 526              		.section	.debug_aranges,"",%progbits
 527 0000 34000000 		.4byte	0x34
 528 0004 0200     		.2byte	0x2
 529 0006 00000000 		.4byte	.Ldebug_info0
 530 000a 04       		.byte	0x4
 531 000b 00       		.byte	0
 532 000c 0000     		.2byte	0
 533 000e 0000     		.2byte	0
 534 0010 00000000 		.4byte	.LFB0
 535 0014 0A000000 		.4byte	.LFE0-.LFB0
 536 0018 00000000 		.4byte	.LFB1
 537 001c 0A000000 		.4byte	.LFE1-.LFB1
ARM GAS  C:\Users\BIOMIM~1\AppData\Local\Temp\cc2zDI83.s 			page 13


 538 0020 00000000 		.4byte	.LFB2
 539 0024 40000000 		.4byte	.LFE2-.LFB2
 540 0028 00000000 		.4byte	.LFB3
 541 002c 20000000 		.4byte	.LFE3-.LFB3
 542 0030 00000000 		.4byte	0
 543 0034 00000000 		.4byte	0
 544              		.section	.debug_ranges,"",%progbits
 545              	.Ldebug_ranges0:
 546 0000 00000000 		.4byte	.LFB0
 547 0004 0A000000 		.4byte	.LFE0
 548 0008 00000000 		.4byte	.LFB1
 549 000c 0A000000 		.4byte	.LFE1
 550 0010 00000000 		.4byte	.LFB2
 551 0014 40000000 		.4byte	.LFE2
 552 0018 00000000 		.4byte	.LFB3
 553 001c 20000000 		.4byte	.LFE3
 554 0020 00000000 		.4byte	0
 555 0024 00000000 		.4byte	0
 556              		.section	.debug_line,"",%progbits
 557              	.Ldebug_line0:
 558 0000 AD000000 		.section	.debug_str,"MS",%progbits,1
 558      02005A00 
 558      00000201 
 558      FB0E0D00 
 558      01010101 
 559              	.LASF5:
 560 0000 6C6F6E67 		.ascii	"long long int\000"
 560      206C6F6E 
 560      6720696E 
 560      7400
 561              	.LASF22:
 562 000e 433A5C55 		.ascii	"C:\\Users\\biomimetics\\Dropbox\\SMC\\PSoC\\PSoC 5\\"
 562      73657273 
 562      5C62696F 
 562      6D696D65 
 562      74696373 
 563 003b 46726F67 		.ascii	"Frog Leg Jacobian Bi-Ped\\Design02.cydsn\000"
 563      204C6567 
 563      204A6163 
 563      6F626961 
 563      6E204269 
 564              	.LASF23:
 565 0063 656E6162 		.ascii	"enableState\000"
 565      6C655374 
 565      61746500 
 566              	.LASF4:
 567 006f 756E7369 		.ascii	"unsigned int\000"
 567      676E6564 
 567      20696E74 
 567      00
 568              	.LASF20:
 569 007c 474E5520 		.ascii	"GNU C 4.7.3 20130312 (release) [ARM/embedded-4_7-br"
 569      4320342E 
 569      372E3320 
 569      32303133 
 569      30333132 
 570 00af 616E6368 		.ascii	"anch revision 196615]\000"
ARM GAS  C:\Users\BIOMIM~1\AppData\Local\Temp\cc2zDI83.s 			page 14


 570      20726576 
 570      6973696F 
 570      6E203139 
 570      36363135 
 571              	.LASF13:
 572 00c5 75696E74 		.ascii	"uint8\000"
 572      3800
 573              	.LASF9:
 574 00cb 6C6F6E67 		.ascii	"long unsigned int\000"
 574      20756E73 
 574      69676E65 
 574      6420696E 
 574      7400
 575              	.LASF6:
 576 00dd 6C6F6E67 		.ascii	"long long unsigned int\000"
 576      206C6F6E 
 576      6720756E 
 576      7369676E 
 576      65642069 
 577              	.LASF21:
 578 00f4 2E5C4765 		.ascii	".\\Generated_Source\\PSoC5\\QuadDec_4_PM.c\000"
 578      6E657261 
 578      7465645F 
 578      536F7572 
 578      63655C50 
 579              	.LASF11:
 580 011c 666C6F61 		.ascii	"float\000"
 580      7400
 581              	.LASF10:
 582 0122 63686172 		.ascii	"char\000"
 582      00
 583              	.LASF17:
 584 0127 51756164 		.ascii	"QuadDec_4_RestoreConfig\000"
 584      4465635F 
 584      345F5265 
 584      73746F72 
 584      65436F6E 
 585              	.LASF1:
 586 013f 756E7369 		.ascii	"unsigned char\000"
 586      676E6564 
 586      20636861 
 586      7200
 587              	.LASF24:
 588 014d 51756164 		.ascii	"QuadDec_4_backup\000"
 588      4465635F 
 588      345F6261 
 588      636B7570 
 588      00
 589              	.LASF7:
 590 015e 6C6F6E67 		.ascii	"long int\000"
 590      20696E74 
 590      00
 591              	.LASF12:
 592 0167 646F7562 		.ascii	"double\000"
 592      6C6500
 593              	.LASF16:
 594 016e 51756164 		.ascii	"QuadDec_4_SaveConfig\000"
ARM GAS  C:\Users\BIOMIM~1\AppData\Local\Temp\cc2zDI83.s 			page 15


 594      4465635F 
 594      345F5361 
 594      7665436F 
 594      6E666967 
 595              	.LASF18:
 596 0183 51756164 		.ascii	"QuadDec_4_Sleep\000"
 596      4465635F 
 596      345F536C 
 596      65657000 
 597              	.LASF3:
 598 0193 73686F72 		.ascii	"short unsigned int\000"
 598      7420756E 
 598      7369676E 
 598      65642069 
 598      6E7400
 599              	.LASF0:
 600 01a6 7369676E 		.ascii	"signed char\000"
 600      65642063 
 600      68617200 
 601              	.LASF19:
 602 01b2 51756164 		.ascii	"QuadDec_4_Wakeup\000"
 602      4465635F 
 602      345F5761 
 602      6B657570 
 602      00
 603              	.LASF15:
 604 01c3 51756164 		.ascii	"QuadDec_4_BACKUP_STRUCT\000"
 604      4465635F 
 604      345F4241 
 604      434B5550 
 604      5F535452 
 605              	.LASF2:
 606 01db 73686F72 		.ascii	"short int\000"
 606      7420696E 
 606      7400
 607              	.LASF14:
 608 01e5 72656738 		.ascii	"reg8\000"
 608      00
 609              	.LASF8:
 610 01ea 73697A65 		.ascii	"sizetype\000"
 610      74797065 
 610      00
 611              		.ident	"GCC: (GNU Tools for ARM Embedded Processors) 4.7.3 20130312 (release) [ARM/embedded-4_7-br
