ARM GAS  C:\Users\HANSSU~1\AppData\Local\Temp\ccC21cMf.s 			page 1


   1              		.syntax unified
   2              		.cpu cortex-m3
   3              		.fpu softvfp
   4              		.eabi_attribute 20, 1
   5              		.eabi_attribute 21, 1
   6              		.eabi_attribute 23, 3
   7              		.eabi_attribute 24, 1
   8              		.eabi_attribute 25, 1
   9              		.eabi_attribute 26, 1
  10              		.eabi_attribute 30, 6
  11              		.eabi_attribute 34, 1
  12              		.eabi_attribute 18, 4
  13              		.thumb
  14              		.file	"UART_1_PM.c"
  15              		.text
  16              	.Ltext0:
  17              		.cfi_sections	.debug_frame
  18              		.bss
  19              		.align	2
  20              	UART_1_backup:
  21 0000 000000   		.space	3
  22 0003 00       		.section	.text.UART_1_SaveConfig,"ax",%progbits
  23              		.align	2
  24              		.global	UART_1_SaveConfig
  25              		.thumb
  26              		.thumb_func
  27              		.type	UART_1_SaveConfig, %function
  28              	UART_1_SaveConfig:
  29              	.LFB0:
  30              		.file 1 ".\\Generated_Source\\PSoC5\\UART_1_PM.c"
   1:.\Generated_Source\PSoC5/UART_1_PM.c **** /*******************************************************************************
   2:.\Generated_Source\PSoC5/UART_1_PM.c **** * File Name: UART_1_PM.c
   3:.\Generated_Source\PSoC5/UART_1_PM.c **** * Version 2.30
   4:.\Generated_Source\PSoC5/UART_1_PM.c **** *
   5:.\Generated_Source\PSoC5/UART_1_PM.c **** * Description:
   6:.\Generated_Source\PSoC5/UART_1_PM.c **** *  This file provides Sleep/WakeUp APIs functionality.
   7:.\Generated_Source\PSoC5/UART_1_PM.c **** *
   8:.\Generated_Source\PSoC5/UART_1_PM.c **** * Note:
   9:.\Generated_Source\PSoC5/UART_1_PM.c **** *
  10:.\Generated_Source\PSoC5/UART_1_PM.c **** ********************************************************************************
  11:.\Generated_Source\PSoC5/UART_1_PM.c **** * Copyright 2008-2012, Cypress Semiconductor Corporation.  All rights reserved.
  12:.\Generated_Source\PSoC5/UART_1_PM.c **** * You may use this file only in accordance with the license, terms, conditions,
  13:.\Generated_Source\PSoC5/UART_1_PM.c **** * disclaimers, and limitations in the end user license agreement accompanying
  14:.\Generated_Source\PSoC5/UART_1_PM.c **** * the software package with which this file was provided.
  15:.\Generated_Source\PSoC5/UART_1_PM.c **** *******************************************************************************/
  16:.\Generated_Source\PSoC5/UART_1_PM.c **** 
  17:.\Generated_Source\PSoC5/UART_1_PM.c **** #include "UART_1.h"
  18:.\Generated_Source\PSoC5/UART_1_PM.c **** 
  19:.\Generated_Source\PSoC5/UART_1_PM.c **** 
  20:.\Generated_Source\PSoC5/UART_1_PM.c **** /***************************************
  21:.\Generated_Source\PSoC5/UART_1_PM.c **** * Local data allocation
  22:.\Generated_Source\PSoC5/UART_1_PM.c **** ***************************************/
  23:.\Generated_Source\PSoC5/UART_1_PM.c **** 
  24:.\Generated_Source\PSoC5/UART_1_PM.c **** static UART_1_BACKUP_STRUCT  UART_1_backup =
  25:.\Generated_Source\PSoC5/UART_1_PM.c **** {
  26:.\Generated_Source\PSoC5/UART_1_PM.c ****     /* enableState - disabled */
  27:.\Generated_Source\PSoC5/UART_1_PM.c ****     0u,
ARM GAS  C:\Users\HANSSU~1\AppData\Local\Temp\ccC21cMf.s 			page 2


  28:.\Generated_Source\PSoC5/UART_1_PM.c **** };
  29:.\Generated_Source\PSoC5/UART_1_PM.c **** 
  30:.\Generated_Source\PSoC5/UART_1_PM.c **** 
  31:.\Generated_Source\PSoC5/UART_1_PM.c **** 
  32:.\Generated_Source\PSoC5/UART_1_PM.c **** /*******************************************************************************
  33:.\Generated_Source\PSoC5/UART_1_PM.c **** * Function Name: UART_1_SaveConfig
  34:.\Generated_Source\PSoC5/UART_1_PM.c **** ********************************************************************************
  35:.\Generated_Source\PSoC5/UART_1_PM.c **** *
  36:.\Generated_Source\PSoC5/UART_1_PM.c **** * Summary:
  37:.\Generated_Source\PSoC5/UART_1_PM.c **** *  Saves the current user configuration.
  38:.\Generated_Source\PSoC5/UART_1_PM.c **** *
  39:.\Generated_Source\PSoC5/UART_1_PM.c **** * Parameters:
  40:.\Generated_Source\PSoC5/UART_1_PM.c **** *  None.
  41:.\Generated_Source\PSoC5/UART_1_PM.c **** *
  42:.\Generated_Source\PSoC5/UART_1_PM.c **** * Return:
  43:.\Generated_Source\PSoC5/UART_1_PM.c **** *  None.
  44:.\Generated_Source\PSoC5/UART_1_PM.c **** *
  45:.\Generated_Source\PSoC5/UART_1_PM.c **** * Global Variables:
  46:.\Generated_Source\PSoC5/UART_1_PM.c **** *  UART_1_backup - modified when non-retention registers are saved.
  47:.\Generated_Source\PSoC5/UART_1_PM.c **** *
  48:.\Generated_Source\PSoC5/UART_1_PM.c **** * Reentrant:
  49:.\Generated_Source\PSoC5/UART_1_PM.c **** *  No.
  50:.\Generated_Source\PSoC5/UART_1_PM.c **** *
  51:.\Generated_Source\PSoC5/UART_1_PM.c **** *******************************************************************************/
  52:.\Generated_Source\PSoC5/UART_1_PM.c **** void UART_1_SaveConfig(void)
  53:.\Generated_Source\PSoC5/UART_1_PM.c **** {
  31              		.loc 1 53 0
  32              		.cfi_startproc
  33              		@ args = 0, pretend = 0, frame = 0
  34              		@ frame_needed = 1, uses_anonymous_args = 0
  35              		@ link register save eliminated.
  36 0000 80B4     		push	{r7}
  37              	.LCFI0:
  38              		.cfi_def_cfa_offset 4
  39              		.cfi_offset 7, -4
  40 0002 00AF     		add	r7, sp, #0
  41              	.LCFI1:
  42              		.cfi_def_cfa_register 7
  54:.\Generated_Source\PSoC5/UART_1_PM.c ****     #if (CY_UDB_V0)
  55:.\Generated_Source\PSoC5/UART_1_PM.c **** 
  56:.\Generated_Source\PSoC5/UART_1_PM.c ****         #if(UART_1_CONTROL_REG_REMOVED == 0u)
  57:.\Generated_Source\PSoC5/UART_1_PM.c ****             UART_1_backup.cr = UART_1_CONTROL_REG;
  58:.\Generated_Source\PSoC5/UART_1_PM.c ****         #endif /* End UART_1_CONTROL_REG_REMOVED */
  59:.\Generated_Source\PSoC5/UART_1_PM.c **** 
  60:.\Generated_Source\PSoC5/UART_1_PM.c ****         #if( (UART_1_RX_ENABLED) || (UART_1_HD_ENABLED) )
  61:.\Generated_Source\PSoC5/UART_1_PM.c ****             UART_1_backup.rx_period = UART_1_RXBITCTR_PERIOD_REG;
  62:.\Generated_Source\PSoC5/UART_1_PM.c ****             UART_1_backup.rx_mask = UART_1_RXSTATUS_MASK_REG;
  63:.\Generated_Source\PSoC5/UART_1_PM.c ****             #if (UART_1_RXHW_ADDRESS_ENABLED)
  64:.\Generated_Source\PSoC5/UART_1_PM.c ****                 UART_1_backup.rx_addr1 = UART_1_RXADDRESS1_REG;
  65:.\Generated_Source\PSoC5/UART_1_PM.c ****                 UART_1_backup.rx_addr2 = UART_1_RXADDRESS2_REG;
  66:.\Generated_Source\PSoC5/UART_1_PM.c ****             #endif /* End UART_1_RXHW_ADDRESS_ENABLED */
  67:.\Generated_Source\PSoC5/UART_1_PM.c ****         #endif /* End UART_1_RX_ENABLED | UART_1_HD_ENABLED*/
  68:.\Generated_Source\PSoC5/UART_1_PM.c **** 
  69:.\Generated_Source\PSoC5/UART_1_PM.c ****         #if(UART_1_TX_ENABLED)
  70:.\Generated_Source\PSoC5/UART_1_PM.c ****             #if(UART_1_TXCLKGEN_DP)
  71:.\Generated_Source\PSoC5/UART_1_PM.c ****                 UART_1_backup.tx_clk_ctr = UART_1_TXBITCLKGEN_CTR_REG;
  72:.\Generated_Source\PSoC5/UART_1_PM.c ****                 UART_1_backup.tx_clk_compl = UART_1_TXBITCLKTX_COMPLETE_REG;
ARM GAS  C:\Users\HANSSU~1\AppData\Local\Temp\ccC21cMf.s 			page 3


  73:.\Generated_Source\PSoC5/UART_1_PM.c ****             #else
  74:.\Generated_Source\PSoC5/UART_1_PM.c ****                 UART_1_backup.tx_period = UART_1_TXBITCTR_PERIOD_REG;
  75:.\Generated_Source\PSoC5/UART_1_PM.c ****             #endif /*End UART_1_TXCLKGEN_DP */
  76:.\Generated_Source\PSoC5/UART_1_PM.c ****             UART_1_backup.tx_mask = UART_1_TXSTATUS_MASK_REG;
  77:.\Generated_Source\PSoC5/UART_1_PM.c ****         #endif /*End UART_1_TX_ENABLED */
  78:.\Generated_Source\PSoC5/UART_1_PM.c **** 
  79:.\Generated_Source\PSoC5/UART_1_PM.c **** 
  80:.\Generated_Source\PSoC5/UART_1_PM.c ****     #else /* CY_UDB_V1 */
  81:.\Generated_Source\PSoC5/UART_1_PM.c **** 
  82:.\Generated_Source\PSoC5/UART_1_PM.c ****         #if(UART_1_CONTROL_REG_REMOVED == 0u)
  83:.\Generated_Source\PSoC5/UART_1_PM.c ****             UART_1_backup.cr = UART_1_CONTROL_REG;
  43              		.loc 1 83 0
  44 0004 46F27843 		movw	r3, #25720
  45 0008 C4F20003 		movt	r3, 16384
  46 000c 1B78     		ldrb	r3, [r3, #0]
  47 000e DAB2     		uxtb	r2, r3
  48 0010 40F20003 		movw	r3, #:lower16:UART_1_backup
  49 0014 C0F20003 		movt	r3, #:upper16:UART_1_backup
  50 0018 5A70     		strb	r2, [r3, #1]
  84:.\Generated_Source\PSoC5/UART_1_PM.c ****         #endif /* End UART_1_CONTROL_REG_REMOVED */
  85:.\Generated_Source\PSoC5/UART_1_PM.c **** 
  86:.\Generated_Source\PSoC5/UART_1_PM.c ****     #endif  /* End CY_UDB_V0 */
  87:.\Generated_Source\PSoC5/UART_1_PM.c **** }
  51              		.loc 1 87 0
  52 001a BD46     		mov	sp, r7
  53 001c 80BC     		pop	{r7}
  54 001e 7047     		bx	lr
  55              		.cfi_endproc
  56              	.LFE0:
  57              		.size	UART_1_SaveConfig, .-UART_1_SaveConfig
  58              		.section	.text.UART_1_RestoreConfig,"ax",%progbits
  59              		.align	2
  60              		.global	UART_1_RestoreConfig
  61              		.thumb
  62              		.thumb_func
  63              		.type	UART_1_RestoreConfig, %function
  64              	UART_1_RestoreConfig:
  65              	.LFB1:
  88:.\Generated_Source\PSoC5/UART_1_PM.c **** 
  89:.\Generated_Source\PSoC5/UART_1_PM.c **** 
  90:.\Generated_Source\PSoC5/UART_1_PM.c **** /*******************************************************************************
  91:.\Generated_Source\PSoC5/UART_1_PM.c **** * Function Name: UART_1_RestoreConfig
  92:.\Generated_Source\PSoC5/UART_1_PM.c **** ********************************************************************************
  93:.\Generated_Source\PSoC5/UART_1_PM.c **** *
  94:.\Generated_Source\PSoC5/UART_1_PM.c **** * Summary:
  95:.\Generated_Source\PSoC5/UART_1_PM.c **** *  Restores the current user configuration.
  96:.\Generated_Source\PSoC5/UART_1_PM.c **** *
  97:.\Generated_Source\PSoC5/UART_1_PM.c **** * Parameters:
  98:.\Generated_Source\PSoC5/UART_1_PM.c **** *  None.
  99:.\Generated_Source\PSoC5/UART_1_PM.c **** *
 100:.\Generated_Source\PSoC5/UART_1_PM.c **** * Return:
 101:.\Generated_Source\PSoC5/UART_1_PM.c **** *  None.
 102:.\Generated_Source\PSoC5/UART_1_PM.c **** *
 103:.\Generated_Source\PSoC5/UART_1_PM.c **** * Global Variables:
 104:.\Generated_Source\PSoC5/UART_1_PM.c **** *  UART_1_backup - used when non-retention registers are restored.
 105:.\Generated_Source\PSoC5/UART_1_PM.c **** *
 106:.\Generated_Source\PSoC5/UART_1_PM.c **** * Reentrant:
ARM GAS  C:\Users\HANSSU~1\AppData\Local\Temp\ccC21cMf.s 			page 4


 107:.\Generated_Source\PSoC5/UART_1_PM.c **** *  No.
 108:.\Generated_Source\PSoC5/UART_1_PM.c **** *
 109:.\Generated_Source\PSoC5/UART_1_PM.c **** *******************************************************************************/
 110:.\Generated_Source\PSoC5/UART_1_PM.c **** void UART_1_RestoreConfig(void)
 111:.\Generated_Source\PSoC5/UART_1_PM.c **** {
  66              		.loc 1 111 0
  67              		.cfi_startproc
  68              		@ args = 0, pretend = 0, frame = 0
  69              		@ frame_needed = 1, uses_anonymous_args = 0
  70              		@ link register save eliminated.
  71 0000 80B4     		push	{r7}
  72              	.LCFI2:
  73              		.cfi_def_cfa_offset 4
  74              		.cfi_offset 7, -4
  75 0002 00AF     		add	r7, sp, #0
  76              	.LCFI3:
  77              		.cfi_def_cfa_register 7
 112:.\Generated_Source\PSoC5/UART_1_PM.c **** 
 113:.\Generated_Source\PSoC5/UART_1_PM.c ****     #if (CY_UDB_V0)
 114:.\Generated_Source\PSoC5/UART_1_PM.c **** 
 115:.\Generated_Source\PSoC5/UART_1_PM.c ****         #if(UART_1_CONTROL_REG_REMOVED == 0u)
 116:.\Generated_Source\PSoC5/UART_1_PM.c ****             UART_1_CONTROL_REG = UART_1_backup.cr;
 117:.\Generated_Source\PSoC5/UART_1_PM.c ****         #endif /* End UART_1_CONTROL_REG_REMOVED */
 118:.\Generated_Source\PSoC5/UART_1_PM.c **** 
 119:.\Generated_Source\PSoC5/UART_1_PM.c ****         #if( (UART_1_RX_ENABLED) || (UART_1_HD_ENABLED) )
 120:.\Generated_Source\PSoC5/UART_1_PM.c ****             UART_1_RXBITCTR_PERIOD_REG = UART_1_backup.rx_period;
 121:.\Generated_Source\PSoC5/UART_1_PM.c ****             UART_1_RXSTATUS_MASK_REG = UART_1_backup.rx_mask;
 122:.\Generated_Source\PSoC5/UART_1_PM.c ****             #if (UART_1_RXHW_ADDRESS_ENABLED)
 123:.\Generated_Source\PSoC5/UART_1_PM.c ****                 UART_1_RXADDRESS1_REG = UART_1_backup.rx_addr1;
 124:.\Generated_Source\PSoC5/UART_1_PM.c ****                 UART_1_RXADDRESS2_REG = UART_1_backup.rx_addr2;
 125:.\Generated_Source\PSoC5/UART_1_PM.c ****             #endif /* End UART_1_RXHW_ADDRESS_ENABLED */
 126:.\Generated_Source\PSoC5/UART_1_PM.c ****         #endif  /* End (UART_1_RX_ENABLED) || (UART_1_HD_ENABLED) */
 127:.\Generated_Source\PSoC5/UART_1_PM.c **** 
 128:.\Generated_Source\PSoC5/UART_1_PM.c ****         #if(UART_1_TX_ENABLED)
 129:.\Generated_Source\PSoC5/UART_1_PM.c ****             #if(UART_1_TXCLKGEN_DP)
 130:.\Generated_Source\PSoC5/UART_1_PM.c ****                 UART_1_TXBITCLKGEN_CTR_REG = UART_1_backup.tx_clk_ctr;
 131:.\Generated_Source\PSoC5/UART_1_PM.c ****                 UART_1_TXBITCLKTX_COMPLETE_REG = UART_1_backup.tx_clk_compl;
 132:.\Generated_Source\PSoC5/UART_1_PM.c ****             #else
 133:.\Generated_Source\PSoC5/UART_1_PM.c ****                 UART_1_TXBITCTR_PERIOD_REG = UART_1_backup.tx_period;
 134:.\Generated_Source\PSoC5/UART_1_PM.c ****             #endif /*End UART_1_TXCLKGEN_DP */
 135:.\Generated_Source\PSoC5/UART_1_PM.c ****             UART_1_TXSTATUS_MASK_REG = UART_1_backup.tx_mask;
 136:.\Generated_Source\PSoC5/UART_1_PM.c ****         #endif /*End UART_1_TX_ENABLED */
 137:.\Generated_Source\PSoC5/UART_1_PM.c **** 
 138:.\Generated_Source\PSoC5/UART_1_PM.c ****     #else /* CY_UDB_V1 */
 139:.\Generated_Source\PSoC5/UART_1_PM.c **** 
 140:.\Generated_Source\PSoC5/UART_1_PM.c ****         #if(UART_1_CONTROL_REG_REMOVED == 0u)
 141:.\Generated_Source\PSoC5/UART_1_PM.c ****             UART_1_CONTROL_REG = UART_1_backup.cr;
  78              		.loc 1 141 0
  79 0004 46F27843 		movw	r3, #25720
  80 0008 C4F20003 		movt	r3, 16384
  81 000c 40F20002 		movw	r2, #:lower16:UART_1_backup
  82 0010 C0F20002 		movt	r2, #:upper16:UART_1_backup
  83 0014 5278     		ldrb	r2, [r2, #1]	@ zero_extendqisi2
  84 0016 1A70     		strb	r2, [r3, #0]
 142:.\Generated_Source\PSoC5/UART_1_PM.c ****         #endif /* End UART_1_CONTROL_REG_REMOVED */
 143:.\Generated_Source\PSoC5/UART_1_PM.c **** 
 144:.\Generated_Source\PSoC5/UART_1_PM.c ****     #endif  /* End CY_UDB_V0 */
ARM GAS  C:\Users\HANSSU~1\AppData\Local\Temp\ccC21cMf.s 			page 5


 145:.\Generated_Source\PSoC5/UART_1_PM.c **** }
  85              		.loc 1 145 0
  86 0018 BD46     		mov	sp, r7
  87 001a 80BC     		pop	{r7}
  88 001c 7047     		bx	lr
  89              		.cfi_endproc
  90              	.LFE1:
  91              		.size	UART_1_RestoreConfig, .-UART_1_RestoreConfig
  92 001e 00BF     		.section	.text.UART_1_Sleep,"ax",%progbits
  93              		.align	2
  94              		.global	UART_1_Sleep
  95              		.thumb
  96              		.thumb_func
  97              		.type	UART_1_Sleep, %function
  98              	UART_1_Sleep:
  99              	.LFB2:
 146:.\Generated_Source\PSoC5/UART_1_PM.c **** 
 147:.\Generated_Source\PSoC5/UART_1_PM.c **** 
 148:.\Generated_Source\PSoC5/UART_1_PM.c **** /*******************************************************************************
 149:.\Generated_Source\PSoC5/UART_1_PM.c **** * Function Name: UART_1_Sleep
 150:.\Generated_Source\PSoC5/UART_1_PM.c **** ********************************************************************************
 151:.\Generated_Source\PSoC5/UART_1_PM.c **** *
 152:.\Generated_Source\PSoC5/UART_1_PM.c **** * Summary:
 153:.\Generated_Source\PSoC5/UART_1_PM.c **** *  Stops and saves the user configuration. Should be called
 154:.\Generated_Source\PSoC5/UART_1_PM.c **** *  just prior to entering sleep.
 155:.\Generated_Source\PSoC5/UART_1_PM.c **** *
 156:.\Generated_Source\PSoC5/UART_1_PM.c **** *
 157:.\Generated_Source\PSoC5/UART_1_PM.c **** * Parameters:
 158:.\Generated_Source\PSoC5/UART_1_PM.c **** *  None.
 159:.\Generated_Source\PSoC5/UART_1_PM.c **** *
 160:.\Generated_Source\PSoC5/UART_1_PM.c **** * Return:
 161:.\Generated_Source\PSoC5/UART_1_PM.c **** *  None.
 162:.\Generated_Source\PSoC5/UART_1_PM.c **** *
 163:.\Generated_Source\PSoC5/UART_1_PM.c **** * Global Variables:
 164:.\Generated_Source\PSoC5/UART_1_PM.c **** *  UART_1_backup - modified when non-retention registers are saved.
 165:.\Generated_Source\PSoC5/UART_1_PM.c **** *
 166:.\Generated_Source\PSoC5/UART_1_PM.c **** * Reentrant:
 167:.\Generated_Source\PSoC5/UART_1_PM.c **** *  No.
 168:.\Generated_Source\PSoC5/UART_1_PM.c **** *
 169:.\Generated_Source\PSoC5/UART_1_PM.c **** *******************************************************************************/
 170:.\Generated_Source\PSoC5/UART_1_PM.c **** void UART_1_Sleep(void)
 171:.\Generated_Source\PSoC5/UART_1_PM.c **** {
 100              		.loc 1 171 0
 101              		.cfi_startproc
 102              		@ args = 0, pretend = 0, frame = 0
 103              		@ frame_needed = 1, uses_anonymous_args = 0
 104 0000 80B5     		push	{r7, lr}
 105              	.LCFI4:
 106              		.cfi_def_cfa_offset 8
 107              		.cfi_offset 7, -8
 108              		.cfi_offset 14, -4
 109 0002 00AF     		add	r7, sp, #0
 110              	.LCFI5:
 111              		.cfi_def_cfa_register 7
 172:.\Generated_Source\PSoC5/UART_1_PM.c **** 
 173:.\Generated_Source\PSoC5/UART_1_PM.c ****     #if(UART_1_RX_ENABLED || UART_1_HD_ENABLED)
 174:.\Generated_Source\PSoC5/UART_1_PM.c ****         if((UART_1_RXSTATUS_ACTL_REG  & UART_1_INT_ENABLE) != 0u)
ARM GAS  C:\Users\HANSSU~1\AppData\Local\Temp\ccC21cMf.s 			page 6


 112              		.loc 1 174 0
 113 0004 46F29843 		movw	r3, #25752
 114 0008 C4F20003 		movt	r3, 16384
 115 000c 1B78     		ldrb	r3, [r3, #0]
 116 000e DBB2     		uxtb	r3, r3
 117 0010 03F01003 		and	r3, r3, #16
 118 0014 002B     		cmp	r3, #0
 119 0016 07D0     		beq	.L4
 175:.\Generated_Source\PSoC5/UART_1_PM.c ****         {
 176:.\Generated_Source\PSoC5/UART_1_PM.c ****             UART_1_backup.enableState = 1u;
 120              		.loc 1 176 0
 121 0018 40F20003 		movw	r3, #:lower16:UART_1_backup
 122 001c C0F20003 		movt	r3, #:upper16:UART_1_backup
 123 0020 4FF00102 		mov	r2, #1
 124 0024 1A70     		strb	r2, [r3, #0]
 125 0026 06E0     		b	.L5
 126              	.L4:
 177:.\Generated_Source\PSoC5/UART_1_PM.c ****         }
 178:.\Generated_Source\PSoC5/UART_1_PM.c ****         else
 179:.\Generated_Source\PSoC5/UART_1_PM.c ****         {
 180:.\Generated_Source\PSoC5/UART_1_PM.c ****             UART_1_backup.enableState = 0u;
 127              		.loc 1 180 0
 128 0028 40F20003 		movw	r3, #:lower16:UART_1_backup
 129 002c C0F20003 		movt	r3, #:upper16:UART_1_backup
 130 0030 4FF00002 		mov	r2, #0
 131 0034 1A70     		strb	r2, [r3, #0]
 132              	.L5:
 181:.\Generated_Source\PSoC5/UART_1_PM.c ****         }
 182:.\Generated_Source\PSoC5/UART_1_PM.c ****     #else
 183:.\Generated_Source\PSoC5/UART_1_PM.c ****         if((UART_1_TXSTATUS_ACTL_REG  & UART_1_INT_ENABLE) !=0u)
 184:.\Generated_Source\PSoC5/UART_1_PM.c ****         {
 185:.\Generated_Source\PSoC5/UART_1_PM.c ****             UART_1_backup.enableState = 1u;
 186:.\Generated_Source\PSoC5/UART_1_PM.c ****         }
 187:.\Generated_Source\PSoC5/UART_1_PM.c ****         else
 188:.\Generated_Source\PSoC5/UART_1_PM.c ****         {
 189:.\Generated_Source\PSoC5/UART_1_PM.c ****             UART_1_backup.enableState = 0u;
 190:.\Generated_Source\PSoC5/UART_1_PM.c ****         }
 191:.\Generated_Source\PSoC5/UART_1_PM.c ****     #endif /* End UART_1_RX_ENABLED || UART_1_HD_ENABLED*/
 192:.\Generated_Source\PSoC5/UART_1_PM.c **** 
 193:.\Generated_Source\PSoC5/UART_1_PM.c ****     UART_1_Stop();
 133              		.loc 1 193 0
 134 0036 FFF7FEFF 		bl	UART_1_Stop
 194:.\Generated_Source\PSoC5/UART_1_PM.c ****     UART_1_SaveConfig();
 135              		.loc 1 194 0
 136 003a FFF7FEFF 		bl	UART_1_SaveConfig
 195:.\Generated_Source\PSoC5/UART_1_PM.c **** }
 137              		.loc 1 195 0
 138 003e 80BD     		pop	{r7, pc}
 139              		.cfi_endproc
 140              	.LFE2:
 141              		.size	UART_1_Sleep, .-UART_1_Sleep
 142              		.section	.text.UART_1_Wakeup,"ax",%progbits
 143              		.align	2
 144              		.global	UART_1_Wakeup
 145              		.thumb
 146              		.thumb_func
 147              		.type	UART_1_Wakeup, %function
ARM GAS  C:\Users\HANSSU~1\AppData\Local\Temp\ccC21cMf.s 			page 7


 148              	UART_1_Wakeup:
 149              	.LFB3:
 196:.\Generated_Source\PSoC5/UART_1_PM.c **** 
 197:.\Generated_Source\PSoC5/UART_1_PM.c **** 
 198:.\Generated_Source\PSoC5/UART_1_PM.c **** /*******************************************************************************
 199:.\Generated_Source\PSoC5/UART_1_PM.c **** * Function Name: UART_1_Wakeup
 200:.\Generated_Source\PSoC5/UART_1_PM.c **** ********************************************************************************
 201:.\Generated_Source\PSoC5/UART_1_PM.c **** *
 202:.\Generated_Source\PSoC5/UART_1_PM.c **** * Summary:
 203:.\Generated_Source\PSoC5/UART_1_PM.c **** *  Restores and enables the user configuration. Should be called
 204:.\Generated_Source\PSoC5/UART_1_PM.c **** *  just after awaking from sleep.
 205:.\Generated_Source\PSoC5/UART_1_PM.c **** *
 206:.\Generated_Source\PSoC5/UART_1_PM.c **** * Parameters:
 207:.\Generated_Source\PSoC5/UART_1_PM.c **** *  None.
 208:.\Generated_Source\PSoC5/UART_1_PM.c **** *
 209:.\Generated_Source\PSoC5/UART_1_PM.c **** * Return:
 210:.\Generated_Source\PSoC5/UART_1_PM.c **** *  None.
 211:.\Generated_Source\PSoC5/UART_1_PM.c **** *
 212:.\Generated_Source\PSoC5/UART_1_PM.c **** * Global Variables:
 213:.\Generated_Source\PSoC5/UART_1_PM.c **** *  UART_1_backup - used when non-retention registers are restored.
 214:.\Generated_Source\PSoC5/UART_1_PM.c **** *
 215:.\Generated_Source\PSoC5/UART_1_PM.c **** * Reentrant:
 216:.\Generated_Source\PSoC5/UART_1_PM.c **** *  No.
 217:.\Generated_Source\PSoC5/UART_1_PM.c **** *
 218:.\Generated_Source\PSoC5/UART_1_PM.c **** *******************************************************************************/
 219:.\Generated_Source\PSoC5/UART_1_PM.c **** void UART_1_Wakeup(void)
 220:.\Generated_Source\PSoC5/UART_1_PM.c **** {
 150              		.loc 1 220 0
 151              		.cfi_startproc
 152              		@ args = 0, pretend = 0, frame = 0
 153              		@ frame_needed = 1, uses_anonymous_args = 0
 154 0000 80B5     		push	{r7, lr}
 155              	.LCFI6:
 156              		.cfi_def_cfa_offset 8
 157              		.cfi_offset 7, -8
 158              		.cfi_offset 14, -4
 159 0002 00AF     		add	r7, sp, #0
 160              	.LCFI7:
 161              		.cfi_def_cfa_register 7
 221:.\Generated_Source\PSoC5/UART_1_PM.c ****     UART_1_RestoreConfig();
 162              		.loc 1 221 0
 163 0004 FFF7FEFF 		bl	UART_1_RestoreConfig
 222:.\Generated_Source\PSoC5/UART_1_PM.c ****     #if( (UART_1_RX_ENABLED) || (UART_1_HD_ENABLED) )
 223:.\Generated_Source\PSoC5/UART_1_PM.c ****         UART_1_ClearRxBuffer();
 164              		.loc 1 223 0
 165 0008 FFF7FEFF 		bl	UART_1_ClearRxBuffer
 224:.\Generated_Source\PSoC5/UART_1_PM.c ****     #endif /* End (UART_1_RX_ENABLED) || (UART_1_HD_ENABLED) */
 225:.\Generated_Source\PSoC5/UART_1_PM.c ****     #if(UART_1_TX_ENABLED || UART_1_HD_ENABLED)
 226:.\Generated_Source\PSoC5/UART_1_PM.c ****         UART_1_ClearTxBuffer();
 166              		.loc 1 226 0
 167 000c FFF7FEFF 		bl	UART_1_ClearTxBuffer
 227:.\Generated_Source\PSoC5/UART_1_PM.c ****     #endif /* End UART_1_TX_ENABLED || UART_1_HD_ENABLED */
 228:.\Generated_Source\PSoC5/UART_1_PM.c **** 
 229:.\Generated_Source\PSoC5/UART_1_PM.c ****     if(UART_1_backup.enableState != 0u)
 168              		.loc 1 229 0
 169 0010 40F20003 		movw	r3, #:lower16:UART_1_backup
 170 0014 C0F20003 		movt	r3, #:upper16:UART_1_backup
ARM GAS  C:\Users\HANSSU~1\AppData\Local\Temp\ccC21cMf.s 			page 8


 171 0018 1B78     		ldrb	r3, [r3, #0]	@ zero_extendqisi2
 172 001a 002B     		cmp	r3, #0
 173 001c 01D0     		beq	.L6
 230:.\Generated_Source\PSoC5/UART_1_PM.c ****     {
 231:.\Generated_Source\PSoC5/UART_1_PM.c ****         UART_1_Enable();
 174              		.loc 1 231 0
 175 001e FFF7FEFF 		bl	UART_1_Enable
 176              	.L6:
 232:.\Generated_Source\PSoC5/UART_1_PM.c ****     }
 233:.\Generated_Source\PSoC5/UART_1_PM.c **** }
 177              		.loc 1 233 0
 178 0022 80BD     		pop	{r7, pc}
 179              		.cfi_endproc
 180              	.LFE3:
 181              		.size	UART_1_Wakeup, .-UART_1_Wakeup
 182              		.text
 183              	.Letext0:
 184              		.file 2 ".\\Generated_Source\\PSoC5\\cytypes.h"
 185              		.file 3 ".\\Generated_Source\\PSoC5\\UART_1.h"
 186              		.section	.debug_info,"",%progbits
 187              	.Ldebug_info0:
 188 0000 4D010000 		.4byte	0x14d
 189 0004 0200     		.2byte	0x2
 190 0006 00000000 		.4byte	.Ldebug_abbrev0
 191 000a 04       		.byte	0x4
 192 000b 01       		.uleb128 0x1
 193 000c 34000000 		.4byte	.LASF22
 194 0010 01       		.byte	0x1
 195 0011 52010000 		.4byte	.LASF23
 196 0015 E6000000 		.4byte	.LASF24
 197 0019 00000000 		.4byte	.Ldebug_ranges0+0
 198 001d 00000000 		.4byte	0
 199 0021 00000000 		.4byte	0
 200 0025 00000000 		.4byte	.Ldebug_line0
 201 0029 02       		.uleb128 0x2
 202 002a 01       		.byte	0x1
 203 002b 06       		.byte	0x6
 204 002c 8A010000 		.4byte	.LASF0
 205 0030 02       		.uleb128 0x2
 206 0031 01       		.byte	0x1
 207 0032 08       		.byte	0x8
 208 0033 D8000000 		.4byte	.LASF1
 209 0037 02       		.uleb128 0x2
 210 0038 02       		.byte	0x2
 211 0039 05       		.byte	0x5
 212 003a B1010000 		.4byte	.LASF2
 213 003e 02       		.uleb128 0x2
 214 003f 02       		.byte	0x2
 215 0040 07       		.byte	0x7
 216 0041 77010000 		.4byte	.LASF3
 217 0045 02       		.uleb128 0x2
 218 0046 04       		.byte	0x4
 219 0047 05       		.byte	0x5
 220 0048 34010000 		.4byte	.LASF4
 221 004c 02       		.uleb128 0x2
 222 004d 04       		.byte	0x4
 223 004e 07       		.byte	0x7
ARM GAS  C:\Users\HANSSU~1\AppData\Local\Temp\ccC21cMf.s 			page 9


 224 004f 83000000 		.4byte	.LASF5
 225 0053 02       		.uleb128 0x2
 226 0054 08       		.byte	0x8
 227 0055 05       		.byte	0x5
 228 0056 00000000 		.4byte	.LASF6
 229 005a 02       		.uleb128 0x2
 230 005b 08       		.byte	0x8
 231 005c 07       		.byte	0x7
 232 005d A7000000 		.4byte	.LASF7
 233 0061 03       		.uleb128 0x3
 234 0062 04       		.byte	0x4
 235 0063 05       		.byte	0x5
 236 0064 696E7400 		.ascii	"int\000"
 237 0068 02       		.uleb128 0x2
 238 0069 04       		.byte	0x4
 239 006a 07       		.byte	0x7
 240 006b 1A000000 		.4byte	.LASF8
 241 006f 04       		.uleb128 0x4
 242 0070 7D000000 		.4byte	.LASF12
 243 0074 02       		.byte	0x2
 244 0075 5B       		.byte	0x5b
 245 0076 30000000 		.4byte	0x30
 246 007a 02       		.uleb128 0x2
 247 007b 04       		.byte	0x4
 248 007c 04       		.byte	0x4
 249 007d AB010000 		.4byte	.LASF9
 250 0081 02       		.uleb128 0x2
 251 0082 08       		.byte	0x8
 252 0083 04       		.byte	0x4
 253 0084 3D010000 		.4byte	.LASF10
 254 0088 02       		.uleb128 0x2
 255 0089 01       		.byte	0x1
 256 008a 08       		.byte	0x8
 257 008b BE000000 		.4byte	.LASF11
 258 008f 04       		.uleb128 0x4
 259 0090 BB010000 		.4byte	.LASF13
 260 0094 02       		.byte	0x2
 261 0095 F0       		.byte	0xf0
 262 0096 9A000000 		.4byte	0x9a
 263 009a 05       		.uleb128 0x5
 264 009b 6F000000 		.4byte	0x6f
 265 009f 02       		.uleb128 0x2
 266 00a0 04       		.byte	0x4
 267 00a1 07       		.byte	0x7
 268 00a2 D8010000 		.4byte	.LASF14
 269 00a6 06       		.uleb128 0x6
 270 00a7 C3000000 		.4byte	.LASF25
 271 00ab 03       		.byte	0x3
 272 00ac 03       		.byte	0x3
 273 00ad 45       		.byte	0x45
 274 00ae DC000000 		.4byte	0xdc
 275 00b2 07       		.uleb128 0x7
 276 00b3 0E000000 		.4byte	.LASF15
 277 00b7 03       		.byte	0x3
 278 00b8 47       		.byte	0x47
 279 00b9 6F000000 		.4byte	0x6f
 280 00bd 02       		.byte	0x2
ARM GAS  C:\Users\HANSSU~1\AppData\Local\Temp\ccC21cMf.s 			page 10


 281 00be 23       		.byte	0x23
 282 00bf 00       		.uleb128 0
 283 00c0 08       		.uleb128 0x8
 284 00c1 637200   		.ascii	"cr\000"
 285 00c4 03       		.byte	0x3
 286 00c5 4A       		.byte	0x4a
 287 00c6 6F000000 		.4byte	0x6f
 288 00ca 02       		.byte	0x2
 289 00cb 23       		.byte	0x23
 290 00cc 01       		.uleb128 0x1
 291 00cd 07       		.uleb128 0x7
 292 00ce CE010000 		.4byte	.LASF16
 293 00d2 03       		.byte	0x3
 294 00d3 4D       		.byte	0x4d
 295 00d4 6F000000 		.4byte	0x6f
 296 00d8 02       		.byte	0x2
 297 00d9 23       		.byte	0x23
 298 00da 02       		.uleb128 0x2
 299 00db 00       		.byte	0
 300 00dc 04       		.uleb128 0x4
 301 00dd E1010000 		.4byte	.LASF17
 302 00e1 03       		.byte	0x3
 303 00e2 64       		.byte	0x64
 304 00e3 A6000000 		.4byte	0xa6
 305 00e7 09       		.uleb128 0x9
 306 00e8 01       		.byte	0x1
 307 00e9 95000000 		.4byte	.LASF18
 308 00ed 01       		.byte	0x1
 309 00ee 34       		.byte	0x34
 310 00ef 01       		.byte	0x1
 311 00f0 00000000 		.4byte	.LFB0
 312 00f4 20000000 		.4byte	.LFE0
 313 00f8 00000000 		.4byte	.LLST0
 314 00fc 01       		.byte	0x1
 315 00fd 09       		.uleb128 0x9
 316 00fe 01       		.byte	0x1
 317 00ff 96010000 		.4byte	.LASF19
 318 0103 01       		.byte	0x1
 319 0104 6E       		.byte	0x6e
 320 0105 01       		.byte	0x1
 321 0106 00000000 		.4byte	.LFB1
 322 010a 1E000000 		.4byte	.LFE1
 323 010e 2C000000 		.4byte	.LLST1
 324 0112 01       		.byte	0x1
 325 0113 0A       		.uleb128 0xa
 326 0114 01       		.byte	0x1
 327 0115 27000000 		.4byte	.LASF20
 328 0119 01       		.byte	0x1
 329 011a AA       		.byte	0xaa
 330 011b 01       		.byte	0x1
 331 011c 00000000 		.4byte	.LFB2
 332 0120 40000000 		.4byte	.LFE2
 333 0124 58000000 		.4byte	.LLST2
 334 0128 01       		.byte	0x1
 335 0129 0A       		.uleb128 0xa
 336 012a 01       		.byte	0x1
 337 012b C0010000 		.4byte	.LASF21
ARM GAS  C:\Users\HANSSU~1\AppData\Local\Temp\ccC21cMf.s 			page 11


 338 012f 01       		.byte	0x1
 339 0130 DB       		.byte	0xdb
 340 0131 01       		.byte	0x1
 341 0132 00000000 		.4byte	.LFB3
 342 0136 24000000 		.4byte	.LFE3
 343 013a 84000000 		.4byte	.LLST3
 344 013e 01       		.byte	0x1
 345 013f 0B       		.uleb128 0xb
 346 0140 44010000 		.4byte	.LASF26
 347 0144 01       		.byte	0x1
 348 0145 18       		.byte	0x18
 349 0146 DC000000 		.4byte	0xdc
 350 014a 05       		.byte	0x5
 351 014b 03       		.byte	0x3
 352 014c 00000000 		.4byte	UART_1_backup
 353 0150 00       		.byte	0
 354              		.section	.debug_abbrev,"",%progbits
 355              	.Ldebug_abbrev0:
 356 0000 01       		.uleb128 0x1
 357 0001 11       		.uleb128 0x11
 358 0002 01       		.byte	0x1
 359 0003 25       		.uleb128 0x25
 360 0004 0E       		.uleb128 0xe
 361 0005 13       		.uleb128 0x13
 362 0006 0B       		.uleb128 0xb
 363 0007 03       		.uleb128 0x3
 364 0008 0E       		.uleb128 0xe
 365 0009 1B       		.uleb128 0x1b
 366 000a 0E       		.uleb128 0xe
 367 000b 55       		.uleb128 0x55
 368 000c 06       		.uleb128 0x6
 369 000d 11       		.uleb128 0x11
 370 000e 01       		.uleb128 0x1
 371 000f 52       		.uleb128 0x52
 372 0010 01       		.uleb128 0x1
 373 0011 10       		.uleb128 0x10
 374 0012 06       		.uleb128 0x6
 375 0013 00       		.byte	0
 376 0014 00       		.byte	0
 377 0015 02       		.uleb128 0x2
 378 0016 24       		.uleb128 0x24
 379 0017 00       		.byte	0
 380 0018 0B       		.uleb128 0xb
 381 0019 0B       		.uleb128 0xb
 382 001a 3E       		.uleb128 0x3e
 383 001b 0B       		.uleb128 0xb
 384 001c 03       		.uleb128 0x3
 385 001d 0E       		.uleb128 0xe
 386 001e 00       		.byte	0
 387 001f 00       		.byte	0
 388 0020 03       		.uleb128 0x3
 389 0021 24       		.uleb128 0x24
 390 0022 00       		.byte	0
 391 0023 0B       		.uleb128 0xb
 392 0024 0B       		.uleb128 0xb
 393 0025 3E       		.uleb128 0x3e
 394 0026 0B       		.uleb128 0xb
ARM GAS  C:\Users\HANSSU~1\AppData\Local\Temp\ccC21cMf.s 			page 12


 395 0027 03       		.uleb128 0x3
 396 0028 08       		.uleb128 0x8
 397 0029 00       		.byte	0
 398 002a 00       		.byte	0
 399 002b 04       		.uleb128 0x4
 400 002c 16       		.uleb128 0x16
 401 002d 00       		.byte	0
 402 002e 03       		.uleb128 0x3
 403 002f 0E       		.uleb128 0xe
 404 0030 3A       		.uleb128 0x3a
 405 0031 0B       		.uleb128 0xb
 406 0032 3B       		.uleb128 0x3b
 407 0033 0B       		.uleb128 0xb
 408 0034 49       		.uleb128 0x49
 409 0035 13       		.uleb128 0x13
 410 0036 00       		.byte	0
 411 0037 00       		.byte	0
 412 0038 05       		.uleb128 0x5
 413 0039 35       		.uleb128 0x35
 414 003a 00       		.byte	0
 415 003b 49       		.uleb128 0x49
 416 003c 13       		.uleb128 0x13
 417 003d 00       		.byte	0
 418 003e 00       		.byte	0
 419 003f 06       		.uleb128 0x6
 420 0040 13       		.uleb128 0x13
 421 0041 01       		.byte	0x1
 422 0042 03       		.uleb128 0x3
 423 0043 0E       		.uleb128 0xe
 424 0044 0B       		.uleb128 0xb
 425 0045 0B       		.uleb128 0xb
 426 0046 3A       		.uleb128 0x3a
 427 0047 0B       		.uleb128 0xb
 428 0048 3B       		.uleb128 0x3b
 429 0049 0B       		.uleb128 0xb
 430 004a 01       		.uleb128 0x1
 431 004b 13       		.uleb128 0x13
 432 004c 00       		.byte	0
 433 004d 00       		.byte	0
 434 004e 07       		.uleb128 0x7
 435 004f 0D       		.uleb128 0xd
 436 0050 00       		.byte	0
 437 0051 03       		.uleb128 0x3
 438 0052 0E       		.uleb128 0xe
 439 0053 3A       		.uleb128 0x3a
 440 0054 0B       		.uleb128 0xb
 441 0055 3B       		.uleb128 0x3b
 442 0056 0B       		.uleb128 0xb
 443 0057 49       		.uleb128 0x49
 444 0058 13       		.uleb128 0x13
 445 0059 38       		.uleb128 0x38
 446 005a 0A       		.uleb128 0xa
 447 005b 00       		.byte	0
 448 005c 00       		.byte	0
 449 005d 08       		.uleb128 0x8
 450 005e 0D       		.uleb128 0xd
 451 005f 00       		.byte	0
ARM GAS  C:\Users\HANSSU~1\AppData\Local\Temp\ccC21cMf.s 			page 13


 452 0060 03       		.uleb128 0x3
 453 0061 08       		.uleb128 0x8
 454 0062 3A       		.uleb128 0x3a
 455 0063 0B       		.uleb128 0xb
 456 0064 3B       		.uleb128 0x3b
 457 0065 0B       		.uleb128 0xb
 458 0066 49       		.uleb128 0x49
 459 0067 13       		.uleb128 0x13
 460 0068 38       		.uleb128 0x38
 461 0069 0A       		.uleb128 0xa
 462 006a 00       		.byte	0
 463 006b 00       		.byte	0
 464 006c 09       		.uleb128 0x9
 465 006d 2E       		.uleb128 0x2e
 466 006e 00       		.byte	0
 467 006f 3F       		.uleb128 0x3f
 468 0070 0C       		.uleb128 0xc
 469 0071 03       		.uleb128 0x3
 470 0072 0E       		.uleb128 0xe
 471 0073 3A       		.uleb128 0x3a
 472 0074 0B       		.uleb128 0xb
 473 0075 3B       		.uleb128 0x3b
 474 0076 0B       		.uleb128 0xb
 475 0077 27       		.uleb128 0x27
 476 0078 0C       		.uleb128 0xc
 477 0079 11       		.uleb128 0x11
 478 007a 01       		.uleb128 0x1
 479 007b 12       		.uleb128 0x12
 480 007c 01       		.uleb128 0x1
 481 007d 40       		.uleb128 0x40
 482 007e 06       		.uleb128 0x6
 483 007f 9742     		.uleb128 0x2117
 484 0081 0C       		.uleb128 0xc
 485 0082 00       		.byte	0
 486 0083 00       		.byte	0
 487 0084 0A       		.uleb128 0xa
 488 0085 2E       		.uleb128 0x2e
 489 0086 00       		.byte	0
 490 0087 3F       		.uleb128 0x3f
 491 0088 0C       		.uleb128 0xc
 492 0089 03       		.uleb128 0x3
 493 008a 0E       		.uleb128 0xe
 494 008b 3A       		.uleb128 0x3a
 495 008c 0B       		.uleb128 0xb
 496 008d 3B       		.uleb128 0x3b
 497 008e 0B       		.uleb128 0xb
 498 008f 27       		.uleb128 0x27
 499 0090 0C       		.uleb128 0xc
 500 0091 11       		.uleb128 0x11
 501 0092 01       		.uleb128 0x1
 502 0093 12       		.uleb128 0x12
 503 0094 01       		.uleb128 0x1
 504 0095 40       		.uleb128 0x40
 505 0096 06       		.uleb128 0x6
 506 0097 9642     		.uleb128 0x2116
 507 0099 0C       		.uleb128 0xc
 508 009a 00       		.byte	0
ARM GAS  C:\Users\HANSSU~1\AppData\Local\Temp\ccC21cMf.s 			page 14


 509 009b 00       		.byte	0
 510 009c 0B       		.uleb128 0xb
 511 009d 34       		.uleb128 0x34
 512 009e 00       		.byte	0
 513 009f 03       		.uleb128 0x3
 514 00a0 0E       		.uleb128 0xe
 515 00a1 3A       		.uleb128 0x3a
 516 00a2 0B       		.uleb128 0xb
 517 00a3 3B       		.uleb128 0x3b
 518 00a4 0B       		.uleb128 0xb
 519 00a5 49       		.uleb128 0x49
 520 00a6 13       		.uleb128 0x13
 521 00a7 02       		.uleb128 0x2
 522 00a8 0A       		.uleb128 0xa
 523 00a9 00       		.byte	0
 524 00aa 00       		.byte	0
 525 00ab 00       		.byte	0
 526              		.section	.debug_loc,"",%progbits
 527              	.Ldebug_loc0:
 528              	.LLST0:
 529 0000 00000000 		.4byte	.LFB0
 530 0004 02000000 		.4byte	.LCFI0
 531 0008 0200     		.2byte	0x2
 532 000a 7D       		.byte	0x7d
 533 000b 00       		.sleb128 0
 534 000c 02000000 		.4byte	.LCFI0
 535 0010 04000000 		.4byte	.LCFI1
 536 0014 0200     		.2byte	0x2
 537 0016 7D       		.byte	0x7d
 538 0017 04       		.sleb128 4
 539 0018 04000000 		.4byte	.LCFI1
 540 001c 20000000 		.4byte	.LFE0
 541 0020 0200     		.2byte	0x2
 542 0022 77       		.byte	0x77
 543 0023 04       		.sleb128 4
 544 0024 00000000 		.4byte	0
 545 0028 00000000 		.4byte	0
 546              	.LLST1:
 547 002c 00000000 		.4byte	.LFB1
 548 0030 02000000 		.4byte	.LCFI2
 549 0034 0200     		.2byte	0x2
 550 0036 7D       		.byte	0x7d
 551 0037 00       		.sleb128 0
 552 0038 02000000 		.4byte	.LCFI2
 553 003c 04000000 		.4byte	.LCFI3
 554 0040 0200     		.2byte	0x2
 555 0042 7D       		.byte	0x7d
 556 0043 04       		.sleb128 4
 557 0044 04000000 		.4byte	.LCFI3
 558 0048 1E000000 		.4byte	.LFE1
 559 004c 0200     		.2byte	0x2
 560 004e 77       		.byte	0x77
 561 004f 04       		.sleb128 4
 562 0050 00000000 		.4byte	0
 563 0054 00000000 		.4byte	0
 564              	.LLST2:
 565 0058 00000000 		.4byte	.LFB2
ARM GAS  C:\Users\HANSSU~1\AppData\Local\Temp\ccC21cMf.s 			page 15


 566 005c 02000000 		.4byte	.LCFI4
 567 0060 0200     		.2byte	0x2
 568 0062 7D       		.byte	0x7d
 569 0063 00       		.sleb128 0
 570 0064 02000000 		.4byte	.LCFI4
 571 0068 04000000 		.4byte	.LCFI5
 572 006c 0200     		.2byte	0x2
 573 006e 7D       		.byte	0x7d
 574 006f 08       		.sleb128 8
 575 0070 04000000 		.4byte	.LCFI5
 576 0074 40000000 		.4byte	.LFE2
 577 0078 0200     		.2byte	0x2
 578 007a 77       		.byte	0x77
 579 007b 08       		.sleb128 8
 580 007c 00000000 		.4byte	0
 581 0080 00000000 		.4byte	0
 582              	.LLST3:
 583 0084 00000000 		.4byte	.LFB3
 584 0088 02000000 		.4byte	.LCFI6
 585 008c 0200     		.2byte	0x2
 586 008e 7D       		.byte	0x7d
 587 008f 00       		.sleb128 0
 588 0090 02000000 		.4byte	.LCFI6
 589 0094 04000000 		.4byte	.LCFI7
 590 0098 0200     		.2byte	0x2
 591 009a 7D       		.byte	0x7d
 592 009b 08       		.sleb128 8
 593 009c 04000000 		.4byte	.LCFI7
 594 00a0 24000000 		.4byte	.LFE3
 595 00a4 0200     		.2byte	0x2
 596 00a6 77       		.byte	0x77
 597 00a7 08       		.sleb128 8
 598 00a8 00000000 		.4byte	0
 599 00ac 00000000 		.4byte	0
 600              		.section	.debug_aranges,"",%progbits
 601 0000 34000000 		.4byte	0x34
 602 0004 0200     		.2byte	0x2
 603 0006 00000000 		.4byte	.Ldebug_info0
 604 000a 04       		.byte	0x4
 605 000b 00       		.byte	0
 606 000c 0000     		.2byte	0
 607 000e 0000     		.2byte	0
 608 0010 00000000 		.4byte	.LFB0
 609 0014 20000000 		.4byte	.LFE0-.LFB0
 610 0018 00000000 		.4byte	.LFB1
 611 001c 1E000000 		.4byte	.LFE1-.LFB1
 612 0020 00000000 		.4byte	.LFB2
 613 0024 40000000 		.4byte	.LFE2-.LFB2
 614 0028 00000000 		.4byte	.LFB3
 615 002c 24000000 		.4byte	.LFE3-.LFB3
 616 0030 00000000 		.4byte	0
 617 0034 00000000 		.4byte	0
 618              		.section	.debug_ranges,"",%progbits
 619              	.Ldebug_ranges0:
 620 0000 00000000 		.4byte	.LFB0
 621 0004 20000000 		.4byte	.LFE0
 622 0008 00000000 		.4byte	.LFB1
ARM GAS  C:\Users\HANSSU~1\AppData\Local\Temp\ccC21cMf.s 			page 16


 623 000c 1E000000 		.4byte	.LFE1
 624 0010 00000000 		.4byte	.LFB2
 625 0014 40000000 		.4byte	.LFE2
 626 0018 00000000 		.4byte	.LFB3
 627 001c 24000000 		.4byte	.LFE3
 628 0020 00000000 		.4byte	0
 629 0024 00000000 		.4byte	0
 630              		.section	.debug_line,"",%progbits
 631              	.Ldebug_line0:
 632 0000 AF000000 		.section	.debug_str,"MS",%progbits,1
 632      02005400 
 632      00000201 
 632      FB0E0D00 
 632      01010101 
 633              	.LASF6:
 634 0000 6C6F6E67 		.ascii	"long long int\000"
 634      206C6F6E 
 634      6720696E 
 634      7400
 635              	.LASF15:
 636 000e 656E6162 		.ascii	"enableState\000"
 636      6C655374 
 636      61746500 
 637              	.LASF8:
 638 001a 756E7369 		.ascii	"unsigned int\000"
 638      676E6564 
 638      20696E74 
 638      00
 639              	.LASF20:
 640 0027 55415254 		.ascii	"UART_1_Sleep\000"
 640      5F315F53 
 640      6C656570 
 640      00
 641              	.LASF22:
 642 0034 474E5520 		.ascii	"GNU C 4.7.3 20130312 (release) [ARM/embedded-4_7-br"
 642      4320342E 
 642      372E3320 
 642      32303133 
 642      30333132 
 643 0067 616E6368 		.ascii	"anch revision 196615]\000"
 643      20726576 
 643      6973696F 
 643      6E203139 
 643      36363135 
 644              	.LASF12:
 645 007d 75696E74 		.ascii	"uint8\000"
 645      3800
 646              	.LASF5:
 647 0083 6C6F6E67 		.ascii	"long unsigned int\000"
 647      20756E73 
 647      69676E65 
 647      6420696E 
 647      7400
 648              	.LASF18:
 649 0095 55415254 		.ascii	"UART_1_SaveConfig\000"
 649      5F315F53 
 649      61766543 
ARM GAS  C:\Users\HANSSU~1\AppData\Local\Temp\ccC21cMf.s 			page 17


 649      6F6E6669 
 649      6700
 650              	.LASF7:
 651 00a7 6C6F6E67 		.ascii	"long long unsigned int\000"
 651      206C6F6E 
 651      6720756E 
 651      7369676E 
 651      65642069 
 652              	.LASF11:
 653 00be 63686172 		.ascii	"char\000"
 653      00
 654              	.LASF25:
 655 00c3 55415254 		.ascii	"UART_1_backupStruct_\000"
 655      5F315F62 
 655      61636B75 
 655      70537472 
 655      7563745F 
 656              	.LASF1:
 657 00d8 756E7369 		.ascii	"unsigned char\000"
 657      676E6564 
 657      20636861 
 657      7200
 658              	.LASF24:
 659 00e6 433A5C55 		.ascii	"C:\\Users\\Hans Susilo\\Documents\\smc\\Frog Leg Ja"
 659      73657273 
 659      5C48616E 
 659      73205375 
 659      73696C6F 
 660 0114 636F6269 		.ascii	"cobian QUADRUPED\\Design02.cydsn\000"
 660      616E2051 
 660      55414452 
 660      55504544 
 660      5C446573 
 661              	.LASF4:
 662 0134 6C6F6E67 		.ascii	"long int\000"
 662      20696E74 
 662      00
 663              	.LASF10:
 664 013d 646F7562 		.ascii	"double\000"
 664      6C6500
 665              	.LASF26:
 666 0144 55415254 		.ascii	"UART_1_backup\000"
 666      5F315F62 
 666      61636B75 
 666      7000
 667              	.LASF23:
 668 0152 2E5C4765 		.ascii	".\\Generated_Source\\PSoC5\\UART_1_PM.c\000"
 668      6E657261 
 668      7465645F 
 668      536F7572 
 668      63655C50 
 669              	.LASF3:
 670 0177 73686F72 		.ascii	"short unsigned int\000"
 670      7420756E 
 670      7369676E 
 670      65642069 
 670      6E7400
ARM GAS  C:\Users\HANSSU~1\AppData\Local\Temp\ccC21cMf.s 			page 18


 671              	.LASF0:
 672 018a 7369676E 		.ascii	"signed char\000"
 672      65642063 
 672      68617200 
 673              	.LASF19:
 674 0196 55415254 		.ascii	"UART_1_RestoreConfig\000"
 674      5F315F52 
 674      6573746F 
 674      7265436F 
 674      6E666967 
 675              	.LASF9:
 676 01ab 666C6F61 		.ascii	"float\000"
 676      7400
 677              	.LASF2:
 678 01b1 73686F72 		.ascii	"short int\000"
 678      7420696E 
 678      7400
 679              	.LASF13:
 680 01bb 72656738 		.ascii	"reg8\000"
 680      00
 681              	.LASF21:
 682 01c0 55415254 		.ascii	"UART_1_Wakeup\000"
 682      5F315F57 
 682      616B6575 
 682      7000
 683              	.LASF16:
 684 01ce 72785F70 		.ascii	"rx_period\000"
 684      6572696F 
 684      6400
 685              	.LASF14:
 686 01d8 73697A65 		.ascii	"sizetype\000"
 686      74797065 
 686      00
 687              	.LASF17:
 688 01e1 55415254 		.ascii	"UART_1_BACKUP_STRUCT\000"
 688      5F315F42 
 688      41434B55 
 688      505F5354 
 688      52554354 
 689              		.ident	"GCC: (GNU Tools for ARM Embedded Processors) 4.7.3 20130312 (release) [ARM/embedded-4_7-br
